---
source: crates/move-analyzer/tests/ide_testsuite.rs
---
== M1.move ========================================================
-- test 0 -------------------
use line: 6, use_ndx: 0, new_name: "Data"
Rename 'MyStruct' to 'Data':
  'MyStruct' at M1.move:6:19 -> 'Data'
  'MyStruct' at M1.move:10:26 -> 'Data'
  'MyStruct' at M1.move:11:9 -> 'Data'
  'MyStruct' at M1.move:14:26 -> 'Data'
  'MyStruct' at M1.move:15:13 -> 'Data'
  'MyStruct' at M2.move:6:28 -> 'Data'
  'MyStruct' at M2.move:8:30 -> 'Data'

-- test 1 -------------------
use line: 7, use_ndx: 0, new_name: "amount"
Rename 'value' to 'amount':
  'value' at M1.move:7:9 -> 'amount'
  'value' at M1.move:11:20 -> 'amount'
  'value' at M1.move:15:24 -> 'amount'

-- test 2 -------------------
use line: 19, use_ndx: 0, new_name: "compute"
Rename 'helper' to 'compute':
  'helper' at M1.move:19:16 -> 'compute'
  'helper' at M1.move:22:9 -> 'compute'
  'helper' at M1.move:22:20 -> 'compute'
  'helper' at M2.move:6:38 -> 'compute'
  'helper' at M2.move:9:17 -> 'compute'

-- test 3 -------------------
use line: 25, use_ndx: 0, new_name: "LIMIT"
Rename 'MY_CONST' to 'LIMIT':
  'MY_CONST' at M1.move:25:11 -> 'LIMIT'
  'MY_CONST' at M1.move:28:9 -> 'LIMIT'
  'MY_CONST' at M1.move:28:20 -> 'LIMIT'

-- test 4 -------------------
use line: 22, use_ndx: 0, new_name: "compute"
Rename 'helper' to 'compute':
  'helper' at M1.move:19:16 -> 'compute'
  'helper' at M1.move:22:9 -> 'compute'
  'helper' at M1.move:22:20 -> 'compute'
  'helper' at M2.move:6:38 -> 'compute'
  'helper' at M2.move:9:17 -> 'compute'

-- test 5 -------------------
use line: 32, use_ndx: 0, new_name: "val"
Rename 'x' to 'val':
  'x' at M1.move:32:13 -> 'val'
  'x' at M1.move:33:17 -> 'val'
  'x' at M1.move:34:18 -> 'val'

== M2.move ========================================================
-- test 0 -------------------
use line: 10, use_ndx: 1, new_name: "make"
Rename 'create' to 'make':
  'create' at M1.move:10:16 -> 'make'
  'create' at M2.move:10:13 -> 'make'

== M3.move ========================================================
-- test 0 -------------------
use line: 6, use_ndx: 1, new_name: "U"
Rename 'T' to 'U':
  'T' at M3.move:6:24 -> 'U'
  'T' at M3.move:6:36 -> 'U'
  'T' at M3.move:6:40 -> 'U'

-- test 1 -------------------
use line: 10, use_ndx: 1, new_name: "U"
Rename 'T' to 'U':
  'T' at M3.move:10:29 -> 'U'
  'T' at M3.move:11:16 -> 'U'

-- test 2 -------------------
use line: 18, use_ndx: 1, new_name: "U"
Rename 'T' to 'U':
  'T' at M3.move:18:25 -> 'U'
  'T' at M3.move:19:14 -> 'U'
