---
source: external-crates/move/crates/move-transactional-test-runner/src/framework.rs
---
processed 8 tasks

init:
A: object(0,0), B: object(0,1)

task 1, lines 7-41:
//# publish
created: object(1,0), object(1,1)
mutated: object(0,2)
gas summary: computation_cost: 1000000, storage_cost: 9241600,  storage_rebate: 0, non_refundable_storage_fee: 0

task 2, lines 43-49:
//# programmable --sender A --inputs object(1,1) 42 @A
//> 0: test::counter::inc(Input(0));
//> 1: test::counter::inc_by(Input(0), Input(1));
//> 2: haneul::coin::value<haneul::haneul::HANEUL>(Gas);
//> 3: test::counter::inc_by(Input(0), Result(2));
//> 4: test::counter::take(Input(0), Input(1));
//> 5: TransferObjects([Result(4)], Input(2))
events: Event { package_id: test, transaction_module: Identifier("counter"), sender: A, type_: StructTag { address: test, module: Identifier("counter"), name: Identifier("NFTMinted"), type_params: [] }, contents: [244, 248, 149, 161, 25, 85, 248, 237, 117, 176, 25, 233, 95, 88, 140, 37, 38, 174, 45, 20, 27, 162, 123, 112, 58, 135, 91, 147, 12, 0, 30, 14] }
created: object(2,0)
mutated: object(0,0), object(1,1)
gas summary: computation_cost: 1000000, storage_cost: 3678400,  storage_rebate: 1346796, non_refundable_storage_fee: 13604

task 3, lines 51-53:
//# programmable --sender A --inputs 42 @B
//> 0: SplitCoins(Gas, [Input(0)]);
//> 1: TransferObjects([Result(0)], Input(1))
created: object(3,0)
mutated: object(0,0)
gas summary: computation_cost: 1000000, storage_cost: 1976000,  storage_rebate: 978120, non_refundable_storage_fee: 9880

task 4, line 55:
//# create-checkpoint
Checkpoint created: 1

task 5, lines 57-68:
//# run-graphql
Response: {
  "data": {
    "transaction": null,
    "transactionEffects": null
  }
}

task 6, lines 70-91:
//# run-graphql
Response: {
  "data": {
    "transactionA": {
      "transactionBcs": "AAADAQHQIgKl5yBpy6D6u+IBAxDI67zCFkMbL1riBete2wX2FwIAAAAAAAAAAQAIKgAAAAAAAAAAIPzMmkIbuxPBpmoaqY8K11Ap7elIV3ecaRW0T5QGi5IeBgA6Y1k1HqHuW8GqoHlOr7wajvxcwXw64gm18b+5bOGPagdjb3VudGVyA2luYwABAQAAADpjWTUeoe5bwaqgeU6vvBqO/FzBfDriCbXxv7ls4Y9qB2NvdW50ZXIGaW5jX2J5AAIBAAABAQAAAAAAAAAAAAAAAAAAAAAAAAAAAAAAAAAAAAAAAAAAAAIEY29pbgV2YWx1ZQEHAAAAAAAAAAAAAAAAAAAAAAAAAAAAAAAAAAAAAAAAAAIGaGFuZXVsBkhBTkVVTAABAAA6Y1k1HqHuW8GqoHlOr7wajvxcwXw64gm18b+5bOGPagdjb3VudGVyBmluY19ieQACAQAAAgIAADpjWTUeoe5bwaqgeU6vvBqO/FzBfDriCbXxv7ls4Y9qB2NvdW50ZXIEdGFrZQACAQAAAQEAAQECBAABAgD8zJpCG7sTwaZqGqmPCtdQKe3pSFd3nGkVtE+UBouSHgHe9dwjzCE9p6j9DbiuGZy7ovr+vFcI1XQzcW90OaqTKAEAAAAAAAAAIK4rz9ASwTILbL7+MTRtGHzWArxRGiIVcgswhRVM+KmE/MyaQhu7E8GmahqpjwrXUCnt6UhXd5xpFbRPlAaLkh7oAwAAAAAAAADyBSoBAAAAAA==",
      "effects": {
        "effectsBcs": "AQAAAAAAAAAAAEBCDwAAAAAAwCA4AAAAAADsjBQAAAAAACQ1AAAAAAAAIJuos4FMW/TE5zblUD3k3Zj0cV9ZTG3BWT573l+Js7v8AQEAAAABIP0nu2nnWwSfbhBiPLl9N12rS35Ne2dpu5adzNSTNG0zAiCw03nrXsiGRMpTDp9gg6gAfktvaXWzaWsSCA2yuPS7hiDbqc2wg8ZDC8ij00/89Bl75EJywurIoO64ZCwe9EpIcwMAAAAAAAAAA9AiAqXnIGnLoPq74gEDEMjrvMIWQxsvWuIF617bBfYXAQIAAAAAAAAAINzdAuO0dtA+dbS4423LvjFatZYDdPOlhyKqdlGgPSoHAgIAAAAAAAAAASAaxMeeD4VLtFNidp5NGfPTKlQ3cfagAzp6NMWRPVAmcgICAAAAAAAAAADe9dwjzCE9p6j9DbiuGZy7ovr+vFcI1XQzcW90OaqTKAEBAAAAAAAAACCuK8/QEsEyC2y+/jE0bRh81gK8URoiFXILMIUVTPiphAD8zJpCG7sTwaZqGqmPCtdQKe3pSFd3nGkVtE+UBouSHgEgVY6BnmT95mluOFi6YVJRzZZfQVbnrLAgd/u048/F3xsA/MyaQhu7E8GmahqpjwrXUCnt6UhXd5xpFbRPlAaLkh4A9PiVoRlV+O11sBnpX1iMJSauLRQbontwOodbkwwAHg4AASDShgYH0/lDSb+wSwyTOZ1DM8ApGOMPyEcemni6AxeGcwD8zJpCG7sTwaZqGqmPCtdQKe3pSFd3nGkVtE+UBouSHgEAAA=="
      }
    },
    "transactionB": {
      "transactionBcs": "AAACAAgqAAAAAAAAAAAgp7AycDh4qnTDEmk1eJ/R1NfhEdWRGwkkfWljBhwxK1oCAgABAQAAAQECAAABAQD8zJpCG7sTwaZqGqmPCtdQKe3pSFd3nGkVtE+UBouSHgHe9dwjzCE9p6j9DbiuGZy7ovr+vFcI1XQzcW90OaqTKAMAAAAAAAAAIFWOgZ5k/eZpbjhYumFSUc2WX0FW56ywIHf7tOPPxd8b/MyaQhu7E8GmahqpjwrXUCnt6UhXd5xpFbRPlAaLkh7oAwAAAAAAAADyBSoBAAAAAA==",
      "effects": {
        "effectsBcs": "AQAAAAAAAAAAAEBCDwAAAAAAwCYeAAAAAADI7A4AAAAAAJgmAAAAAAAAIONfOJ4vZtNI3liJMJmd+idcKvALTfxaB2HBZpCpGoQZAQEAAAAAASCbqLOBTFv0xOc25VA95N2Y9HFfWUxtwVk+e95fibO7/AQAAAAAAAAAAtX2BWeQgjhMV/Y5kcZd8rhRmOB1EyLLxpz22D+lWykIAAEgRUjxd3csbKjy8yzsNX0TsPZ/Ia4p3Cp8nbr0kt91AZ0Ap7AycDh4qnTDEmk1eJ/R1NfhEdWRGwkkfWljBhwxK1oB3vXcI8whPaeo/Q24rhmcu6L6/rxXCNV0M3FvdDmqkygBAwAAAAAAAAAgVY6BnmT95mluOFi6YVJRzZZfQVbnrLAgd/u048/F3xsA/MyaQhu7E8GmahqpjwrXUCnt6UhXd5xpFbRPlAaLkh4BIP7q+kSaA6xtfCbbY11wngdIMVr1VGf+YlmDEuAGowVjAPzMmkIbuxPBpmoaqY8K11Ap7elIV3ecaRW0T5QGi5IeAAAA"
      }
    },
    "effectsA": {
      "effectsBcs": "AQAAAAAAAAAAAEBCDwAAAAAAwCA4AAAAAADsjBQAAAAAACQ1AAAAAAAAIJuos4FMW/TE5zblUD3k3Zj0cV9ZTG3BWT573l+Js7v8AQEAAAABIP0nu2nnWwSfbhBiPLl9N12rS35Ne2dpu5adzNSTNG0zAiCw03nrXsiGRMpTDp9gg6gAfktvaXWzaWsSCA2yuPS7hiDbqc2wg8ZDC8ij00/89Bl75EJywurIoO64ZCwe9EpIcwMAAAAAAAAAA9AiAqXnIGnLoPq74gEDEMjrvMIWQxsvWuIF617bBfYXAQIAAAAAAAAAINzdAuO0dtA+dbS4423LvjFatZYDdPOlhyKqdlGgPSoHAgIAAAAAAAAAASAaxMeeD4VLtFNidp5NGfPTKlQ3cfagAzp6NMWRPVAmcgICAAAAAAAAAADe9dwjzCE9p6j9DbiuGZy7ovr+vFcI1XQzcW90OaqTKAEBAAAAAAAAACCuK8/QEsEyC2y+/jE0bRh81gK8URoiFXILMIUVTPiphAD8zJpCG7sTwaZqGqmPCtdQKe3pSFd3nGkVtE+UBouSHgEgVY6BnmT95mluOFi6YVJRzZZfQVbnrLAgd/u048/F3xsA/MyaQhu7E8GmahqpjwrXUCnt6UhXd5xpFbRPlAaLkh4A9PiVoRlV+O11sBnpX1iMJSauLRQbontwOodbkwwAHg4AASDShgYH0/lDSb+wSwyTOZ1DM8ApGOMPyEcemni6AxeGcwD8zJpCG7sTwaZqGqmPCtdQKe3pSFd3nGkVtE+UBouSHgEAAA==",
      "transaction": {
        "transactionBcs": "AAADAQHQIgKl5yBpy6D6u+IBAxDI67zCFkMbL1riBete2wX2FwIAAAAAAAAAAQAIKgAAAAAAAAAAIPzMmkIbuxPBpmoaqY8K11Ap7elIV3ecaRW0T5QGi5IeBgA6Y1k1HqHuW8GqoHlOr7wajvxcwXw64gm18b+5bOGPagdjb3VudGVyA2luYwABAQAAADpjWTUeoe5bwaqgeU6vvBqO/FzBfDriCbXxv7ls4Y9qB2NvdW50ZXIGaW5jX2J5AAIBAAABAQAAAAAAAAAAAAAAAAAAAAAAAAAAAAAAAAAAAAAAAAAAAAIEY29pbgV2YWx1ZQEHAAAAAAAAAAAAAAAAAAAAAAAAAAAAAAAAAAAAAAAAAAIGaGFuZXVsBkhBTkVVTAABAAA6Y1k1HqHuW8GqoHlOr7wajvxcwXw64gm18b+5bOGPagdjb3VudGVyBmluY19ieQACAQAAAgIAADpjWTUeoe5bwaqgeU6vvBqO/FzBfDriCbXxv7ls4Y9qB2NvdW50ZXIEdGFrZQACAQAAAQEAAQECBAABAgD8zJpCG7sTwaZqGqmPCtdQKe3pSFd3nGkVtE+UBouSHgHe9dwjzCE9p6j9DbiuGZy7ovr+vFcI1XQzcW90OaqTKAEAAAAAAAAAIK4rz9ASwTILbL7+MTRtGHzWArxRGiIVcgswhRVM+KmE/MyaQhu7E8GmahqpjwrXUCnt6UhXd5xpFbRPlAaLkh7oAwAAAAAAAADyBSoBAAAAAA=="
      }
    },
    "effectsB": {
      "effectsBcs": "AQAAAAAAAAAAAEBCDwAAAAAAwCYeAAAAAADI7A4AAAAAAJgmAAAAAAAAIONfOJ4vZtNI3liJMJmd+idcKvALTfxaB2HBZpCpGoQZAQEAAAAAASCbqLOBTFv0xOc25VA95N2Y9HFfWUxtwVk+e95fibO7/AQAAAAAAAAAAtX2BWeQgjhMV/Y5kcZd8rhRmOB1EyLLxpz22D+lWykIAAEgRUjxd3csbKjy8yzsNX0TsPZ/Ia4p3Cp8nbr0kt91AZ0Ap7AycDh4qnTDEmk1eJ/R1NfhEdWRGwkkfWljBhwxK1oB3vXcI8whPaeo/Q24rhmcu6L6/rxXCNV0M3FvdDmqkygBAwAAAAAAAAAgVY6BnmT95mluOFi6YVJRzZZfQVbnrLAgd/u048/F3xsA/MyaQhu7E8GmahqpjwrXUCnt6UhXd5xpFbRPlAaLkh4BIP7q+kSaA6xtfCbbY11wngdIMVr1VGf+YlmDEuAGowVjAPzMmkIbuxPBpmoaqY8K11Ap7elIV3ecaRW0T5QGi5IeAAAA",
      "transaction": {
        "transactionBcs": "AAACAAgqAAAAAAAAAAAgp7AycDh4qnTDEmk1eJ/R1NfhEdWRGwkkfWljBhwxK1oCAgABAQAAAQECAAABAQD8zJpCG7sTwaZqGqmPCtdQKe3pSFd3nGkVtE+UBouSHgHe9dwjzCE9p6j9DbiuGZy7ovr+vFcI1XQzcW90OaqTKAMAAAAAAAAAIFWOgZ5k/eZpbjhYumFSUc2WX0FW56ywIHf7tOPPxd8b/MyaQhu7E8GmahqpjwrXUCnt6UhXd5xpFbRPlAaLkh7oAwAAAAAAAADyBSoBAAAAAA=="
      }
    }
  }
}

task 7, lines 93-110:
//# run-graphql
Response: {
  "data": {
    "multiGetTransactions": [
      {
        "transactionBcs": "AAADAQHQIgKl5yBpy6D6u+IBAxDI67zCFkMbL1riBete2wX2FwIAAAAAAAAAAQAIKgAAAAAAAAAAIPzMmkIbuxPBpmoaqY8K11Ap7elIV3ecaRW0T5QGi5IeBgA6Y1k1HqHuW8GqoHlOr7wajvxcwXw64gm18b+5bOGPagdjb3VudGVyA2luYwABAQAAADpjWTUeoe5bwaqgeU6vvBqO/FzBfDriCbXxv7ls4Y9qB2NvdW50ZXIGaW5jX2J5AAIBAAABAQAAAAAAAAAAAAAAAAAAAAAAAAAAAAAAAAAAAAAAAAAAAAIEY29pbgV2YWx1ZQEHAAAAAAAAAAAAAAAAAAAAAAAAAAAAAAAAAAAAAAAAAAIGaGFuZXVsBkhBTkVVTAABAAA6Y1k1HqHuW8GqoHlOr7wajvxcwXw64gm18b+5bOGPagdjb3VudGVyBmluY19ieQACAQAAAgIAADpjWTUeoe5bwaqgeU6vvBqO/FzBfDriCbXxv7ls4Y9qB2NvdW50ZXIEdGFrZQACAQAAAQEAAQECBAABAgD8zJpCG7sTwaZqGqmPCtdQKe3pSFd3nGkVtE+UBouSHgHe9dwjzCE9p6j9DbiuGZy7ovr+vFcI1XQzcW90OaqTKAEAAAAAAAAAIK4rz9ASwTILbL7+MTRtGHzWArxRGiIVcgswhRVM+KmE/MyaQhu7E8GmahqpjwrXUCnt6UhXd5xpFbRPlAaLkh7oAwAAAAAAAADyBSoBAAAAAA=="
      },
      {
        "transactionBcs": "AAACAAgqAAAAAAAAAAAgp7AycDh4qnTDEmk1eJ/R1NfhEdWRGwkkfWljBhwxK1oCAgABAQAAAQECAAABAQD8zJpCG7sTwaZqGqmPCtdQKe3pSFd3nGkVtE+UBouSHgHe9dwjzCE9p6j9DbiuGZy7ovr+vFcI1XQzcW90OaqTKAMAAAAAAAAAIFWOgZ5k/eZpbjhYumFSUc2WX0FW56ywIHf7tOPPxd8b/MyaQhu7E8GmahqpjwrXUCnt6UhXd5xpFbRPlAaLkh7oAwAAAAAAAADyBSoBAAAAAA=="
      }
    ],
    "multiGetTransactionEffects": [
      {
        "digest": "BUdPpCmeL8Uwoj3MMQm6yk2Bay2s9VvQrazEbXDeAsQ7",
        "effectsDigest": "7VxoZYFDq24P1KW4bBkM394G1VgQBmrJgtYAJhv5oYoH",
        "effectsBcs": "AQAAAAAAAAAAAEBCDwAAAAAAwCA4AAAAAADsjBQAAAAAACQ1AAAAAAAAIJuos4FMW/TE5zblUD3k3Zj0cV9ZTG3BWT573l+Js7v8AQEAAAABIP0nu2nnWwSfbhBiPLl9N12rS35Ne2dpu5adzNSTNG0zAiCw03nrXsiGRMpTDp9gg6gAfktvaXWzaWsSCA2yuPS7hiDbqc2wg8ZDC8ij00/89Bl75EJywurIoO64ZCwe9EpIcwMAAAAAAAAAA9AiAqXnIGnLoPq74gEDEMjrvMIWQxsvWuIF617bBfYXAQIAAAAAAAAAINzdAuO0dtA+dbS4423LvjFatZYDdPOlhyKqdlGgPSoHAgIAAAAAAAAAASAaxMeeD4VLtFNidp5NGfPTKlQ3cfagAzp6NMWRPVAmcgICAAAAAAAAAADe9dwjzCE9p6j9DbiuGZy7ovr+vFcI1XQzcW90OaqTKAEBAAAAAAAAACCuK8/QEsEyC2y+/jE0bRh81gK8URoiFXILMIUVTPiphAD8zJpCG7sTwaZqGqmPCtdQKe3pSFd3nGkVtE+UBouSHgEgVY6BnmT95mluOFi6YVJRzZZfQVbnrLAgd/u048/F3xsA/MyaQhu7E8GmahqpjwrXUCnt6UhXd5xpFbRPlAaLkh4A9PiVoRlV+O11sBnpX1iMJSauLRQbontwOodbkwwAHg4AASDShgYH0/lDSb+wSwyTOZ1DM8ApGOMPyEcemni6AxeGcwD8zJpCG7sTwaZqGqmPCtdQKe3pSFd3nGkVtE+UBouSHgEAAA=="
      },
      {
        "digest": "GJZmAbGVkYNgH7Fg2Z6nZ4gqTPfyRKtqYJBrRUo6DhDJ",
        "effectsDigest": "4QGRtsqhSP815NQRXFtqycGWuiEhPN2g9BV6bnpHgYek",
        "effectsBcs": "AQAAAAAAAAAAAEBCDwAAAAAAwCYeAAAAAADI7A4AAAAAAJgmAAAAAAAAIONfOJ4vZtNI3liJMJmd+idcKvALTfxaB2HBZpCpGoQZAQEAAAAAASCbqLOBTFv0xOc25VA95N2Y9HFfWUxtwVk+e95fibO7/AQAAAAAAAAAAtX2BWeQgjhMV/Y5kcZd8rhRmOB1EyLLxpz22D+lWykIAAEgRUjxd3csbKjy8yzsNX0TsPZ/Ia4p3Cp8nbr0kt91AZ0Ap7AycDh4qnTDEmk1eJ/R1NfhEdWRGwkkfWljBhwxK1oB3vXcI8whPaeo/Q24rhmcu6L6/rxXCNV0M3FvdDmqkygBAwAAAAAAAAAgVY6BnmT95mluOFi6YVJRzZZfQVbnrLAgd/u048/F3xsA/MyaQhu7E8GmahqpjwrXUCnt6UhXd5xpFbRPlAaLkh4BIP7q+kSaA6xtfCbbY11wngdIMVr1VGf+YlmDEuAGowVjAPzMmkIbuxPBpmoaqY8K11Ap7elIV3ecaRW0T5QGi5IeAAAA"
      }
    ]
  }
}
