---
source: external-crates/move/crates/move-transactional-test-runner/src/framework.rs
---
processed 14 tasks

init:
A: object(0,0)

task 1, lines 7-26:
//# publish
created: object(1,0)
mutated: object(0,1)
gas summary: computation_cost: 1000000, storage_cost: 5586000,  storage_rebate: 0, non_refundable_storage_fee: 0

task 2, line 28:
//# run Test::M1::create --sender A --args 0 @A
created: object(2,0)
mutated: object(0,0)
gas summary: computation_cost: 1000000, storage_cost: 2302800,  storage_rebate: 0, non_refundable_storage_fee: 0

task 3, line 30:
//# create-checkpoint
Checkpoint created: 1

task 4, line 32:
//# advance-epoch
Epoch advanced: 1

task 5, line 34:
//# run Test::M1::create --sender A --args 1 @A
created: object(5,0)
mutated: object(0,0)
gas summary: computation_cost: 1000000, storage_cost: 2302800,  storage_rebate: 978120, non_refundable_storage_fee: 9880

task 6, line 36:
//# create-checkpoint
Checkpoint created: 3

task 7, line 38:
//# advance-epoch
Epoch advanced: 2

task 8, line 40:
//# run Test::M1::create --sender A --args 2 @A
created: object(8,0)
mutated: object(0,0)
gas summary: computation_cost: 1000000, storage_cost: 2302800,  storage_rebate: 978120, non_refundable_storage_fee: 9880

task 9, line 42:
//# create-checkpoint
Checkpoint created: 5

task 10, line 44:
//# advance-epoch
Epoch advanced: 3

task 11, line 46:
//# run Test::M1::create --sender A --args 3 @A
created: object(11,0)
mutated: object(0,0)
gas summary: computation_cost: 1000000, storage_cost: 2302800,  storage_rebate: 978120, non_refundable_storage_fee: 9880

task 12, line 48:
//# create-checkpoint
Checkpoint created: 7

task 13, lines 50-73:
//# run-graphql
Response: {
  "data": {
    "transactions": {
      "pageInfo": {
        "startCursor": "KAE6BAgAEAA=",
        "endCursor": "KAE6BAgAEAk=",
        "hasPreviousPage": false,
        "hasNextPage": true
      },
      "edges": [
        {
          "cursor": "KAE6BAgAEAA=",
          "node": {
            "digest": "5KUU2A1vz54ZVF5M8gpLX74LgfWK6nQj9wFHgGfH2xZQ",
            "effects": {
              "checkpoint": {
                "sequenceNumber": 0,
                "digest": "3y1VCjdmikgugkHRmwgt9NdfknG12ciDT5SVCTC3KpdN"
              }
            }
          }
        },
        {
          "cursor": "KAE6BAgAEAE=",
          "node": {
            "digest": "4Zt3MynZXDV59DPZiZkbpEAVzVt7b7UTcKsahxDLEqBY",
            "effects": {
              "checkpoint": {
                "sequenceNumber": 1,
                "digest": "8swubqdwjG3QYjg3R9eCePohSymgA8SShiKycZdrMVAX"
              }
            }
          }
        },
        {
          "cursor": "KAE6BAgAEAI=",
          "node": {
            "digest": "5L5jzj7SXL9WNd7P5qbT5euP4r6XQCp94hfFZohz8wHC",
            "effects": {
              "checkpoint": {
                "sequenceNumber": 1,
                "digest": "8swubqdwjG3QYjg3R9eCePohSymgA8SShiKycZdrMVAX"
              }
            }
          }
        },
        {
          "cursor": "KAE6BAgAEAM=",
          "node": {
            "digest": "FnRLaJFCiQDLmx8HEJsaNfLAnGX1TULDnuLWBhDrLACm",
            "effects": {
              "checkpoint": {
                "sequenceNumber": 1,
                "digest": "8swubqdwjG3QYjg3R9eCePohSymgA8SShiKycZdrMVAX"
              }
            }
          }
        },
        {
          "cursor": "KAE6BAgAEAQ=",
          "node": {
            "digest": "6HG8TrcdQ7tiA5Hn6Hv21g9xn6qBiKoRJ2YRQCwyjcy4",
            "effects": {
              "checkpoint": {
                "sequenceNumber": 2,
                "digest": "DeiBmbzUBNn2dF9U1NsDAv26dB2v5eRrhDu7abmKsJdW"
              }
            }
          }
        },
        {
          "cursor": "KAE6BAgAEAU=",
          "node": {
            "digest": "CQAsweNJ1e82rkGLmsj8hHt8Ae89CBgVrEbChWRyQ6Ea",
            "effects": {
              "checkpoint": {
                "sequenceNumber": 3,
                "digest": "7uEgWat8SWWw9aJWFatFKTicH7DhNVBoWgvHaDW1FngU"
              }
            }
          }
        },
        {
          "cursor": "KAE6BAgAEAY=",
          "node": {
            "digest": "DKkZzc9QZeYigRNaEofwDKTuuZ5KeSkyWq6gWjyojZSV",
            "effects": {
              "checkpoint": {
                "sequenceNumber": 3,
                "digest": "7uEgWat8SWWw9aJWFatFKTicH7DhNVBoWgvHaDW1FngU"
              }
            }
          }
        },
        {
          "cursor": "KAE6BAgAEAc=",
          "node": {
            "digest": "BuGxnke3S5AzN6vW2eab1viKSzikfyTnzY56qcL8WAeQ",
            "effects": {
              "checkpoint": {
                "sequenceNumber": 4,
                "digest": "4LjCLjGrviMwsYz9arbgVFkvtZiXaJG4vEXJVDiXka4U"
              }
            }
          }
        },
        {
          "cursor": "KAE6BAgAEAg=",
          "node": {
            "digest": "33evcqoDEYiK5dSSzdG53afXccnbYaHhW5XhRGFQRFKJ",
            "effects": {
              "checkpoint": {
                "sequenceNumber": 5,
                "digest": "7h1gEZiqkAM8ZFbv1VrUvJFQdg2Kd8tb4fBcnADWuMBT"
              }
            }
          }
        },
        {
          "cursor": "KAE6BAgAEAk=",
          "node": {
            "digest": "DyvEoKxh9cgtdtNTBRPEUbq8XzDBnEr5PePbZMeVHgun",
            "effects": {
              "checkpoint": {
                "sequenceNumber": 5,
                "digest": "7h1gEZiqkAM8ZFbv1VrUvJFQdg2Kd8tb4fBcnADWuMBT"
              }
            }
          }
        }
      ]
    }
  }
}
