---
source: external-crates/move/crates/move-transactional-test-runner/src/framework.rs
---
processed 6 tasks

init:
A: object(0,0), B: object(0,1), C: object(0,2)

task 1, lines 7-9:
//# programmable --sender A --inputs 42 @B
//> 0: SplitCoins(Gas, [Input(0)]);
//> 1: TransferObjects([Result(0)], Input(1))
created: object(1,0)
mutated: object(0,0)
gas summary: computation_cost: 1000000, storage_cost: 1976000,  storage_rebate: 0, non_refundable_storage_fee: 0

task 2, lines 11-13:
//# programmable --sender B --sponsor C --inputs 43 @A
//> 0: SplitCoins(Gas, [Input(0)]);
//> 1: TransferObjects([Result(0)], Input(1))
created: object(2,0)
mutated: object(0,2)
gas summary: computation_cost: 1000000, storage_cost: 1976000,  storage_rebate: 0, non_refundable_storage_fee: 0

task 3, line 15:
//# create-checkpoint
Checkpoint created: 1

task 4, lines 17-32:
//# run-graphql
Response: {
  "data": {
    "singleSig": {
      "digest": "6f813nDdyWSTZPiZqLvuzqptoomZ4J9dRUtKeaLeT1H9",
      "signatures": [
        {
          "signatureBytes": "AIs+Fp6GHWe+N5S2RK96aNq0svfzIsyX9ONGV97ClFt4oqdylW31Ilm71bm/iwLRPtsBfPS/kN7BMJEev+R2SQh/UUY663bYjcm3XmNyULIgxJz1t5Z9vxfB+fp8WUoJKA==",
          "scheme": {
            "__typename": "Ed25519Signature",
            "signature": "iz4WnoYdZ743lLZEr3po2rSy9/MizJf040ZX3sKUW3iip3KVbfUiWbvVub+LAtE+2wF89L+Q3sEwkR6/5HZJCA==",
            "publicKey": "f1FGOut22I3Jt15jclCyIMSc9beWfb8Xwfn6fFlKCSg="
          }
        }
      ]
    }
  }
}

task 5, lines 34-49:
//# run-graphql
Response: {
  "data": {
    "multiSig": {
      "digest": "ARjaWuCALvZTBWP2nfR4Xwo9NpjKz4FCeha1UT4fYXnn",
      "signatures": [
        {
          "signatureBytes": "ACjNa7VkDB3FZqhai8149XagoG316H6nRRVSRdMQa7bItBlpPGp3FhEDllTLTHij+Od5qgYU+SV0enBRJgjC+gxjShJ/h11TzB1kNRDs/tZZYOUuR7hLdy4MWvdZMWHaqw==",
          "scheme": {
            "__typename": "Ed25519Signature",
            "signature": "KM1rtWQMHcVmqFqLzXj1dqCgbfXofqdFFVJF0xBrtsi0GWk8ancWEQOWVMtMeKP453mqBhT5JXR6cFEmCML6DA==",
            "publicKey": "Y0oSf4ddU8wdZDUQ7P7WWWDlLke4S3cuDFr3WTFh2qs="
          }
        },
        {
          "signatureBytes": "ABJ7AM6q8x8/gF1viupL35Oxvj7E2q0Nk1igQ4/6EmHiPUWgwCjSHlG4dsv/vm2trLw2lG+C2i3R2DBLGhB0YQqea9+AYO7cFrl2UiI8mqgOfdypWEBHOeWh8bAaRfXLzA==",
          "scheme": {
            "__typename": "Ed25519Signature",
            "signature": "EnsAzqrzHz+AXW+K6kvfk7G+PsTarQ2TWKBDj/oSYeI9RaDAKNIeUbh2y/++ba2svDaUb4LaLdHYMEsaEHRhCg==",
            "publicKey": "nmvfgGDu3Ba5dlIiPJqoDn3cqVhARznlofGwGkX1y8w="
          }
        }
      ]
    }
  }
}
