---
source: external-crates/move/crates/move-transactional-test-runner/src/framework.rs
---
processed 17 tasks

init:
A: object(0,0), B: object(0,1)

// 1. Default behavior of getTransactionBlock (no options)
// 2. "Not found" case
// 3. Raw transaction and effects
// 4. Structured transaction and effects
// 5. Events
// 6a. Balance Changes (gas only)
// 6b. Balance Changes (transfer HANEUL)

task 1, lines 15-49:
//# publish
created: object(1,0), object(1,1)
mutated: object(0,2)
gas summary: computation_cost: 1000000, storage_cost: 9241600,  storage_rebate: 0, non_refundable_storage_fee: 0

task 2, lines 51-57:
//# programmable --sender A --inputs object(1,1) 42 @A
//> 0: test::counter::inc(Input(0));
//> 1: test::counter::inc_by(Input(0), Input(1));
//> 2: haneul::coin::value<haneul::haneul::HANEUL>(Gas);
//> 3: test::counter::inc_by(Input(0), Result(2));
//> 4: test::counter::take(Input(0), Input(1));
//> 5: TransferObjects([Result(4)], Input(2))
events: Event { package_id: test, transaction_module: Identifier("counter"), sender: A, type_: StructTag { address: test, module: Identifier("counter"), name: Identifier("NFTMinted"), type_params: [] }, contents: [214, 163, 151, 245, 145, 84, 178, 121, 13, 75, 209, 47, 202, 150, 142, 166, 98, 134, 75, 208, 58, 208, 115, 161, 150, 190, 12, 189, 75, 241, 244, 68] }
created: object(2,0)
mutated: object(0,0), object(1,1)
gas summary: computation_cost: 1000000, storage_cost: 3678400,  storage_rebate: 1346796, non_refundable_storage_fee: 13604

task 3, lines 59-61:
//# programmable --sender A --inputs 42 @B
//> 0: SplitCoins(Gas, [Input(0)]);
//> 1: TransferObjects([Result(0)], Input(1))
created: object(3,0)
mutated: object(0,0)
gas summary: computation_cost: 1000000, storage_cost: 1976000,  storage_rebate: 978120, non_refundable_storage_fee: 9880

task 4, line 63:
//# create-checkpoint
Checkpoint created: 1

task 5, lines 65-69:
//# run-jsonrpc
Response: {
  "jsonrpc": "2.0",
  "id": 0,
  "result": {
    "digest": "Fx1LVS2j1aThZXNdkXrnsH8LDQe264pKXQzHb3BM6M5U",
    "timestampMs": "0",
    "checkpoint": "1"
  }
}

task 6, lines 71-75:
//# run-jsonrpc
Response: {
  "jsonrpc": "2.0",
  "id": 1,
  "error": {
    "code": -32602,
    "message": "Invalid Params: Transaction 11111111111111111111111111111111 not found"
  }
}

task 7, lines 77-87:
//# run-jsonrpc
Response: {
  "jsonrpc": "2.0",
  "id": 2,
  "result": {
    "digest": "Fx1LVS2j1aThZXNdkXrnsH8LDQe264pKXQzHb3BM6M5U",
    "rawTransaction": "AQAAAAAAAwEB43PZwtQTtUYAfjnpFPTlgEF79C508xWvs4ccQ/GZEfwCAAAAAAAAAAEACCoAAAAAAAAAACD8zJpCG7sTwaZqGqmPCtdQKe3pSFd3nGkVtE+UBouSHgYAP7rdbYlNOSJ2dAr8Em03KlHeYPy7hnh7Vyt4NB1DoB4HY291bnRlcgNpbmMAAQEAAAA/ut1tiU05InZ0CvwSbTcqUd5g/LuGeHtXK3g0HUOgHgdjb3VudGVyBmluY19ieQACAQAAAQEAAAAAAAAAAAAAAAAAAAAAAAAAAAAAAAAAAAAAAAAAAAACBGNvaW4FdmFsdWUBBwAAAAAAAAAAAAAAAAAAAAAAAAAAAAAAAAAAAAAAAAACBmhhbmV1bAZIQU5FVUwAAQAAP7rdbYlNOSJ2dAr8Em03KlHeYPy7hnh7Vyt4NB1DoB4HY291bnRlcgZpbmNfYnkAAgEAAAICAAA/ut1tiU05InZ0CvwSbTcqUd5g/LuGeHtXK3g0HUOgHgdjb3VudGVyBHRha2UAAgEAAAEBAAEBAgQAAQIA/MyaQhu7E8GmahqpjwrXUCnt6UhXd5xpFbRPlAaLkh4B3vXcI8whPaeo/Q24rhmcu6L6/rxXCNV0M3FvdDmqkygBAAAAAAAAACCuK8/QEsEyC2y+/jE0bRh81gK8URoiFXILMIUVTPiphPzMmkIbuxPBpmoaqY8K11Ap7elIV3ecaRW0T5QGi5Ie6AMAAAAAAAAA8gUqAQAAAAABYQB/PgFKKhcHcNhgC0D8xQWoyXWNDf7ey4xTvXbE8+jRPIiXsUhlPLIaZ+3WpK6kDWan12Oz7qJlRukiS/H1ZpMKf1FGOut22I3Jt15jclCyIMSc9beWfb8Xwfn6fFlKCSg=",
    "timestampMs": "0",
    "checkpoint": "1",
    "rawEffects": [
      1,
      0,
      0,
      0,
      0,
      0,
      0,
      0,
      0,
      0,
      64,
      66,
      15,
      0,
      0,
      0,
      0,
      0,
      192,
      32,
      56,
      0,
      0,
      0,
      0,
      0,
      236,
      140,
      20,
      0,
      0,
      0,
      0,
      0,
      36,
      53,
      0,
      0,
      0,
      0,
      0,
      0,
      32,
      222,
      26,
      241,
      1,
      97,
      224,
      86,
      241,
      41,
      140,
      194,
      111,
      207,
      60,
      64,
      66,
      228,
      103,
      133,
      135,
      7,
      134,
      196,
      116,
      25,
      225,
      124,
      210,
      96,
      185,
      223,
      155,
      1,
      1,
      0,
      0,
      0,
      1,
      32,
      68,
      35,
      80,
      238,
      81,
      187,
      78,
      226,
      99,
      180,
      42,
      83,
      212,
      241,
      9,
      187,
      182,
      177,
      47,
      110,
      61,
      134,
      221,
      237,
      90,
      45,
      105,
      20,
      144,
      37,
      141,
      2,
      2,
      32,
      145,
      31,
      163,
      70,
      127,
      196,
      93,
      108,
      193,
      49,
      46,
      74,
      211,
      186,
      148,
      166,
      3,
      142,
      77,
      143,
      43,
      241,
      148,
      226,
      112,
      157,
      137,
      228,
      162,
      141,
      7,
      210,
      32,
      219,
      169,
      205,
      176,
      131,
      198,
      67,
      11,
      200,
      163,
      211,
      79,
      252,
      244,
      25,
      123,
      228,
      66,
      114,
      194,
      234,
      200,
      160,
      238,
      184,
      100,
      44,
      30,
      244,
      74,
      72,
      115,
      3,
      0,
      0,
      0,
      0,
      0,
      0,
      0,
      3,
      214,
      163,
      151,
      245,
      145,
      84,
      178,
      121,
      13,
      75,
      209,
      47,
      202,
      150,
      142,
      166,
      98,
      134,
      75,
      208,
      58,
      208,
      115,
      161,
      150,
      190,
      12,
      189,
      75,
      241,
      244,
      68,
      0,
      1,
      32,
      228,
      176,
      24,
      136,
      57,
      38,
      233,
      105,
      205,
      103,
      131,
      233,
      189,
      107,
      55,
      0,
      39,
      249,
      80,
      92,
      19,
      17,
      77,
      166,
      250,
      213,
      14,
      207,
      57,
      133,
      237,
      153,
      0,
      252,
      204,
      154,
      66,
      27,
      187,
      19,
      193,
      166,
      106,
      26,
      169,
      143,
      10,
      215,
      80,
      41,
      237,
      233,
      72,
      87,
      119,
      156,
      105,
      21,
      180,
      79,
      148,
      6,
      139,
      146,
      30,
      1,
      222,
      245,
      220,
      35,
      204,
      33,
      61,
      167,
      168,
      253,
      13,
      184,
      174,
      25,
      156,
      187,
      162,
      250,
      254,
      188,
      87,
      8,
      213,
      116,
      51,
      113,
      111,
      116,
      57,
      170,
      147,
      40,
      1,
      1,
      0,
      0,
      0,
      0,
      0,
      0,
      0,
      32,
      174,
      43,
      207,
      208,
      18,
      193,
      50,
      11,
      108,
      190,
      254,
      49,
      52,
      109,
      24,
      124,
      214,
      2,
      188,
      81,
      26,
      34,
      21,
      114,
      11,
      48,
      133,
      21,
      76,
      248,
      169,
      132,
      0,
      252,
      204,
      154,
      66,
      27,
      187,
      19,
      193,
      166,
      106,
      26,
      169,
      143,
      10,
      215,
      80,
      41,
      237,
      233,
      72,
      87,
      119,
      156,
      105,
      21,
      180,
      79,
      148,
      6,
      139,
      146,
      30,
      1,
      32,
      46,
      102,
      51,
      171,
      250,
      224,
      241,
      120,
      26,
      39,
      85,
      111,
      251,
      210,
      33,
      7,
      208,
      129,
      145,
      58,
      41,
      158,
      186,
      152,
      0,
      120,
      225,
      30,
      129,
      156,
      103,
      156,
      0,
      252,
      204,
      154,
      66,
      27,
      187,
      19,
      193,
      166,
      106,
      26,
      169,
      143,
      10,
      215,
      80,
      41,
      237,
      233,
      72,
      87,
      119,
      156,
      105,
      21,
      180,
      79,
      148,
      6,
      139,
      146,
      30,
      0,
      227,
      115,
      217,
      194,
      212,
      19,
      181,
      70,
      0,
      126,
      57,
      233,
      20,
      244,
      229,
      128,
      65,
      123,
      244,
      46,
      116,
      243,
      21,
      175,
      179,
      135,
      28,
      67,
      241,
      153,
      17,
      252,
      1,
      2,
      0,
      0,
      0,
      0,
      0,
      0,
      0,
      32,
      160,
      39,
      122,
      124,
      42,
      151,
      120,
      189,
      84,
      254,
      106,
      25,
      152,
      227,
      96,
      235,
      207,
      0,
      135,
      91,
      94,
      28,
      200,
      235,
      32,
      10,
      17,
      170,
      45,
      199,
      224,
      114,
      2,
      2,
      0,
      0,
      0,
      0,
      0,
      0,
      0,
      1,
      32,
      114,
      190,
      150,
      109,
      151,
      167,
      111,
      111,
      21,
      230,
      122,
      94,
      179,
      214,
      134,
      63,
      181,
      77,
      239,
      161,
      167,
      177,
      82,
      234,
      217,
      121,
      109,
      64,
      55,
      129,
      242,
      246,
      2,
      2,
      0,
      0,
      0,
      0,
      0,
      0,
      0,
      0,
      0,
      0
    ]
  }
}

task 8, lines 89-99:
//# run-jsonrpc
Response: {
  "jsonrpc": "2.0",
  "id": 3,
  "result": {
    "digest": "Fx1LVS2j1aThZXNdkXrnsH8LDQe264pKXQzHb3BM6M5U",
    "transaction": {
      "data": {
        "messageVersion": "v1",
        "transaction": {
          "kind": "ProgrammableTransaction",
          "inputs": [
            {
              "type": "object",
              "objectType": "sharedObject",
              "objectId": "0xe373d9c2d413b546007e39e914f4e580417bf42e74f315afb3871c43f19911fc",
              "initialSharedVersion": "2",
              "mutable": true
            },
            {
              "type": "pure",
              "valueType": "u64",
              "value": "42"
            },
            {
              "type": "pure",
              "valueType": "address",
              "value": "0xfccc9a421bbb13c1a66a1aa98f0ad75029ede94857779c6915b44f94068b921e"
            }
          ],
          "transactions": [
            {
              "MoveCall": {
                "package": "0x3fbadd6d894d392276740afc126d372a51de60fcbb86787b572b78341d43a01e",
                "module": "counter",
                "function": "inc",
                "arguments": [
                  {
                    "Input": 0
                  }
                ]
              }
            },
            {
              "MoveCall": {
                "package": "0x3fbadd6d894d392276740afc126d372a51de60fcbb86787b572b78341d43a01e",
                "module": "counter",
                "function": "inc_by",
                "arguments": [
                  {
                    "Input": 0
                  },
                  {
                    "Input": 1
                  }
                ]
              }
            },
            {
              "MoveCall": {
                "package": "0x0000000000000000000000000000000000000000000000000000000000000002",
                "module": "coin",
                "function": "value",
                "type_arguments": [
                  "0x2::haneul::HANEUL"
                ],
                "arguments": [
                  "GasCoin"
                ]
              }
            },
            {
              "MoveCall": {
                "package": "0x3fbadd6d894d392276740afc126d372a51de60fcbb86787b572b78341d43a01e",
                "module": "counter",
                "function": "inc_by",
                "arguments": [
                  {
                    "Input": 0
                  },
                  {
                    "Result": 2
                  }
                ]
              }
            },
            {
              "MoveCall": {
                "package": "0x3fbadd6d894d392276740afc126d372a51de60fcbb86787b572b78341d43a01e",
                "module": "counter",
                "function": "take",
                "arguments": [
                  {
                    "Input": 0
                  },
                  {
                    "Input": 1
                  }
                ]
              }
            },
            {
              "TransferObjects": [
                [
                  {
                    "Result": 4
                  }
                ],
                {
                  "Input": 2
                }
              ]
            }
          ]
        },
        "sender": "0xfccc9a421bbb13c1a66a1aa98f0ad75029ede94857779c6915b44f94068b921e",
        "gasData": {
          "payment": [
            {
              "objectId": "0xdef5dc23cc213da7a8fd0db8ae199cbba2fafebc5708d57433716f7439aa9328",
              "version": 1,
              "digest": "CitgqGGjnyCwoZpJyA3JNijF7m7fVWCZU7YCd7mjDs9m"
            }
          ],
          "owner": "0xfccc9a421bbb13c1a66a1aa98f0ad75029ede94857779c6915b44f94068b921e",
          "price": "1000",
          "budget": "5000000000"
        }
      },
      "txSignatures": [
        "AH8+AUoqFwdw2GALQPzFBajJdY0N/t7LjFO9dsTz6NE8iJexSGU8shpn7dakrqQNZqfXY7PuomVG6SJL8fVmkwp/UUY663bYjcm3XmNyULIgxJz1t5Z9vxfB+fp8WUoJKA=="
      ]
    },
    "effects": {
      "messageVersion": "v1",
      "status": {
        "status": "success"
      },
      "executedEpoch": "0",
      "gasUsed": {
        "computationCost": "1000000",
        "storageCost": "3678400",
        "storageRebate": "1346796",
        "nonRefundableStorageFee": "13604"
      },
      "modifiedAtVersions": [
        {
          "objectId": "0xdef5dc23cc213da7a8fd0db8ae199cbba2fafebc5708d57433716f7439aa9328",
          "sequenceNumber": "1"
        },
        {
          "objectId": "0xe373d9c2d413b546007e39e914f4e580417bf42e74f315afb3871c43f19911fc",
          "sequenceNumber": "2"
        }
      ],
      "sharedObjects": [
        {
          "objectId": "0xe373d9c2d413b546007e39e914f4e580417bf42e74f315afb3871c43f19911fc",
          "version": 2,
          "digest": "BnB9W8MXxWkDVqJePfBALtvPnCeyGXgMy1PqjxuCgjso"
        }
      ],
      "transactionDigest": "Fx1LVS2j1aThZXNdkXrnsH8LDQe264pKXQzHb3BM6M5U",
      "created": [
        {
          "owner": {
            "AddressOwner": "0xfccc9a421bbb13c1a66a1aa98f0ad75029ede94857779c6915b44f94068b921e"
          },
          "reference": {
            "objectId": "0xd6a397f59154b2790d4bd12fca968ea662864bd03ad073a196be0cbd4bf1f444",
            "version": 3,
            "digest": "GPhhKRogZWEDnnyRvkafEDJk7JFKDnH4fTwYLCCPhi1N"
          }
        }
      ],
      "mutated": [
        {
          "owner": {
            "AddressOwner": "0xfccc9a421bbb13c1a66a1aa98f0ad75029ede94857779c6915b44f94068b921e"
          },
          "reference": {
            "objectId": "0xdef5dc23cc213da7a8fd0db8ae199cbba2fafebc5708d57433716f7439aa9328",
            "version": 3,
            "digest": "4889ESH1jMMcNj9DCfrZyDsqDXmCNDqy5aDsL5cfaKd5"
          }
        },
        {
          "owner": {
            "Shared": {
              "initial_shared_version": 2
            }
          },
          "reference": {
            "objectId": "0xe373d9c2d413b546007e39e914f4e580417bf42e74f315afb3871c43f19911fc",
            "version": 3,
            "digest": "8iv2z2TzTkWxA4igEVu8F9NQ59QTMnFjACGJwwkte7yP"
          }
        }
      ],
      "gasObject": {
        "owner": {
          "AddressOwner": "0xfccc9a421bbb13c1a66a1aa98f0ad75029ede94857779c6915b44f94068b921e"
        },
        "reference": {
          "objectId": "0xdef5dc23cc213da7a8fd0db8ae199cbba2fafebc5708d57433716f7439aa9328",
          "version": 3,
          "digest": "4889ESH1jMMcNj9DCfrZyDsqDXmCNDqy5aDsL5cfaKd5"
        }
      },
      "eventsDigest": "5ayxX5hMcw2QJKQp59pihX7v6fpiJQZK1Ex4MbD8DoKf",
      "dependencies": [
        "AmW6ce5SEvhLc92z8xz2eHnzr2sYWF2YAhuPheGcvMbw",
        "FnUTjLzsuxk5c9WtUtNkSHkoQYrvJzXJph2ctBJqS858"
      ]
    },
    "timestampMs": "0",
    "checkpoint": "1"
  }
}

task 9, lines 101-110:
//# run-jsonrpc
Response: {
  "jsonrpc": "2.0",
  "id": 4,
  "result": {
    "digest": "Fx1LVS2j1aThZXNdkXrnsH8LDQe264pKXQzHb3BM6M5U",
    "events": [
      {
        "id": {
          "txDigest": "Fx1LVS2j1aThZXNdkXrnsH8LDQe264pKXQzHb3BM6M5U",
          "eventSeq": "0"
        },
        "packageId": "0x3fbadd6d894d392276740afc126d372a51de60fcbb86787b572b78341d43a01e",
        "transactionModule": "counter",
        "sender": "0xfccc9a421bbb13c1a66a1aa98f0ad75029ede94857779c6915b44f94068b921e",
        "type": "0x3fbadd6d894d392276740afc126d372a51de60fcbb86787b572b78341d43a01e::counter::NFTMinted",
        "parsedJson": {
          "id": "0xd6a397f59154b2790d4bd12fca968ea662864bd03ad073a196be0cbd4bf1f444"
        },
        "bcsEncoding": "base64",
        "bcs": "1qOX9ZFUsnkNS9EvypaOpmKGS9A60HOhlr4MvUvx9EQ=",
        "timestampMs": "0"
      }
    ],
    "timestampMs": "0",
    "checkpoint": "1"
  }
}

task 10, lines 112-121:
//# run-jsonrpc
Response: {
  "jsonrpc": "2.0",
  "id": 5,
  "result": {
    "digest": "Fx1LVS2j1aThZXNdkXrnsH8LDQe264pKXQzHb3BM6M5U",
    "balanceChanges": [
      {
        "owner": {
          "AddressOwner": "0xfccc9a421bbb13c1a66a1aa98f0ad75029ede94857779c6915b44f94068b921e"
        },
        "coinType": "0x2::haneul::HANEUL",
        "amount": "-3331604"
      }
    ],
    "timestampMs": "0",
    "checkpoint": "1"
  }
}

task 11, lines 123-132:
//# run-jsonrpc
Response: {
  "jsonrpc": "2.0",
  "id": 6,
  "result": {
    "digest": "4yyHFx55bbzMKHej9aGJtmUCZPMMQscozTuabigzuRcY",
    "balanceChanges": [
      {
        "owner": {
          "AddressOwner": "0xa7b032703878aa74c3126935789fd1d4d7e111d5911b09247d6963061c312b5a"
        },
        "coinType": "0x2::haneul::HANEUL",
        "amount": "42"
      },
      {
        "owner": {
          "AddressOwner": "0xfccc9a421bbb13c1a66a1aa98f0ad75029ede94857779c6915b44f94068b921e"
        },
        "coinType": "0x2::haneul::HANEUL",
        "amount": "-1997922"
      }
    ],
    "timestampMs": "0",
    "checkpoint": "1"
  }
}

task 12, lines 134-140:
//# run-jsonrpc
Response: {
  "jsonrpc": "2.0",
  "id": 7,
  "result": {
    "digest": "4yyHFx55bbzMKHej9aGJtmUCZPMMQscozTuabigzuRcY",
    "timestampMs": "0",
    "checkpoint": "1"
  }
}

task 13, lines 142-144:
//# programmable --sender A --inputs 42 @B
//> 0: SplitCoins(Gas, [Input(0)]);
//> 1: TransferObjects([Result(0)], Input(1))
created: object(13,0)
mutated: object(0,0)
gas summary: computation_cost: 1000000, storage_cost: 1976000,  storage_rebate: 978120, non_refundable_storage_fee: 9880

task 15, line 148:
//# create-checkpoint
Checkpoint created: 2

task 16, lines 150-156:
//# run-jsonrpc
Response: {
  "jsonrpc": "2.0",
  "id": 8,
  "result": {
    "digest": "DubWhD929V44TwE9wwAMuSbLeJsu3TLV9Cxmx9BLG4Xc",
    "timestampMs": "1",
    "checkpoint": "2"
  }
}
