---
source: external-crates/move/crates/move-transactional-test-runner/src/framework.rs
---
processed 6 tasks

// Create both real coins and an address balance for the same owner, verify they are merged in
// descending balance order in haneulx_getCoins.

init:
A: object(0,0), B: object(0,1)

task 1, lines 10-12:
//# programmable --sender A --inputs 500 @B
//> 0: SplitCoins(Gas, [Input(0)]);
//> 1: TransferObjects([Result(0)], Input(1))
created: object(1,0)
mutated: object(0,0)
gas summary: computation_cost: 1000000, storage_cost: 1976000,  storage_rebate: 0, non_refundable_storage_fee: 0

task 2, lines 14-16:
//# programmable --sender A --inputs 100 @B
//> 0: SplitCoins(Gas, [Input(0)]);
//> 1: TransferObjects([Result(0)], Input(1))
created: object(2,0)
mutated: object(0,0)
gas summary: computation_cost: 1000000, storage_cost: 1976000,  storage_rebate: 978120, non_refundable_storage_fee: 9880

task 3, lines 18-21:
//# programmable --sender A --inputs 300 @B
//> 0: SplitCoins(Gas, [Input(0)]);
//> 1: haneul::coin::into_balance<haneul::haneul::HANEUL>(Result(0));
//> 2: haneul::balance::send_funds<haneul::haneul::HANEUL>(Result(1), Input(1));
mutated: object(0,0)
accumulators_written: (object(3,0), B, haneul::balance::Balance<haneul::haneul::HANEUL>, Merge, 300)
gas summary: computation_cost: 1000000, storage_cost: 988000,  storage_rebate: 978120, non_refundable_storage_fee: 9880

task 4, line 23:
//# create-checkpoint
Checkpoint created: 1

task 5, lines 25-29:
//# run-jsonrpc
Response: {
  "jsonrpc": "2.0",
  "id": 0,
  "result": {
    "data": [
      {
        "coinType": "0x0000000000000000000000000000000000000000000000000000000000000002::haneul::HANEUL",
        "coinObjectId": "0x1021142299320d150c3486d1f3ebc991484d01613a1b26060b873d8ab7809c11",
        "version": "1",
        "digest": "7Y7BehisBMMTz9egxjckNcmR8ZvSzc5EfUEYFRLcMSFy",
        "balance": "300000000000000",
        "previousTransaction": "Dhzd2BPXHXqhP5iPWYxNRZt7opFmRXbWywNtN3Ahmpzk"
      },
      {
        "coinType": "0x0000000000000000000000000000000000000000000000000000000000000002::haneul::HANEUL",
        "coinObjectId": "0xba9a233e76844865ed9b2b815bac5ce7ea55b53d0b1d9956cc9052cb2fa93ab0",
        "version": "2",
        "digest": "GUCD5uZAiydB4FHQAsj9cn8CF65ARf2quuBRNgJW4gtw",
        "balance": "500",
        "previousTransaction": "DMD1zjAcDMxfrgr79KV7F5StoK64cvPHaBy8MpiDHAPz"
      },
      {
        "coinType": "0x0000000000000000000000000000000000000000000000000000000000000002::haneul::HANEUL",
        "coinObjectId": "0xe8f9b25eba4c6265487cf7b7579e44fe310115209a5ccee86ec7744b2de8f370",
        "version": "2",
        "digest": "3xmpjvy9GNH5CSg6nZsKgcfL2MQfzh8DgVhNANZaZT1u",
        "balance": "300",
        "previousTransaction": "3X2pbnuA1DQTZSCbeUCykN2uVq6xxBefUSA4DuGv1Hg2"
      },
      {
        "coinType": "0x0000000000000000000000000000000000000000000000000000000000000002::haneul::HANEUL",
        "coinObjectId": "0xac7fb4d0980ac0040066c94f6a00157f7632f593ff74d7e3cdb0e451cd5e1794",
        "version": "3",
        "digest": "DAHVTqvULTf5SjSNNxNhPTyniUHkHif8LQjBYaLuvtGA",
        "balance": "100",
        "previousTransaction": "9TyEFmpQ1Qj1tKKRAmdXpUe9g7Bs9CJda4cz8N7LTrDS"
      }
    ],
    "nextCursor": "0gEAp7AycDh4qnTDEmk1eJ/R1NfhEdWRGwkkfWljBhwxK1oAAAAAAAAAAAAAAAAAAAAAAAAAAAAAAAAAAAAAAAAAAgAAAAAAAAAEY29pbgAAAAAAAAAEQ29pbgAAAAAAAAABAAAABwAAAAAAAAAAAAAAAAAAAAAAAAAAAAAAAAAAAAAAAAACAAAAAAAAAAZoYW5ldWwAAAAAAAAABkhBTkVVTAAAAAAAAAAAAf////////+brH+00JgKwAQAZslPagAVf3Yy9ZP/dNfjzbDkUc1eF5Q=",
    "hasNextPage": false
  }
}
