---
source: external-crates/move/crates/move-transactional-test-runner/src/framework.rs
---
processed 4 tasks

// Fund an address balance for B and verify that haneulx_getCoins returns the address balance coin.

init:
A: object(0,0), B: object(0,1)

task 1, lines 9-13:
// Send 1_000_000_000 from A to B's address balance
//# programmable --sender A --inputs 1000000000 @B
//> 0: SplitCoins(Gas, [Input(0)]);
//> 1: haneul::coin::into_balance<haneul::haneul::HANEUL>(Result(0));
//> 2: haneul::balance::send_funds<haneul::haneul::HANEUL>(Result(1), Input(1));
mutated: object(0,0)
accumulators_written: (object(1,0), B, haneul::balance::Balance<haneul::haneul::HANEUL>, Merge, 1000000000)
gas summary: computation_cost: 1000000, storage_cost: 988000,  storage_rebate: 0, non_refundable_storage_fee: 0

task 2, line 15:
//# create-checkpoint
Checkpoint created: 1

task 3, lines 17-22:
// B should see the address balance coin in getCoins
//# run-jsonrpc
Response: {
  "jsonrpc": "2.0",
  "id": 0,
  "result": {
    "data": [
      {
        "coinType": "0x0000000000000000000000000000000000000000000000000000000000000002::haneul::HANEUL",
        "coinObjectId": "0x1021142299320d150c3486d1f3ebc991484d01613a1b26060b873d8ab7809c11",
        "version": "1",
        "digest": "7Y7BehisBMMTz9egxjckNcmR8ZvSzc5EfUEYFRLcMSFy",
        "balance": "300000000000000",
        "previousTransaction": "Dhzd2BPXHXqhP5iPWYxNRZt7opFmRXbWywNtN3Ahmpzk"
      },
      {
        "coinType": "0x0000000000000000000000000000000000000000000000000000000000000002::haneul::HANEUL",
        "coinObjectId": "0xe8f9b25eba4c6265487cf7b7579e44fe310115209a5ccee86ec7744b2de8f370",
        "version": "2",
        "digest": "146BbRG1fzHxMjLNqaNNoWoGqPxyspJUzHJJdS3j9nE7",
        "balance": "1000000000",
        "previousTransaction": "BwLo4po7io12UGvHw3UYhZU7jjcqNC4fQ6rzmf8MMkHY"
      }
    ],
    "nextCursor": "0gEAp7AycDh4qnTDEmk1eJ/R1NfhEdWRGwkkfWljBhwxK1oAAAAAAAAAAAAAAAAAAAAAAAAAAAAAAAAAAAAAAAAAAgAAAAAAAAAEY29pbgAAAAAAAAAEQ29pbgAAAAAAAAABAAAABwAAAAAAAAAAAAAAAAAAAAAAAAAAAAAAAAAAAAAAAAACAAAAAAAAAAZoYW5ldWwAAAAAAAAABkhBTkVVTAAAAAAAAAAAAf/////EZTX/6PmyXrpMYmVIfPe3V55E/jEBFSCaXM7obsd0Sy3o83A=",
    "hasNextPage": false
  }
}
