---
source: external-crates/move/crates/move-transactional-test-runner/src/framework.rs
---
processed 5 tasks

init:
A: object(0,0)

task 1, lines 7-12:
//# publish
created: object(1,0)
mutated: object(0,1)
gas summary: computation_cost: 1000000, storage_cost: 3465600,  storage_rebate: 0, non_refundable_storage_fee: 0

task 2, line 14:
//# create-checkpoint
Checkpoint created: 1

task 3, lines 16-26:
//# run-graphql
Response: {
  "data": {
    "object": {
      "objectBcs": "AUDbrDbQCdYn4lQr1KZ51+mABgwd73l8B5eZkfeY845zAQAAAAAAAAABAU1doRzrCwcAAAUGAQACAwIFBQcDBwoGCBAgDDARAAAAAQABAAABAwFNA2Zvb0DbrDbQCdYn4lQr1KZ51+mABgwd73l8B5eZkfeY845zAAEAAAACBioAAAAAAAAAAgAAAAIAAAAAAAAAAAAAAAAAAAAAAAAAAAAAAAAAAAAAAAAAAQAAAAAAAAAAAAAAAAAAAAAAAAAAAAAAAAAAAAAAAAABAQAAAAAAAAAAAAAAAAAAAAAAAAAAAAAAAAAAAAAAAAAAAAAAAAAAAgAAAAAAAAAAAAAAAAAAAAAAAAAAAAAAAAAAAAAAAAACAQAAAAAAAAADIBte+UHD8aB226iQxiNFVwDgee4+G67LFT7mGka+cfszIM4lAAAAAAA=",
      "asMovePackage": {
        "objectBcs": "AUDbrDbQCdYn4lQr1KZ51+mABgwd73l8B5eZkfeY845zAQAAAAAAAAABAU1doRzrCwcAAAUGAQACAwIFBQcDBwoGCBAgDDARAAAAAQABAAABAwFNA2Zvb0DbrDbQCdYn4lQr1KZ51+mABgwd73l8B5eZkfeY845zAAEAAAACBioAAAAAAAAAAgAAAAIAAAAAAAAAAAAAAAAAAAAAAAAAAAAAAAAAAAAAAAAAAQAAAAAAAAAAAAAAAAAAAAAAAAAAAAAAAAAAAAAAAAABAQAAAAAAAAAAAAAAAAAAAAAAAAAAAAAAAAAAAAAAAAAAAAAAAAAAAgAAAAAAAAAAAAAAAAAAAAAAAAAAAAAAAAAAAAAAAAACAQAAAAAAAAADIBte+UHD8aB226iQxiNFVwDgee4+G67LFT7mGka+cfszIM4lAAAAAAA=",
        "packageBcs": "QNusNtAJ1ifiVCvUpnnX6YAGDB3veXwHl5mR95jzjnMBAAAAAAAAAAEBTV2hHOsLBwAABQYBAAIDAgUFBwMHCgYIECAMMBEAAAABAAEAAAEDAU0DZm9vQNusNtAJ1ifiVCvUpnnX6YAGDB3veXwHl5mR95jzjnMAAQAAAAIGKgAAAAAAAAACAAAAAgAAAAAAAAAAAAAAAAAAAAAAAAAAAAAAAAAAAAAAAAABAAAAAAAAAAAAAAAAAAAAAAAAAAAAAAAAAAAAAAAAAAEBAAAAAAAAAAAAAAAAAAAAAAAAAAAAAAAAAAAAAAAAAAAAAAAAAAACAAAAAAAAAAAAAAAAAAAAAAAAAAAAAAAAAAAAAAAAAAIBAAAAAAAAAA=="
      }
    }
  }
}

task 4, lines 28-38:
//# run-graphql
Response: {
  "data": {
    "object": {
      "objectBcs": "AAEBAQAAAAAAAAAodkSLRZU174Puud3pN3VKRG0SO7ealO1EfZjWulg0fcAAwG4x2RABAAD8zJpCG7sTwaZqGqmPCtdQKe3pSFd3nGkVtE+UBouSHiBAKkINXjSHjjYs009WlApB34uZrp7gpY95ofCyc18mOwAAAAAAAAAA",
      "asMovePackage": null
    }
  }
}
