---
source: external-crates/move/crates/move-transactional-test-runner/src/framework.rs
---
processed 5 tasks

init:
A: object(0,0)

task 1, lines 7-9:
//# programmable --sender A --inputs 1
//> SplitCoins(Gas, [Input(0)]);
//> MergeCoins(Gas, [Result(0)])
mutated: object(0,0)
gas summary: computation_cost: 1000000, storage_cost: 988000,  storage_rebate: 0, non_refundable_storage_fee: 0

task 2, line 11:
//# create-checkpoint
Checkpoint created: 1

task 3, lines 13-28:
//# run-graphql
Response: {
  "data": {
    "object": {
      "objectBcs": "AAEBAgAAAAAAAAAodkSLRZU174Puud3pN3VKRG0SO7ealO1EfZjWulg0fcBgalAx2RABAAD8zJpCG7sTwaZqGqmPCtdQKe3pSFd3nGkVtE+UBouSHiBbVLNDtHIm1EldCtpWBKfpO3sS2G7j+rpxe6wWiR1UpmATDwAAAAAA",
      "asMoveObject": {
        "objectBcs": "AAEBAgAAAAAAAAAodkSLRZU174Puud3pN3VKRG0SO7ealO1EfZjWulg0fcBgalAx2RABAAD8zJpCG7sTwaZqGqmPCtdQKe3pSFd3nGkVtE+UBouSHiBbVLNDtHIm1EldCtpWBKfpO3sS2G7j+rpxe6wWiR1UpmATDwAAAAAA",
        "moveObjectBcs": "AQECAAAAAAAAACh2RItFlTXvg+653ek3dUpEbRI7t5qU7UR9mNa6WDR9wGBqUDHZEAEA",
        "contents": {
          "type": {
            "repr": "0x0000000000000000000000000000000000000000000000000000000000000002::coin::Coin<0x0000000000000000000000000000000000000000000000000000000000000002::haneul::HANEUL>"
          },
          "json": {
            "id": "0x76448b459535ef83eeb9dde937754a446d123bb79a94ed447d98d6ba58347dc0",
            "balance": "299999998012000"
          }
        }
      }
    }
  }
}

task 4, lines 30-37:
//# run-graphql
Response: {
  "data": {
    "object": {
      "asMoveObject": null
    }
  }
}
