---
source: external-crates/move/crates/move-transactional-test-runner/src/framework.rs
---
processed 23 tasks

init:
A: object(0,0)

task 1, lines 7-9:
//# programmable --sender A --inputs @A
//> 0: haneul::bag::new();
//> TransferObjects([Result(0)], Input(0))
created: object(1,0)
mutated: object(0,0)
gas summary: computation_cost: 1000000, storage_cost: 2287600,  storage_rebate: 0, non_refundable_storage_fee: 0

task 2, lines 11-13:
//# programmable --sender A --inputs @A
//> 0: haneul::object_bag::new();
//> TransferObjects([Result(0)], Input(0))
created: object(2,0)
mutated: object(0,0)
gas summary: computation_cost: 1000000, storage_cost: 2386400,  storage_rebate: 978120, non_refundable_storage_fee: 9880

task 3, lines 15-17:
//# programmable --sender A --inputs 100 @A
//> 0: SplitCoins(Gas, [Input(0)]);
//> TransferObjects([Result(0)], Input(1))
created: object(3,0)
mutated: object(0,0)
gas summary: computation_cost: 1000000, storage_cost: 1976000,  storage_rebate: 978120, non_refundable_storage_fee: 9880

task 4, lines 19-21:
//# programmable --sender A --inputs 200 @A
//> 0: SplitCoins(Gas, [Input(0)]);
//> TransferObjects([Result(0)], Input(1))
created: object(4,0)
mutated: object(0,0)
gas summary: computation_cost: 1000000, storage_cost: 1976000,  storage_rebate: 978120, non_refundable_storage_fee: 9880

task 5, lines 23-25:
//# programmable --sender A --inputs 300 @A
//> 0: SplitCoins(Gas, [Input(0)]);
//> TransferObjects([Result(0)], Input(1))
created: object(5,0)
mutated: object(0,0)
gas summary: computation_cost: 1000000, storage_cost: 1976000,  storage_rebate: 978120, non_refundable_storage_fee: 9880

task 6, lines 27-28:
//# programmable --sender A --inputs object(1,0) 42 999
//> haneul::bag::add<u64, u64>(Input(0), Input(1), Input(2))
created: object(6,0)
mutated: object(0,0), object(1,0)
gas summary: computation_cost: 1000000, storage_cost: 3754400,  storage_rebate: 2264724, non_refundable_storage_fee: 22876

task 7, line 30:
//# create-checkpoint
Checkpoint created: 1

task 8, lines 32-33:
//# programmable --sender A --inputs object(1,0) 43 object(3,0)
//> haneul::bag::add<u64, haneul::coin::Coin<haneul::haneul::HANEUL>>(Input(0), Input(1), Input(2))
created: object(8,0)
mutated: object(0,0), object(1,0)
wrapped: object(3,0)
gas summary: computation_cost: 1000000, storage_cost: 4689200,  storage_rebate: 3242844, non_refundable_storage_fee: 32756

task 9, lines 35-36:
//# programmable --sender A --inputs object(2,0) 44 object(4,0)
//> haneul::object_bag::add<u64, haneul::coin::Coin<haneul::haneul::HANEUL>>(Input(0), Input(1), Input(2))
created: object(9,0)
mutated: object(0,0), object(2,0), object(4,0)
gas summary: computation_cost: 1000000, storage_cost: 5829200,  storage_rebate: 3340656, non_refundable_storage_fee: 33744

task 10, line 38:
//# create-checkpoint
Checkpoint created: 2

task 11, lines 40-41:
//# programmable --sender A --inputs object(1,0) 45 object(5,0)
//> haneul::bag::add<u64, haneul::coin::Coin<haneul::haneul::HANEUL>>(Input(0), Input(1), Input(2))
created: object(11,0)
mutated: object(0,0), object(1,0)
wrapped: object(5,0)
gas summary: computation_cost: 1000000, storage_cost: 4689200,  storage_rebate: 3242844, non_refundable_storage_fee: 32756

task 12, line 43:
//# create-checkpoint
Checkpoint created: 3

task 13, lines 45-69:
//# run-graphql --cursors bcs(42u64)
Response: {
  "data": {
    "object": {
      "address": "0x8d40e6fb4878e87bfc74a214c745106a901b2b605826af56491e5aadc5470b80",
      "ser": {
        "name": {
          "type": {
            "repr": "u64"
          },
          "json": "42"
        },
        "value": {
          "type": {
            "repr": "u64"
          },
          "json": "999"
        }
      },
      "lit": {
        "name": {
          "type": {
            "repr": "u64"
          },
          "json": "42"
        },
        "value": {
          "type": {
            "repr": "u64"
          },
          "json": "999"
        }
      },
      "asMoveObject": {
        "ser": {
          "name": {
            "type": {
              "repr": "u64"
            },
            "json": "42"
          },
          "value": {
            "type": {
              "repr": "u64"
            },
            "json": "999"
          }
        },
        "lit": {
          "name": {
            "type": {
              "repr": "u64"
            },
            "json": "42"
          },
          "value": {
            "type": {
              "repr": "u64"
            },
            "json": "999"
          }
        }
      }
    }
  }
}

task 14, lines 71-95:
//# run-graphql --cursors bcs(43u64)
Response: {
  "data": {
    "object": {
      "address": "0x8d40e6fb4878e87bfc74a214c745106a901b2b605826af56491e5aadc5470b80",
      "ser": {
        "name": {
          "type": {
            "repr": "u64"
          },
          "json": "43"
        },
        "value": {
          "type": {
            "repr": "0x0000000000000000000000000000000000000000000000000000000000000002::coin::Coin<0x0000000000000000000000000000000000000000000000000000000000000002::haneul::HANEUL>"
          },
          "json": {
            "id": "0x371c1d8ce4a37183829c9ff13d3fc9e41c0b89e6ed077eb4a0c2340f5ecfdaba",
            "balance": "100"
          }
        }
      },
      "lit": {
        "name": {
          "type": {
            "repr": "u64"
          },
          "json": "43"
        },
        "value": {
          "type": {
            "repr": "0x0000000000000000000000000000000000000000000000000000000000000002::coin::Coin<0x0000000000000000000000000000000000000000000000000000000000000002::haneul::HANEUL>"
          },
          "json": {
            "id": "0x371c1d8ce4a37183829c9ff13d3fc9e41c0b89e6ed077eb4a0c2340f5ecfdaba",
            "balance": "100"
          }
        }
      },
      "asMoveObject": {
        "ser": {
          "name": {
            "type": {
              "repr": "u64"
            },
            "json": "43"
          },
          "value": {
            "type": {
              "repr": "0x0000000000000000000000000000000000000000000000000000000000000002::coin::Coin<0x0000000000000000000000000000000000000000000000000000000000000002::haneul::HANEUL>"
            },
            "json": {
              "id": "0x371c1d8ce4a37183829c9ff13d3fc9e41c0b89e6ed077eb4a0c2340f5ecfdaba",
              "balance": "100"
            }
          }
        },
        "lit": {
          "name": {
            "type": {
              "repr": "u64"
            },
            "json": "43"
          },
          "value": {
            "type": {
              "repr": "0x0000000000000000000000000000000000000000000000000000000000000002::coin::Coin<0x0000000000000000000000000000000000000000000000000000000000000002::haneul::HANEUL>"
            },
            "json": {
              "id": "0x371c1d8ce4a37183829c9ff13d3fc9e41c0b89e6ed077eb4a0c2340f5ecfdaba",
              "balance": "100"
            }
          }
        }
      }
    }
  }
}

task 15, lines 97-126:
//# run-graphql --cursors bcs(44u64)
Response: {
  "data": {
    "object": {
      "address": "0xbfaa08bc89daecf873ac58c2d38ae9ca47800f0b508964fd8079a345ea6e7a4b",
      "ser": {
        "name": {
          "type": {
            "repr": "u64"
          },
          "json": "44"
        },
        "value": {
          "address": "0x2f1d99656d0c87049a32aef06d9927eff352a66dcced3d4dc4852e38a5923356",
          "version": 9,
          "contents": {
            "type": {
              "repr": "0x0000000000000000000000000000000000000000000000000000000000000002::coin::Coin<0x0000000000000000000000000000000000000000000000000000000000000002::haneul::HANEUL>"
            },
            "json": {
              "id": "0x2f1d99656d0c87049a32aef06d9927eff352a66dcced3d4dc4852e38a5923356",
              "balance": "200"
            }
          }
        }
      },
      "lit": {
        "name": {
          "type": {
            "repr": "u64"
          },
          "json": "44"
        },
        "value": {
          "address": "0x2f1d99656d0c87049a32aef06d9927eff352a66dcced3d4dc4852e38a5923356",
          "version": 9,
          "contents": {
            "type": {
              "repr": "0x0000000000000000000000000000000000000000000000000000000000000002::coin::Coin<0x0000000000000000000000000000000000000000000000000000000000000002::haneul::HANEUL>"
            },
            "json": {
              "id": "0x2f1d99656d0c87049a32aef06d9927eff352a66dcced3d4dc4852e38a5923356",
              "balance": "200"
            }
          }
        }
      },
      "asMoveObject": {
        "ser": {
          "name": {
            "type": {
              "repr": "u64"
            },
            "json": "44"
          },
          "value": {
            "address": "0x2f1d99656d0c87049a32aef06d9927eff352a66dcced3d4dc4852e38a5923356",
            "version": 9,
            "contents": {
              "type": {
                "repr": "0x0000000000000000000000000000000000000000000000000000000000000002::coin::Coin<0x0000000000000000000000000000000000000000000000000000000000000002::haneul::HANEUL>"
              },
              "json": {
                "id": "0x2f1d99656d0c87049a32aef06d9927eff352a66dcced3d4dc4852e38a5923356",
                "balance": "200"
              }
            }
          }
        },
        "lit": {
          "name": {
            "type": {
              "repr": "u64"
            },
            "json": "44"
          },
          "value": {
            "address": "0x2f1d99656d0c87049a32aef06d9927eff352a66dcced3d4dc4852e38a5923356",
            "version": 9,
            "contents": {
              "type": {
                "repr": "0x0000000000000000000000000000000000000000000000000000000000000002::coin::Coin<0x0000000000000000000000000000000000000000000000000000000000000002::haneul::HANEUL>"
              },
              "json": {
                "id": "0x2f1d99656d0c87049a32aef06d9927eff352a66dcced3d4dc4852e38a5923356",
                "balance": "200"
              }
            }
          }
        }
      }
    }
  }
}

task 16, lines 128-150:
//# run-graphql
Response: {
  "data": {
    "object": null
  }
}

task 17, lines 152-163:
//# run-graphql
Response: {
  "data": {
    "object": {
      "address": "0x0000000000000000000000000000000000000000000000000000000000000002",
      "asMoveObject": null
    }
  }
}

task 18, lines 165-171:
//# run-graphql
Response: {
  "data": {
    "object": null
  }
}

task 19, lines 173-185:
//# run-graphql
Response: {
  "data": {
    "object": {
      "address": "0x2f1d99656d0c87049a32aef06d9927eff352a66dcced3d4dc4852e38a5923356",
      "version": 9,
      "asMoveObject": {
        "contents": {
          "type": {
            "repr": "0x0000000000000000000000000000000000000000000000000000000000000002::coin::Coin<0x0000000000000000000000000000000000000000000000000000000000000002::haneul::HANEUL>"
          },
          "json": {
            "id": "0x2f1d99656d0c87049a32aef06d9927eff352a66dcced3d4dc4852e38a5923356",
            "balance": "200"
          }
        }
      }
    }
  }
}

task 20, lines 187-203:
//# run-graphql
Response: {
  "data": {
    "df42": {
      "asMoveObject": {
        "asDynamicField": {
          "name": {
            "json": "42"
          },
          "value": {
            "json": "999"
          }
        }
      }
    },
    "df43": {
      "asMoveObject": {
        "asDynamicField": {
          "name": {
            "json": "43"
          },
          "value": {
            "json": {
              "id": "0x371c1d8ce4a37183829c9ff13d3fc9e41c0b89e6ed077eb4a0c2340f5ecfdaba",
              "balance": "100"
            }
          }
        }
      }
    },
    "dof44": {
      "asMoveObject": {
        "asDynamicField": {
          "name": {
            "json": "44"
          },
          "value": {}
        }
      }
    },
    "df45": {
      "asMoveObject": {
        "asDynamicField": {
          "name": {
            "json": "45"
          },
          "value": {
            "json": {
              "id": "0x40cf2a46c02c6d8ad70f93b33b6d703b2a47c517b5b5b5ca9e19832f1705cf39",
              "balance": "300"
            }
          }
        }
      }
    }
  }
}

task 21, lines 205-235:
//# run-graphql --cursors bcs(42u64) bcs(43u64) bcs(45u64)
Response: {
  "data": {
    "objectVersions": {
      "nodes": [
        {
          "version": 2,
          "ser42": null,
          "ser43": null,
          "ser45": null,
          "lit42": null,
          "lit43": null,
          "lit45": null,
          "asMoveObject": {
            "ser42": null,
            "ser43": null,
            "ser45": null,
            "lit42": null,
            "lit43": null,
            "lit45": null
          }
        },
        {
          "version": 7,
          "ser42": {
            "name": {
              "json": "42"
            },
            "value": {
              "json": "999"
            }
          },
          "ser43": null,
          "ser45": null,
          "lit42": {
            "name": {
              "json": "42"
            },
            "value": {
              "json": "999"
            }
          },
          "lit43": null,
          "lit45": null,
          "asMoveObject": {
            "ser42": {
              "name": {
                "json": "42"
              },
              "value": {
                "json": "999"
              }
            },
            "ser43": null,
            "ser45": null,
            "lit42": {
              "name": {
                "json": "42"
              },
              "value": {
                "json": "999"
              }
            },
            "lit43": null,
            "lit45": null
          }
        },
        {
          "version": 8,
          "ser42": {
            "name": {
              "json": "42"
            },
            "value": {
              "json": "999"
            }
          },
          "ser43": {
            "name": {
              "json": "43"
            },
            "value": {
              "json": {
                "id": "0x371c1d8ce4a37183829c9ff13d3fc9e41c0b89e6ed077eb4a0c2340f5ecfdaba",
                "balance": "100"
              }
            }
          },
          "ser45": null,
          "lit42": {
            "name": {
              "json": "42"
            },
            "value": {
              "json": "999"
            }
          },
          "lit43": {
            "name": {
              "json": "43"
            },
            "value": {
              "json": {
                "id": "0x371c1d8ce4a37183829c9ff13d3fc9e41c0b89e6ed077eb4a0c2340f5ecfdaba",
                "balance": "100"
              }
            }
          },
          "lit45": null,
          "asMoveObject": {
            "ser42": {
              "name": {
                "json": "42"
              },
              "value": {
                "json": "999"
              }
            },
            "ser43": {
              "name": {
                "json": "43"
              },
              "value": {
                "json": {
                  "id": "0x371c1d8ce4a37183829c9ff13d3fc9e41c0b89e6ed077eb4a0c2340f5ecfdaba",
                  "balance": "100"
                }
              }
            },
            "ser45": null,
            "lit42": {
              "name": {
                "json": "42"
              },
              "value": {
                "json": "999"
              }
            },
            "lit43": {
              "name": {
                "json": "43"
              },
              "value": {
                "json": {
                  "id": "0x371c1d8ce4a37183829c9ff13d3fc9e41c0b89e6ed077eb4a0c2340f5ecfdaba",
                  "balance": "100"
                }
              }
            },
            "lit45": null
          }
        },
        {
          "version": 10,
          "ser42": {
            "name": {
              "json": "42"
            },
            "value": {
              "json": "999"
            }
          },
          "ser43": {
            "name": {
              "json": "43"
            },
            "value": {
              "json": {
                "id": "0x371c1d8ce4a37183829c9ff13d3fc9e41c0b89e6ed077eb4a0c2340f5ecfdaba",
                "balance": "100"
              }
            }
          },
          "ser45": {
            "name": {
              "json": "45"
            },
            "value": {
              "json": {
                "id": "0x40cf2a46c02c6d8ad70f93b33b6d703b2a47c517b5b5b5ca9e19832f1705cf39",
                "balance": "300"
              }
            }
          },
          "lit42": {
            "name": {
              "json": "42"
            },
            "value": {
              "json": "999"
            }
          },
          "lit43": {
            "name": {
              "json": "43"
            },
            "value": {
              "json": {
                "id": "0x371c1d8ce4a37183829c9ff13d3fc9e41c0b89e6ed077eb4a0c2340f5ecfdaba",
                "balance": "100"
              }
            }
          },
          "lit45": {
            "name": {
              "json": "45"
            },
            "value": {
              "json": {
                "id": "0x40cf2a46c02c6d8ad70f93b33b6d703b2a47c517b5b5b5ca9e19832f1705cf39",
                "balance": "300"
              }
            }
          },
          "asMoveObject": {
            "ser42": {
              "name": {
                "json": "42"
              },
              "value": {
                "json": "999"
              }
            },
            "ser43": {
              "name": {
                "json": "43"
              },
              "value": {
                "json": {
                  "id": "0x371c1d8ce4a37183829c9ff13d3fc9e41c0b89e6ed077eb4a0c2340f5ecfdaba",
                  "balance": "100"
                }
              }
            },
            "ser45": {
              "name": {
                "json": "45"
              },
              "value": {
                "json": {
                  "id": "0x40cf2a46c02c6d8ad70f93b33b6d703b2a47c517b5b5b5ca9e19832f1705cf39",
                  "balance": "300"
                }
              }
            },
            "lit42": {
              "name": {
                "json": "42"
              },
              "value": {
                "json": "999"
              }
            },
            "lit43": {
              "name": {
                "json": "43"
              },
              "value": {
                "json": {
                  "id": "0x371c1d8ce4a37183829c9ff13d3fc9e41c0b89e6ed077eb4a0c2340f5ecfdaba",
                  "balance": "100"
                }
              }
            },
            "lit45": {
              "name": {
                "json": "45"
              },
              "value": {
                "json": {
                  "id": "0x40cf2a46c02c6d8ad70f93b33b6d703b2a47c517b5b5b5ca9e19832f1705cf39",
                  "balance": "300"
                }
              }
            }
          }
        }
      ]
    }
  }
}

task 22, lines 237-261:
//# run-graphql --cursors bcs(42u64) bcs(43u64) bcs(45u64)
Response: {
  "data": {
    "atCp1": {
      "version": 7,
      "df42": {
        "name": {
          "json": "42"
        },
        "value": {
          "json": "999"
        }
      },
      "df43": null,
      "df45": null,
      "asMoveObject": {
        "df42": {
          "name": {
            "json": "42"
          },
          "value": {
            "json": "999"
          }
        },
        "df43": null,
        "df45": null
      }
    },
    "atCp2": {
      "version": 8,
      "df42": {
        "name": {
          "json": "42"
        },
        "value": {
          "json": "999"
        }
      },
      "df43": {
        "name": {
          "json": "43"
        },
        "value": {
          "json": {
            "id": "0x371c1d8ce4a37183829c9ff13d3fc9e41c0b89e6ed077eb4a0c2340f5ecfdaba",
            "balance": "100"
          }
        }
      },
      "df45": null,
      "asMoveObject": {
        "df42": {
          "name": {
            "json": "42"
          },
          "value": {
            "json": "999"
          }
        },
        "df43": {
          "name": {
            "json": "43"
          },
          "value": {
            "json": {
              "id": "0x371c1d8ce4a37183829c9ff13d3fc9e41c0b89e6ed077eb4a0c2340f5ecfdaba",
              "balance": "100"
            }
          }
        },
        "df45": null
      }
    },
    "atCp3": {
      "version": 10,
      "df42": {
        "name": {
          "json": "42"
        },
        "value": {
          "json": "999"
        }
      },
      "df43": {
        "name": {
          "json": "43"
        },
        "value": {
          "json": {
            "id": "0x371c1d8ce4a37183829c9ff13d3fc9e41c0b89e6ed077eb4a0c2340f5ecfdaba",
            "balance": "100"
          }
        }
      },
      "df45": {
        "name": {
          "json": "45"
        },
        "value": {
          "json": {
            "id": "0x40cf2a46c02c6d8ad70f93b33b6d703b2a47c517b5b5b5ca9e19832f1705cf39",
            "balance": "300"
          }
        }
      },
      "asMoveObject": {
        "df42": {
          "name": {
            "json": "42"
          },
          "value": {
            "json": "999"
          }
        },
        "df43": {
          "name": {
            "json": "43"
          },
          "value": {
            "json": {
              "id": "0x371c1d8ce4a37183829c9ff13d3fc9e41c0b89e6ed077eb4a0c2340f5ecfdaba",
              "balance": "100"
            }
          }
        },
        "df45": {
          "name": {
            "json": "45"
          },
          "value": {
            "json": {
              "id": "0x40cf2a46c02c6d8ad70f93b33b6d703b2a47c517b5b5b5ca9e19832f1705cf39",
              "balance": "300"
            }
          }
        }
      }
    }
  }
}
