---
source: external-crates/move/crates/move-transactional-test-runner/src/framework.rs
---
processed 23 tasks

init:
A: object(0,0)

task 1, lines 7-9:
//# programmable --sender A --inputs 1
//> SplitCoins(Gas, [Input(0)]);
//> MergeCoins(Gas, [Result(0)])
mutated: object(0,0)
gas summary: computation_cost: 1000000, storage_cost: 988000,  storage_rebate: 0, non_refundable_storage_fee: 0

task 2, lines 11-13:
//# programmable --sender A --inputs 1
//> SplitCoins(Gas, [Input(0)]);
//> MergeCoins(Gas, [Result(0)])
mutated: object(0,0)
gas summary: computation_cost: 1000000, storage_cost: 988000,  storage_rebate: 978120, non_refundable_storage_fee: 9880

task 3, line 15:
//# create-checkpoint
Checkpoint created: 1

task 4, lines 17-19:
//# programmable --sender A --inputs 1
//> SplitCoins(Gas, [Input(0)]);
//> MergeCoins(Gas, [Result(0)])
mutated: object(0,0)
gas summary: computation_cost: 1000000, storage_cost: 988000,  storage_rebate: 978120, non_refundable_storage_fee: 9880

task 5, lines 21-23:
//# programmable --sender A --inputs 1
//> SplitCoins(Gas, [Input(0)]);
//> MergeCoins(Gas, [Result(0)])
mutated: object(0,0)
gas summary: computation_cost: 1000000, storage_cost: 988000,  storage_rebate: 978120, non_refundable_storage_fee: 9880

task 6, line 25:
//# create-checkpoint
Checkpoint created: 2

task 7, lines 27-29:
//# programmable --sender A --inputs 1
//> SplitCoins(Gas, [Input(0)]);
//> MergeCoins(Gas, [Result(0)])
mutated: object(0,0)
gas summary: computation_cost: 1000000, storage_cost: 988000,  storage_rebate: 978120, non_refundable_storage_fee: 9880

task 8, line 31:
//# create-checkpoint
Checkpoint created: 3

task 9, lines 33-57:
//# run-graphql
Response: {
  "data": {
    "objectVersions": {
      "pageInfo": {
        "hasPreviousPage": false,
        "hasNextPage": false,
        "startCursor": "MQ==",
        "endCursor": "Ng=="
      },
      "edges": [
        {
          "cursor": "MQ==",
          "node": {
            "address": "0x76448b459535ef83eeb9dde937754a446d123bb79a94ed447d98d6ba58347dc0",
            "version": 1,
            "objectBcs": "AAEBAQAAAAAAAAAodkSLRZU174Puud3pN3VKRG0SO7ealO1EfZjWulg0fcAAwG4x2RABAAD8zJpCG7sTwaZqGqmPCtdQKe3pSFd3nGkVtE+UBouSHiBAKkINXjSHjjYs009WlApB34uZrp7gpY95ofCyc18mOwAAAAAAAAAA",
            "asMoveObject": {
              "contents": {
                "type": {
                  "repr": "0x0000000000000000000000000000000000000000000000000000000000000002::coin::Coin<0x0000000000000000000000000000000000000000000000000000000000000002::haneul::HANEUL>"
                },
                "json": {
                  "id": "0x76448b459535ef83eeb9dde937754a446d123bb79a94ed447d98d6ba58347dc0",
                  "balance": "300000000000000"
                }
              }
            }
          }
        },
        {
          "cursor": "Mg==",
          "node": {
            "address": "0x76448b459535ef83eeb9dde937754a446d123bb79a94ed447d98d6ba58347dc0",
            "version": 2,
            "objectBcs": "AAEBAgAAAAAAAAAodkSLRZU174Puud3pN3VKRG0SO7ealO1EfZjWulg0fcBgalAx2RABAAD8zJpCG7sTwaZqGqmPCtdQKe3pSFd3nGkVtE+UBouSHiBbVLNDtHIm1EldCtpWBKfpO3sS2G7j+rpxe6wWiR1UpmATDwAAAAAA",
            "asMoveObject": {
              "contents": {
                "type": {
                  "repr": "0x0000000000000000000000000000000000000000000000000000000000000002::coin::Coin<0x0000000000000000000000000000000000000000000000000000000000000002::haneul::HANEUL>"
                },
                "json": {
                  "id": "0x76448b459535ef83eeb9dde937754a446d123bb79a94ed447d98d6ba58347dc0",
                  "balance": "299999998012000"
                }
              }
            }
          }
        },
        {
          "cursor": "Mw==",
          "node": {
            "address": "0x76448b459535ef83eeb9dde937754a446d123bb79a94ed447d98d6ba58347dc0",
            "version": 3,
            "objectBcs": "AAEBAwAAAAAAAAAodkSLRZU174Puud3pN3VKRG0SO7ealO1EfZjWulg0fcCIAUEx2RABAAD8zJpCG7sTwaZqGqmPCtdQKe3pSFd3nGkVtE+UBouSHiBQq9VbmvfQd+uTuxe4shNlEGsZBe0BAfaJEjznO1K6dGATDwAAAAAA",
            "asMoveObject": {
              "contents": {
                "type": {
                  "repr": "0x0000000000000000000000000000000000000000000000000000000000000002::coin::Coin<0x0000000000000000000000000000000000000000000000000000000000000002::haneul::HANEUL>"
                },
                "json": {
                  "id": "0x76448b459535ef83eeb9dde937754a446d123bb79a94ed447d98d6ba58347dc0",
                  "balance": "299999997002120"
                }
              }
            }
          }
        },
        {
          "cursor": "NA==",
          "node": {
            "address": "0x76448b459535ef83eeb9dde937754a446d123bb79a94ed447d98d6ba58347dc0",
            "version": 4,
            "objectBcs": "AAEBBAAAAAAAAAAodkSLRZU174Puud3pN3VKRG0SO7ealO1EfZjWulg0fcCwmDEx2RABAAD8zJpCG7sTwaZqGqmPCtdQKe3pSFd3nGkVtE+UBouSHiAV+HZgMOrICmUGqndrrVH0xcjOk29XRg+W0zo8JS0E0WATDwAAAAAA",
            "asMoveObject": {
              "contents": {
                "type": {
                  "repr": "0x0000000000000000000000000000000000000000000000000000000000000002::coin::Coin<0x0000000000000000000000000000000000000000000000000000000000000002::haneul::HANEUL>"
                },
                "json": {
                  "id": "0x76448b459535ef83eeb9dde937754a446d123bb79a94ed447d98d6ba58347dc0",
                  "balance": "299999995992240"
                }
              }
            }
          }
        },
        {
          "cursor": "NQ==",
          "node": {
            "address": "0x76448b459535ef83eeb9dde937754a446d123bb79a94ed447d98d6ba58347dc0",
            "version": 5,
            "objectBcs": "AAEBBQAAAAAAAAAodkSLRZU174Puud3pN3VKRG0SO7ealO1EfZjWulg0fcDYLyIx2RABAAD8zJpCG7sTwaZqGqmPCtdQKe3pSFd3nGkVtE+UBouSHiBIvFGKNqkG/r82AEIqwl1bqZ+oVpDDuyiAxX8dCjnd62ATDwAAAAAA",
            "asMoveObject": {
              "contents": {
                "type": {
                  "repr": "0x0000000000000000000000000000000000000000000000000000000000000002::coin::Coin<0x0000000000000000000000000000000000000000000000000000000000000002::haneul::HANEUL>"
                },
                "json": {
                  "id": "0x76448b459535ef83eeb9dde937754a446d123bb79a94ed447d98d6ba58347dc0",
                  "balance": "299999994982360"
                }
              }
            }
          }
        },
        {
          "cursor": "Ng==",
          "node": {
            "address": "0x76448b459535ef83eeb9dde937754a446d123bb79a94ed447d98d6ba58347dc0",
            "version": 6,
            "objectBcs": "AAEBBgAAAAAAAAAodkSLRZU174Puud3pN3VKRG0SO7ealO1EfZjWulg0fcAAxxIx2RABAAD8zJpCG7sTwaZqGqmPCtdQKe3pSFd3nGkVtE+UBouSHiCX0xH1WTHTuogrvQ9JAw2fonndfa2X6Nq7PXbtaTNw6mATDwAAAAAA",
            "asMoveObject": {
              "contents": {
                "type": {
                  "repr": "0x0000000000000000000000000000000000000000000000000000000000000002::coin::Coin<0x0000000000000000000000000000000000000000000000000000000000000002::haneul::HANEUL>"
                },
                "json": {
                  "id": "0x76448b459535ef83eeb9dde937754a446d123bb79a94ed447d98d6ba58347dc0",
                  "balance": "299999993972480"
                }
              }
            }
          }
        }
      ]
    }
  }
}

task 10, lines 59-70:
//# run-graphql
Response: {
  "data": {
    "objectVersions": {
      "pageInfo": {
        "hasPreviousPage": false,
        "hasNextPage": true,
        "startCursor": "MQ==",
        "endCursor": "Mw=="
      },
      "nodes": [
        {
          "version": 1
        },
        {
          "version": 2
        },
        {
          "version": 3
        }
      ]
    }
  }
}

task 11, lines 72-83:
//# run-graphql
Response: {
  "data": {
    "objectVersions": {
      "pageInfo": {
        "hasPreviousPage": true,
        "hasNextPage": false,
        "startCursor": "NA==",
        "endCursor": "Ng=="
      },
      "nodes": [
        {
          "version": 4
        },
        {
          "version": 5
        },
        {
          "version": 6
        }
      ]
    }
  }
}

task 12, lines 85-96:
//# run-graphql --cursors 1
Response: {
  "data": {
    "objectVersions": {
      "pageInfo": {
        "hasPreviousPage": true,
        "hasNextPage": true,
        "startCursor": "Mg==",
        "endCursor": "NA=="
      },
      "nodes": [
        {
          "version": 2
        },
        {
          "version": 3
        },
        {
          "version": 4
        }
      ]
    }
  }
}

task 13, lines 98-109:
//# run-graphql --cursors 4
Response: {
  "data": {
    "objectVersions": {
      "pageInfo": {
        "hasPreviousPage": true,
        "hasNextPage": false,
        "startCursor": "NQ==",
        "endCursor": "Ng=="
      },
      "nodes": [
        {
          "version": 5
        },
        {
          "version": 6
        }
      ]
    }
  }
}

task 14, lines 111-122:
//# run-graphql --cursors 4
Response: {
  "data": {
    "objectVersions": {
      "pageInfo": {
        "hasPreviousPage": true,
        "hasNextPage": false,
        "startCursor": "NQ==",
        "endCursor": "Ng=="
      },
      "nodes": [
        {
          "version": 5
        },
        {
          "version": 6
        }
      ]
    }
  }
}

task 15, lines 124-135:
//# run-graphql --cursors 5
Response: {
  "data": {
    "objectVersions": {
      "pageInfo": {
        "hasPreviousPage": true,
        "hasNextPage": true,
        "startCursor": "Mg==",
        "endCursor": "NA=="
      },
      "nodes": [
        {
          "version": 2
        },
        {
          "version": 3
        },
        {
          "version": 4
        }
      ]
    }
  }
}

task 16, lines 137-148:
//# run-graphql --cursors 5
Response: {
  "data": {
    "objectVersions": {
      "pageInfo": {
        "hasPreviousPage": false,
        "hasNextPage": true,
        "startCursor": "MQ==",
        "endCursor": "Mw=="
      },
      "nodes": [
        {
          "version": 1
        },
        {
          "version": 2
        },
        {
          "version": 3
        }
      ]
    }
  }
}

task 17, lines 150-161:
//# run-graphql --cursors 2
Response: {
  "data": {
    "objectVersions": {
      "pageInfo": {
        "hasPreviousPage": false,
        "hasNextPage": true,
        "startCursor": "MQ==",
        "endCursor": "MQ=="
      },
      "nodes": [
        {
          "version": 1
        }
      ]
    }
  }
}

task 18, lines 163-174:
//# run-graphql --cursors 2
Response: {
  "data": {
    "objectVersions": {
      "pageInfo": {
        "hasPreviousPage": false,
        "hasNextPage": true,
        "startCursor": "MQ==",
        "endCursor": "MQ=="
      },
      "nodes": [
        {
          "version": 1
        }
      ]
    }
  }
}

task 19, lines 176-187:
//# run-graphql --cursors 1 4
Response: {
  "data": {
    "objectVersions": {
      "pageInfo": {
        "hasPreviousPage": true,
        "hasNextPage": true,
        "startCursor": "Mg==",
        "endCursor": "Mw=="
      },
      "nodes": [
        {
          "version": 2
        },
        {
          "version": 3
        }
      ]
    }
  }
}

task 20, lines 189-200:
//# run-graphql --cursors 1 4
Response: {
  "data": {
    "objectVersions": {
      "pageInfo": {
        "hasPreviousPage": true,
        "hasNextPage": true,
        "startCursor": "Mg==",
        "endCursor": "Mg=="
      },
      "nodes": [
        {
          "version": 2
        }
      ]
    }
  }
}

task 21, lines 202-213:
//# run-graphql --cursors 1 4
Response: {
  "data": {
    "objectVersions": {
      "pageInfo": {
        "hasPreviousPage": true,
        "hasNextPage": true,
        "startCursor": "Mw==",
        "endCursor": "Mw=="
      },
      "nodes": [
        {
          "version": 3
        }
      ]
    }
  }
}

task 22, lines 215-226:
//# run-graphql
Response: {
  "data": {
    "object": {
      "objectVersionsBefore": {
        "nodes": [
          {
            "version": 1
          },
          {
            "version": 2
          }
        ]
      },
      "version": 3,
      "objectVersionsAfter": {
        "nodes": [
          {
            "version": 4
          },
          {
            "version": 5
          },
          {
            "version": 6
          }
        ]
      }
    }
  }
}
