---
source: external-crates/move/crates/move-transactional-test-runner/src/framework.rs
---
processed 46 tasks

init:
A: object(0,0)

// Paginating the owned objects of an object fetched at a specific version is
// not supported, but we do support paginating the owned objects of an object
// that is latest as of a particular checkpoint. At a surface level, this is
// because of a limitation in our indexing, but this is a symptom of a deeper
// reason:
//
// - The index used to track object ownership tracks state at checkpoint boundaries.
// - Objects are versioned (every update to an object bumps its version), and
//   an object can transition through multiple versions in one checkpoint.
//
// This means that if you are looking at an object at a specific version, that
// version might not be at a checkpoint boundary, and so the ownership index
// cannot tell you which objects it owned at that version.
//
// The deeper reason for this limitation is that transferring an object A to
// another object B only modifies A, not B (it is A's "owner" field that has
// been updated).

task 1, lines 25-28:
//# programmable --sender A --inputs 100
//> 0: SplitCoins(Gas, [Input(0)]);
//> 1: haneul::object::id_address<haneul::coin::Coin<haneul::haneul::HANEUL>>(Gas);
//> 2: TransferObjects([Result(0)], Result(1))
created: object(1,0)
mutated: object(0,0)
gas summary: computation_cost: 1000000, storage_cost: 1976000,  storage_rebate: 0, non_refundable_storage_fee: 0

task 2, lines 30-33:
//# programmable --sender A --inputs 200
//> 0: SplitCoins(Gas, [Input(0)]);
//> 1: haneul::object::id_address<haneul::coin::Coin<haneul::haneul::HANEUL>>(Gas);
//> 2: TransferObjects([Result(0)], Result(1))
created: object(2,0)
mutated: object(0,0)
gas summary: computation_cost: 1000000, storage_cost: 1976000,  storage_rebate: 978120, non_refundable_storage_fee: 9880

task 3, line 35:
//# create-checkpoint
Checkpoint created: 1

task 4, lines 37-40:
//# programmable --sender A --inputs 300
//> 0: SplitCoins(Gas, [Input(0)]);
//> 1: haneul::object::id_address<haneul::coin::Coin<haneul::haneul::HANEUL>>(Gas);
//> 2: TransferObjects([Result(0)], Result(1))
created: object(4,0)
mutated: object(0,0)
gas summary: computation_cost: 1000000, storage_cost: 1976000,  storage_rebate: 978120, non_refundable_storage_fee: 9880

task 5, lines 42-47:
//# programmable --sender A --inputs 400 500
//> 0: SplitCoins(Gas, [Input(0), Input(1)]);
//> 1: haneul::object::id_address<haneul::coin::Coin<haneul::haneul::HANEUL>>(NestedResult(0,0));
//> 2: TransferObjects([NestedResult(0,1)], Result(1));
//> 3: haneul::object::id_address<haneul::coin::Coin<haneul::haneul::HANEUL>>(Gas);
//> 4: TransferObjects([NestedResult(0,0)], Result(3))
created: object(5,0), object(5,1)
mutated: object(0,0)
gas summary: computation_cost: 1000000, storage_cost: 2964000,  storage_rebate: 978120, non_refundable_storage_fee: 9880

task 6, lines 49-51:
//# programmable --sender A --inputs 600 @0x2
//> 0: SplitCoins(Gas, [Input(0)]);
//> 1: TransferObjects([Result(0)], Input(1))
created: object(6,0)
mutated: object(0,0)
gas summary: computation_cost: 1000000, storage_cost: 1976000,  storage_rebate: 978120, non_refundable_storage_fee: 9880

task 7, line 53:
//# create-checkpoint
Checkpoint created: 2

task 8, lines 55-58:
//# publish --upgradeable --sender A
created: object(8,0), object(8,1)
mutated: object(0,0)
gas summary: computation_cost: 1000000, storage_cost: 5099600,  storage_rebate: 978120, non_refundable_storage_fee: 9880

task 9, lines 60-63:
//# upgrade --package P0 --upgrade-capability 8,1 --sender A
created: object(9,0)
mutated: object(0,0), object(8,1)
gas summary: computation_cost: 1000000, storage_cost: 5099600,  storage_rebate: 2595780, non_refundable_storage_fee: 26220

task 10, line 65:
//# create-checkpoint
Checkpoint created: 3

task 11, lines 67-72:
//# run-graphql
Response: {
  "data": {
    "object": {
      "objects": null
    }
  },
  "errors": [
    {
      "message": "Cannot paginate owned objects for a parent object's address if its version is bounded. Fetch the parent at a checkpoint in the consistent range to list its owned objects.",
      "locations": [
        {
          "line": 3,
          "column": 5
        }
      ],
      "path": [
        "object",
        "objects"
      ],
      "extensions": {
        "code": "BAD_USER_INPUT"
      }
    }
  ]
}

task 12, lines 74-81:
//# run-graphql
Response: {
  "data": {
    "object": {
      "objectAt": {
        "objects": null
      }
    }
  },
  "errors": [
    {
      "message": "Cannot paginate owned objects for a parent object's address if its version is bounded. Fetch the parent at a checkpoint in the consistent range to list its owned objects.",
      "locations": [
        {
          "line": 4,
          "column": 7
        }
      ],
      "path": [
        "object",
        "objectAt",
        "objects"
      ],
      "extensions": {
        "code": "BAD_USER_INPUT"
      }
    }
  ]
}

task 13, lines 83-88:
//# run-graphql
Response: {
  "data": {
    "object": {
      "balances": null
    }
  },
  "errors": [
    {
      "message": "Cannot query balances for a parent object's address if its version is bounded. Fetch the parent at a checkpoint in the consistent range to query its balances.",
      "locations": [
        {
          "line": 3,
          "column": 5
        }
      ],
      "path": [
        "object",
        "balances"
      ],
      "extensions": {
        "code": "BAD_USER_INPUT"
      }
    }
  ]
}

task 14, lines 90-95:
//# run-graphql
Response: {
  "data": {
    "object": {
      "balance": null
    }
  },
  "errors": [
    {
      "message": "Cannot query balances for a parent object's address if its version is bounded. Fetch the parent at a checkpoint in the consistent range to query its balances.",
      "locations": [
        {
          "line": 3,
          "column": 5
        }
      ],
      "path": [
        "object",
        "balance"
      ],
      "extensions": {
        "code": "BAD_USER_INPUT"
      }
    }
  ]
}

task 15, lines 97-102:
//# run-graphql
Response: {
  "data": {
    "object": {
      "multiGetBalances": null
    }
  },
  "errors": [
    {
      "message": "Cannot query balances for a parent object's address if its version is bounded. Fetch the parent at a checkpoint in the consistent range to query its balances.",
      "locations": [
        {
          "line": 3,
          "column": 5
        }
      ],
      "path": [
        "object",
        "multiGetBalances"
      ],
      "extensions": {
        "code": "BAD_USER_INPUT"
      }
    }
  ]
}

task 16, lines 104-109:
//# run-graphql
Response: {
  "data": {
    "object": {
      "objects": null
    }
  },
  "errors": [
    {
      "message": "Cannot paginate owned objects for a parent object's address if its version is bounded. Fetch the parent at a checkpoint in the consistent range to list its owned objects.",
      "locations": [
        {
          "line": 3,
          "column": 5
        }
      ],
      "path": [
        "object",
        "objects"
      ],
      "extensions": {
        "code": "BAD_USER_INPUT"
      }
    }
  ]
}

task 17, lines 111-116:
//# run-graphql
Response: {
  "data": {
    "object": {
      "balances": null
    }
  },
  "errors": [
    {
      "message": "Cannot query balances for a parent object's address if its version is bounded. Fetch the parent at a checkpoint in the consistent range to query its balances.",
      "locations": [
        {
          "line": 3,
          "column": 5
        }
      ],
      "path": [
        "object",
        "balances"
      ],
      "extensions": {
        "code": "BAD_USER_INPUT"
      }
    }
  ]
}

task 18, lines 118-123:
//# run-graphql
Response: {
  "data": {
    "object": {
      "balance": null
    }
  },
  "errors": [
    {
      "message": "Cannot query balances for a parent object's address if its version is bounded. Fetch the parent at a checkpoint in the consistent range to query its balances.",
      "locations": [
        {
          "line": 3,
          "column": 5
        }
      ],
      "path": [
        "object",
        "balance"
      ],
      "extensions": {
        "code": "BAD_USER_INPUT"
      }
    }
  ]
}

task 19, lines 125-130:
//# run-graphql
Response: {
  "data": {
    "object": {
      "multiGetBalances": null
    }
  },
  "errors": [
    {
      "message": "Cannot query balances for a parent object's address if its version is bounded. Fetch the parent at a checkpoint in the consistent range to query its balances.",
      "locations": [
        {
          "line": 3,
          "column": 5
        }
      ],
      "path": [
        "object",
        "multiGetBalances"
      ],
      "extensions": {
        "code": "BAD_USER_INPUT"
      }
    }
  ]
}

task 20, lines 132-141:
//# run-graphql
Response: {
  "data": {
    "transactionEffects": {
      "gasEffects": {
        "gasObject": {
          "objects": null
        }
      }
    }
  },
  "errors": [
    {
      "message": "Cannot paginate owned objects for a parent object's address if its version is bounded. Fetch the parent at a checkpoint in the consistent range to list its owned objects.",
      "locations": [
        {
          "line": 5,
          "column": 9
        }
      ],
      "path": [
        "transactionEffects",
        "gasEffects",
        "gasObject",
        "objects"
      ],
      "extensions": {
        "code": "BAD_USER_INPUT"
      }
    }
  ]
}

task 21, lines 143-152:
//# run-graphql
Response: {
  "data": {
    "transactionEffects": {
      "gasEffects": {
        "gasObject": {
          "balances": null
        }
      }
    }
  },
  "errors": [
    {
      "message": "Cannot query balances for a parent object's address if its version is bounded. Fetch the parent at a checkpoint in the consistent range to query its balances.",
      "locations": [
        {
          "line": 5,
          "column": 9
        }
      ],
      "path": [
        "transactionEffects",
        "gasEffects",
        "gasObject",
        "balances"
      ],
      "extensions": {
        "code": "BAD_USER_INPUT"
      }
    }
  ]
}

task 22, lines 154-163:
//# run-graphql
Response: {
  "data": {
    "transactionEffects": {
      "gasEffects": {
        "gasObject": {
          "balance": null
        }
      }
    }
  },
  "errors": [
    {
      "message": "Cannot query balances for a parent object's address if its version is bounded. Fetch the parent at a checkpoint in the consistent range to query its balances.",
      "locations": [
        {
          "line": 5,
          "column": 9
        }
      ],
      "path": [
        "transactionEffects",
        "gasEffects",
        "gasObject",
        "balance"
      ],
      "extensions": {
        "code": "BAD_USER_INPUT"
      }
    }
  ]
}

task 23, lines 165-174:
//# run-graphql
Response: {
  "data": {
    "transactionEffects": {
      "gasEffects": {
        "gasObject": {
          "multiGetBalances": null
        }
      }
    }
  },
  "errors": [
    {
      "message": "Cannot query balances for a parent object's address if its version is bounded. Fetch the parent at a checkpoint in the consistent range to query its balances.",
      "locations": [
        {
          "line": 5,
          "column": 9
        }
      ],
      "path": [
        "transactionEffects",
        "gasEffects",
        "gasObject",
        "multiGetBalances"
      ],
      "extensions": {
        "code": "BAD_USER_INPUT"
      }
    }
  ]
}

task 24, lines 176-185:
//# run-graphql
Response: {
  "data": {
    "object": {
      "objectVersionsBefore": {
        "nodes": [
          {
            "objects": null
          },
          {
            "objects": null
          },
          {
            "objects": null
          },
          {
            "objects": null
          },
          {
            "objects": null
          },
          {
            "objects": null
          },
          {
            "objects": null
          }
        ]
      }
    }
  },
  "errors": [
    {
      "message": "Cannot paginate owned objects for a parent object's address if its version is bounded. Fetch the parent at a checkpoint in the consistent range to list its owned objects.",
      "locations": [
        {
          "line": 5,
          "column": 9
        }
      ],
      "path": [
        "object",
        "objectVersionsBefore",
        "nodes",
        0,
        "objects"
      ],
      "extensions": {
        "code": "BAD_USER_INPUT"
      }
    },
    {
      "message": "Cannot paginate owned objects for a parent object's address if its version is bounded. Fetch the parent at a checkpoint in the consistent range to list its owned objects.",
      "locations": [
        {
          "line": 5,
          "column": 9
        }
      ],
      "path": [
        "object",
        "objectVersionsBefore",
        "nodes",
        1,
        "objects"
      ],
      "extensions": {
        "code": "BAD_USER_INPUT"
      }
    },
    {
      "message": "Cannot paginate owned objects for a parent object's address if its version is bounded. Fetch the parent at a checkpoint in the consistent range to list its owned objects.",
      "locations": [
        {
          "line": 5,
          "column": 9
        }
      ],
      "path": [
        "object",
        "objectVersionsBefore",
        "nodes",
        2,
        "objects"
      ],
      "extensions": {
        "code": "BAD_USER_INPUT"
      }
    },
    {
      "message": "Cannot paginate owned objects for a parent object's address if its version is bounded. Fetch the parent at a checkpoint in the consistent range to list its owned objects.",
      "locations": [
        {
          "line": 5,
          "column": 9
        }
      ],
      "path": [
        "object",
        "objectVersionsBefore",
        "nodes",
        3,
        "objects"
      ],
      "extensions": {
        "code": "BAD_USER_INPUT"
      }
    },
    {
      "message": "Cannot paginate owned objects for a parent object's address if its version is bounded. Fetch the parent at a checkpoint in the consistent range to list its owned objects.",
      "locations": [
        {
          "line": 5,
          "column": 9
        }
      ],
      "path": [
        "object",
        "objectVersionsBefore",
        "nodes",
        4,
        "objects"
      ],
      "extensions": {
        "code": "BAD_USER_INPUT"
      }
    },
    {
      "message": "Cannot paginate owned objects for a parent object's address if its version is bounded. Fetch the parent at a checkpoint in the consistent range to list its owned objects.",
      "locations": [
        {
          "line": 5,
          "column": 9
        }
      ],
      "path": [
        "object",
        "objectVersionsBefore",
        "nodes",
        5,
        "objects"
      ],
      "extensions": {
        "code": "BAD_USER_INPUT"
      }
    },
    {
      "message": "Cannot paginate owned objects for a parent object's address if its version is bounded. Fetch the parent at a checkpoint in the consistent range to list its owned objects.",
      "locations": [
        {
          "line": 5,
          "column": 9
        }
      ],
      "path": [
        "object",
        "objectVersionsBefore",
        "nodes",
        6,
        "objects"
      ],
      "extensions": {
        "code": "BAD_USER_INPUT"
      }
    }
  ]
}

task 25, lines 187-196:
//# run-graphql
Response: {
  "data": {
    "object": {
      "objectVersionsBefore": {
        "nodes": [
          {
            "balances": null
          },
          {
            "balances": null
          },
          {
            "balances": null
          },
          {
            "balances": null
          },
          {
            "balances": null
          },
          {
            "balances": null
          },
          {
            "balances": null
          }
        ]
      }
    }
  },
  "errors": [
    {
      "message": "Cannot query balances for a parent object's address if its version is bounded. Fetch the parent at a checkpoint in the consistent range to query its balances.",
      "locations": [
        {
          "line": 5,
          "column": 9
        }
      ],
      "path": [
        "object",
        "objectVersionsBefore",
        "nodes",
        0,
        "balances"
      ],
      "extensions": {
        "code": "BAD_USER_INPUT"
      }
    },
    {
      "message": "Cannot query balances for a parent object's address if its version is bounded. Fetch the parent at a checkpoint in the consistent range to query its balances.",
      "locations": [
        {
          "line": 5,
          "column": 9
        }
      ],
      "path": [
        "object",
        "objectVersionsBefore",
        "nodes",
        1,
        "balances"
      ],
      "extensions": {
        "code": "BAD_USER_INPUT"
      }
    },
    {
      "message": "Cannot query balances for a parent object's address if its version is bounded. Fetch the parent at a checkpoint in the consistent range to query its balances.",
      "locations": [
        {
          "line": 5,
          "column": 9
        }
      ],
      "path": [
        "object",
        "objectVersionsBefore",
        "nodes",
        2,
        "balances"
      ],
      "extensions": {
        "code": "BAD_USER_INPUT"
      }
    },
    {
      "message": "Cannot query balances for a parent object's address if its version is bounded. Fetch the parent at a checkpoint in the consistent range to query its balances.",
      "locations": [
        {
          "line": 5,
          "column": 9
        }
      ],
      "path": [
        "object",
        "objectVersionsBefore",
        "nodes",
        3,
        "balances"
      ],
      "extensions": {
        "code": "BAD_USER_INPUT"
      }
    },
    {
      "message": "Cannot query balances for a parent object's address if its version is bounded. Fetch the parent at a checkpoint in the consistent range to query its balances.",
      "locations": [
        {
          "line": 5,
          "column": 9
        }
      ],
      "path": [
        "object",
        "objectVersionsBefore",
        "nodes",
        4,
        "balances"
      ],
      "extensions": {
        "code": "BAD_USER_INPUT"
      }
    },
    {
      "message": "Cannot query balances for a parent object's address if its version is bounded. Fetch the parent at a checkpoint in the consistent range to query its balances.",
      "locations": [
        {
          "line": 5,
          "column": 9
        }
      ],
      "path": [
        "object",
        "objectVersionsBefore",
        "nodes",
        5,
        "balances"
      ],
      "extensions": {
        "code": "BAD_USER_INPUT"
      }
    },
    {
      "message": "Cannot query balances for a parent object's address if its version is bounded. Fetch the parent at a checkpoint in the consistent range to query its balances.",
      "locations": [
        {
          "line": 5,
          "column": 9
        }
      ],
      "path": [
        "object",
        "objectVersionsBefore",
        "nodes",
        6,
        "balances"
      ],
      "extensions": {
        "code": "BAD_USER_INPUT"
      }
    }
  ]
}

task 26, lines 198-207:
//# run-graphql
Response: {
  "data": {
    "object": {
      "objectVersionsBefore": {
        "nodes": [
          {
            "balance": null
          },
          {
            "balance": null
          },
          {
            "balance": null
          },
          {
            "balance": null
          },
          {
            "balance": null
          },
          {
            "balance": null
          },
          {
            "balance": null
          }
        ]
      }
    }
  },
  "errors": [
    {
      "message": "Cannot query balances for a parent object's address if its version is bounded. Fetch the parent at a checkpoint in the consistent range to query its balances.",
      "locations": [
        {
          "line": 5,
          "column": 9
        }
      ],
      "path": [
        "object",
        "objectVersionsBefore",
        "nodes",
        0,
        "balance"
      ],
      "extensions": {
        "code": "BAD_USER_INPUT"
      }
    },
    {
      "message": "Cannot query balances for a parent object's address if its version is bounded. Fetch the parent at a checkpoint in the consistent range to query its balances.",
      "locations": [
        {
          "line": 5,
          "column": 9
        }
      ],
      "path": [
        "object",
        "objectVersionsBefore",
        "nodes",
        1,
        "balance"
      ],
      "extensions": {
        "code": "BAD_USER_INPUT"
      }
    },
    {
      "message": "Cannot query balances for a parent object's address if its version is bounded. Fetch the parent at a checkpoint in the consistent range to query its balances.",
      "locations": [
        {
          "line": 5,
          "column": 9
        }
      ],
      "path": [
        "object",
        "objectVersionsBefore",
        "nodes",
        2,
        "balance"
      ],
      "extensions": {
        "code": "BAD_USER_INPUT"
      }
    },
    {
      "message": "Cannot query balances for a parent object's address if its version is bounded. Fetch the parent at a checkpoint in the consistent range to query its balances.",
      "locations": [
        {
          "line": 5,
          "column": 9
        }
      ],
      "path": [
        "object",
        "objectVersionsBefore",
        "nodes",
        3,
        "balance"
      ],
      "extensions": {
        "code": "BAD_USER_INPUT"
      }
    },
    {
      "message": "Cannot query balances for a parent object's address if its version is bounded. Fetch the parent at a checkpoint in the consistent range to query its balances.",
      "locations": [
        {
          "line": 5,
          "column": 9
        }
      ],
      "path": [
        "object",
        "objectVersionsBefore",
        "nodes",
        4,
        "balance"
      ],
      "extensions": {
        "code": "BAD_USER_INPUT"
      }
    },
    {
      "message": "Cannot query balances for a parent object's address if its version is bounded. Fetch the parent at a checkpoint in the consistent range to query its balances.",
      "locations": [
        {
          "line": 5,
          "column": 9
        }
      ],
      "path": [
        "object",
        "objectVersionsBefore",
        "nodes",
        5,
        "balance"
      ],
      "extensions": {
        "code": "BAD_USER_INPUT"
      }
    },
    {
      "message": "Cannot query balances for a parent object's address if its version is bounded. Fetch the parent at a checkpoint in the consistent range to query its balances.",
      "locations": [
        {
          "line": 5,
          "column": 9
        }
      ],
      "path": [
        "object",
        "objectVersionsBefore",
        "nodes",
        6,
        "balance"
      ],
      "extensions": {
        "code": "BAD_USER_INPUT"
      }
    }
  ]
}

task 27, lines 209-218:
//# run-graphql
Response: {
  "data": {
    "object": {
      "objectVersionsBefore": {
        "nodes": [
          {
            "multiGetBalances": null
          },
          {
            "multiGetBalances": null
          },
          {
            "multiGetBalances": null
          },
          {
            "multiGetBalances": null
          },
          {
            "multiGetBalances": null
          },
          {
            "multiGetBalances": null
          },
          {
            "multiGetBalances": null
          }
        ]
      }
    }
  },
  "errors": [
    {
      "message": "Cannot query balances for a parent object's address if its version is bounded. Fetch the parent at a checkpoint in the consistent range to query its balances.",
      "locations": [
        {
          "line": 5,
          "column": 9
        }
      ],
      "path": [
        "object",
        "objectVersionsBefore",
        "nodes",
        0,
        "multiGetBalances"
      ],
      "extensions": {
        "code": "BAD_USER_INPUT"
      }
    },
    {
      "message": "Cannot query balances for a parent object's address if its version is bounded. Fetch the parent at a checkpoint in the consistent range to query its balances.",
      "locations": [
        {
          "line": 5,
          "column": 9
        }
      ],
      "path": [
        "object",
        "objectVersionsBefore",
        "nodes",
        1,
        "multiGetBalances"
      ],
      "extensions": {
        "code": "BAD_USER_INPUT"
      }
    },
    {
      "message": "Cannot query balances for a parent object's address if its version is bounded. Fetch the parent at a checkpoint in the consistent range to query its balances.",
      "locations": [
        {
          "line": 5,
          "column": 9
        }
      ],
      "path": [
        "object",
        "objectVersionsBefore",
        "nodes",
        2,
        "multiGetBalances"
      ],
      "extensions": {
        "code": "BAD_USER_INPUT"
      }
    },
    {
      "message": "Cannot query balances for a parent object's address if its version is bounded. Fetch the parent at a checkpoint in the consistent range to query its balances.",
      "locations": [
        {
          "line": 5,
          "column": 9
        }
      ],
      "path": [
        "object",
        "objectVersionsBefore",
        "nodes",
        3,
        "multiGetBalances"
      ],
      "extensions": {
        "code": "BAD_USER_INPUT"
      }
    },
    {
      "message": "Cannot query balances for a parent object's address if its version is bounded. Fetch the parent at a checkpoint in the consistent range to query its balances.",
      "locations": [
        {
          "line": 5,
          "column": 9
        }
      ],
      "path": [
        "object",
        "objectVersionsBefore",
        "nodes",
        4,
        "multiGetBalances"
      ],
      "extensions": {
        "code": "BAD_USER_INPUT"
      }
    },
    {
      "message": "Cannot query balances for a parent object's address if its version is bounded. Fetch the parent at a checkpoint in the consistent range to query its balances.",
      "locations": [
        {
          "line": 5,
          "column": 9
        }
      ],
      "path": [
        "object",
        "objectVersionsBefore",
        "nodes",
        5,
        "multiGetBalances"
      ],
      "extensions": {
        "code": "BAD_USER_INPUT"
      }
    },
    {
      "message": "Cannot query balances for a parent object's address if its version is bounded. Fetch the parent at a checkpoint in the consistent range to query its balances.",
      "locations": [
        {
          "line": 5,
          "column": 9
        }
      ],
      "path": [
        "object",
        "objectVersionsBefore",
        "nodes",
        6,
        "multiGetBalances"
      ],
      "extensions": {
        "code": "BAD_USER_INPUT"
      }
    }
  ]
}

task 28, lines 220-225:
//# run-graphql
Response: {
  "data": {
    "package": {
      "objects": null
    }
  },
  "errors": [
    {
      "message": "Cannot paginate owned objects for a parent object's address if its version is bounded. Fetch the parent at a checkpoint in the consistent range to list its owned objects.",
      "locations": [
        {
          "line": 3,
          "column": 5
        }
      ],
      "path": [
        "package",
        "objects"
      ],
      "extensions": {
        "code": "BAD_USER_INPUT"
      }
    }
  ]
}

task 29, lines 227-234:
//# run-graphql
Response: {
  "data": {
    "package": {
      "packageAt": {
        "objects": null
      }
    }
  },
  "errors": [
    {
      "message": "Cannot paginate owned objects for a parent object's address if its version is bounded. Fetch the parent at a checkpoint in the consistent range to list its owned objects.",
      "locations": [
        {
          "line": 4,
          "column": 7
        }
      ],
      "path": [
        "package",
        "packageAt",
        "objects"
      ],
      "extensions": {
        "code": "BAD_USER_INPUT"
      }
    }
  ]
}

task 30, lines 236-241:
//# run-graphql
Response: {
  "data": {
    "package": {
      "balances": null
    }
  },
  "errors": [
    {
      "message": "Cannot query balances for a parent object's address if its version is bounded. Fetch the parent at a checkpoint in the consistent range to query its balances.",
      "locations": [
        {
          "line": 3,
          "column": 5
        }
      ],
      "path": [
        "package",
        "balances"
      ],
      "extensions": {
        "code": "BAD_USER_INPUT"
      }
    }
  ]
}

task 31, lines 243-248:
//# run-graphql
Response: {
  "data": {
    "package": {
      "balance": null
    }
  },
  "errors": [
    {
      "message": "Cannot query balances for a parent object's address if its version is bounded. Fetch the parent at a checkpoint in the consistent range to query its balances.",
      "locations": [
        {
          "line": 3,
          "column": 5
        }
      ],
      "path": [
        "package",
        "balance"
      ],
      "extensions": {
        "code": "BAD_USER_INPUT"
      }
    }
  ]
}

task 32, lines 250-255:
//# run-graphql
Response: {
  "data": {
    "package": {
      "multiGetBalances": null
    }
  },
  "errors": [
    {
      "message": "Cannot query balances for a parent object's address if its version is bounded. Fetch the parent at a checkpoint in the consistent range to query its balances.",
      "locations": [
        {
          "line": 3,
          "column": 5
        }
      ],
      "path": [
        "package",
        "multiGetBalances"
      ],
      "extensions": {
        "code": "BAD_USER_INPUT"
      }
    }
  ]
}

task 33, lines 257-274:
//# run-graphql
Response: {
  "data": {
    "package": {
      "previousTransaction": {
        "effects": {
          "objectChanges": {
            "nodes": [
              {
                "outputState": {
                  "asMovePackage": null
                }
              },
              {
                "outputState": {
                  "asMovePackage": null
                }
              },
              {
                "outputState": {
                  "asMovePackage": {
                    "objects": null
                  }
                }
              }
            ]
          }
        }
      }
    }
  },
  "errors": [
    {
      "message": "Cannot paginate owned objects for a parent object's address if its version is bounded. Fetch the parent at a checkpoint in the consistent range to list its owned objects.",
      "locations": [
        {
          "line": 9,
          "column": 17
        }
      ],
      "path": [
        "package",
        "previousTransaction",
        "effects",
        "objectChanges",
        "nodes",
        2,
        "outputState",
        "asMovePackage",
        "objects"
      ],
      "extensions": {
        "code": "BAD_USER_INPUT"
      }
    }
  ]
}

task 34, lines 276-293:
//# run-graphql
Response: {
  "data": {
    "package": {
      "previousTransaction": {
        "effects": {
          "objectChanges": {
            "nodes": [
              {
                "outputState": {
                  "asMovePackage": null
                }
              },
              {
                "outputState": {
                  "asMovePackage": null
                }
              },
              {
                "outputState": {
                  "asMovePackage": {
                    "balances": null
                  }
                }
              }
            ]
          }
        }
      }
    }
  },
  "errors": [
    {
      "message": "Cannot query balances for a parent object's address if its version is bounded. Fetch the parent at a checkpoint in the consistent range to query its balances.",
      "locations": [
        {
          "line": 9,
          "column": 17
        }
      ],
      "path": [
        "package",
        "previousTransaction",
        "effects",
        "objectChanges",
        "nodes",
        2,
        "outputState",
        "asMovePackage",
        "balances"
      ],
      "extensions": {
        "code": "BAD_USER_INPUT"
      }
    }
  ]
}

task 35, lines 295-312:
//# run-graphql
Response: {
  "data": {
    "package": {
      "previousTransaction": {
        "effects": {
          "objectChanges": {
            "nodes": [
              {
                "outputState": {
                  "asMovePackage": null
                }
              },
              {
                "outputState": {
                  "asMovePackage": null
                }
              },
              {
                "outputState": {
                  "asMovePackage": {
                    "balance": null
                  }
                }
              }
            ]
          }
        }
      }
    }
  },
  "errors": [
    {
      "message": "Cannot query balances for a parent object's address if its version is bounded. Fetch the parent at a checkpoint in the consistent range to query its balances.",
      "locations": [
        {
          "line": 9,
          "column": 17
        }
      ],
      "path": [
        "package",
        "previousTransaction",
        "effects",
        "objectChanges",
        "nodes",
        2,
        "outputState",
        "asMovePackage",
        "balance"
      ],
      "extensions": {
        "code": "BAD_USER_INPUT"
      }
    }
  ]
}

task 36, lines 314-331:
//# run-graphql
Response: {
  "data": {
    "package": {
      "previousTransaction": {
        "effects": {
          "objectChanges": {
            "nodes": [
              {
                "outputState": {
                  "asMovePackage": null
                }
              },
              {
                "outputState": {
                  "asMovePackage": null
                }
              },
              {
                "outputState": {
                  "asMovePackage": {
                    "multiGetBalances": null
                  }
                }
              }
            ]
          }
        }
      }
    }
  },
  "errors": [
    {
      "message": "Cannot query balances for a parent object's address if its version is bounded. Fetch the parent at a checkpoint in the consistent range to query its balances.",
      "locations": [
        {
          "line": 9,
          "column": 17
        }
      ],
      "path": [
        "package",
        "previousTransaction",
        "effects",
        "objectChanges",
        "nodes",
        2,
        "outputState",
        "asMovePackage",
        "multiGetBalances"
      ],
      "extensions": {
        "code": "BAD_USER_INPUT"
      }
    }
  ]
}

task 37, lines 333-342:
//# run-graphql
Response: {
  "data": {
    "package": {
      "packageVersionsBefore": {
        "nodes": [
          {
            "objects": null
          }
        ]
      }
    }
  },
  "errors": [
    {
      "message": "Cannot paginate owned objects for a parent object's address if its version is bounded. Fetch the parent at a checkpoint in the consistent range to list its owned objects.",
      "locations": [
        {
          "line": 5,
          "column": 9
        }
      ],
      "path": [
        "package",
        "packageVersionsBefore",
        "nodes",
        0,
        "objects"
      ],
      "extensions": {
        "code": "BAD_USER_INPUT"
      }
    }
  ]
}

task 38, lines 344-353:
//# run-graphql
Response: {
  "data": {
    "package": {
      "packageVersionsBefore": {
        "nodes": [
          {
            "balances": null
          }
        ]
      }
    }
  },
  "errors": [
    {
      "message": "Cannot query balances for a parent object's address if its version is bounded. Fetch the parent at a checkpoint in the consistent range to query its balances.",
      "locations": [
        {
          "line": 5,
          "column": 9
        }
      ],
      "path": [
        "package",
        "packageVersionsBefore",
        "nodes",
        0,
        "balances"
      ],
      "extensions": {
        "code": "BAD_USER_INPUT"
      }
    }
  ]
}

task 39, lines 355-364:
//# run-graphql
Response: {
  "data": {
    "package": {
      "packageVersionsBefore": {
        "nodes": [
          {
            "balance": null
          }
        ]
      }
    }
  },
  "errors": [
    {
      "message": "Cannot query balances for a parent object's address if its version is bounded. Fetch the parent at a checkpoint in the consistent range to query its balances.",
      "locations": [
        {
          "line": 5,
          "column": 9
        }
      ],
      "path": [
        "package",
        "packageVersionsBefore",
        "nodes",
        0,
        "balance"
      ],
      "extensions": {
        "code": "BAD_USER_INPUT"
      }
    }
  ]
}

task 40, lines 366-375:
//# run-graphql
Response: {
  "data": {
    "package": {
      "packageVersionsBefore": {
        "nodes": [
          {
            "multiGetBalances": null
          }
        ]
      }
    }
  },
  "errors": [
    {
      "message": "Cannot query balances for a parent object's address if its version is bounded. Fetch the parent at a checkpoint in the consistent range to query its balances.",
      "locations": [
        {
          "line": 5,
          "column": 9
        }
      ],
      "path": [
        "package",
        "packageVersionsBefore",
        "nodes",
        0,
        "multiGetBalances"
      ],
      "extensions": {
        "code": "BAD_USER_INPUT"
      }
    }
  ]
}

task 41, lines 377-395:
//# run-graphql
Response: {
  "data": {
    "cp1": {
      "query": {
        "object": {
          "objects": {
            "nodes": [
              {
                "contents": {
                  "json": {
                    "id": "0x14f1dadca3d30bb6a6d604b27c10e7deca05ee81cead5d587ed1dae06ba40cac",
                    "balance": "200"
                  }
                }
              },
              {
                "contents": {
                  "json": {
                    "id": "0xbecf5d0b6eb50e0f666a0cb734cea8cdbcd00810f355a1ccf025969ad802abc9",
                    "balance": "100"
                  }
                }
              }
            ]
          },
          "balances": {
            "nodes": [
              {
                "coinType": {
                  "repr": "0x0000000000000000000000000000000000000000000000000000000000000002::haneul::HANEUL"
                },
                "totalBalance": "300"
              }
            ]
          },
          "haneul": {
            "totalBalance": "300"
          },
          "empty": {
            "totalBalance": "0"
          }
        }
      }
    },
    "atCp1": {
      "objects": {
        "nodes": [
          {
            "contents": {
              "json": {
                "id": "0x14f1dadca3d30bb6a6d604b27c10e7deca05ee81cead5d587ed1dae06ba40cac",
                "balance": "200"
              }
            }
          },
          {
            "contents": {
              "json": {
                "id": "0xbecf5d0b6eb50e0f666a0cb734cea8cdbcd00810f355a1ccf025969ad802abc9",
                "balance": "100"
              }
            }
          }
        ]
      },
      "balances": {
        "nodes": [
          {
            "coinType": {
              "repr": "0x0000000000000000000000000000000000000000000000000000000000000002::haneul::HANEUL"
            },
            "totalBalance": "300"
          }
        ]
      },
      "haneul": {
        "totalBalance": "300"
      },
      "empty": {
        "totalBalance": "0"
      }
    }
  }
}

task 42, lines 397-417:
//# run-graphql
Response: {
  "data": {
    "cp2": {
      "query": {
        "object": {
          "objects": {
            "nodes": [
              {
                "contents": {
                  "json": {
                    "id": "0x79910079172eb66c2ef09e929daaee2e1e8d5915a767f4f1328afd3e45ef3d74",
                    "balance": "400"
                  }
                }
              },
              {
                "contents": {
                  "json": {
                    "id": "0xe42bb865cea9e6b13cd6141d1f864207353e6bba34a4c1bf3ce7da7767eeccb3",
                    "balance": "300"
                  }
                }
              },
              {
                "contents": {
                  "json": {
                    "id": "0x14f1dadca3d30bb6a6d604b27c10e7deca05ee81cead5d587ed1dae06ba40cac",
                    "balance": "200"
                  }
                }
              },
              {
                "contents": {
                  "json": {
                    "id": "0xbecf5d0b6eb50e0f666a0cb734cea8cdbcd00810f355a1ccf025969ad802abc9",
                    "balance": "100"
                  }
                }
              }
            ]
          },
          "balances": {
            "nodes": [
              {
                "coinType": {
                  "repr": "0x0000000000000000000000000000000000000000000000000000000000000002::haneul::HANEUL"
                },
                "totalBalance": "1000"
              }
            ]
          },
          "haneul": {
            "totalBalance": "1000"
          },
          "empty": {
            "totalBalance": "0"
          }
        }
      }
    },
    "atCp2": {
      "objects": {
        "nodes": [
          {
            "contents": {
              "json": {
                "id": "0x79910079172eb66c2ef09e929daaee2e1e8d5915a767f4f1328afd3e45ef3d74",
                "balance": "400"
              }
            }
          },
          {
            "contents": {
              "json": {
                "id": "0xe42bb865cea9e6b13cd6141d1f864207353e6bba34a4c1bf3ce7da7767eeccb3",
                "balance": "300"
              }
            }
          },
          {
            "contents": {
              "json": {
                "id": "0x14f1dadca3d30bb6a6d604b27c10e7deca05ee81cead5d587ed1dae06ba40cac",
                "balance": "200"
              }
            }
          },
          {
            "contents": {
              "json": {
                "id": "0xbecf5d0b6eb50e0f666a0cb734cea8cdbcd00810f355a1ccf025969ad802abc9",
                "balance": "100"
              }
            }
          }
        ]
      },
      "balances": {
        "nodes": [
          {
            "coinType": {
              "repr": "0x0000000000000000000000000000000000000000000000000000000000000002::haneul::HANEUL"
            },
            "totalBalance": "1000"
          }
        ]
      },
      "haneul": {
        "totalBalance": "1000"
      },
      "empty": {
        "totalBalance": "0"
      }
    }
  }
}

task 43, lines 419-440:
//# run-graphql
Response: {
  "data": {
    "latest": {
      "objects": {
        "nodes": [
          {
            "contents": {
              "json": {
                "id": "0x79910079172eb66c2ef09e929daaee2e1e8d5915a767f4f1328afd3e45ef3d74",
                "balance": "400"
              }
            }
          },
          {
            "contents": {
              "json": {
                "id": "0xe42bb865cea9e6b13cd6141d1f864207353e6bba34a4c1bf3ce7da7767eeccb3",
                "balance": "300"
              }
            }
          },
          {
            "contents": {
              "json": {
                "id": "0x14f1dadca3d30bb6a6d604b27c10e7deca05ee81cead5d587ed1dae06ba40cac",
                "balance": "200"
              }
            }
          },
          {
            "contents": {
              "json": {
                "id": "0xbecf5d0b6eb50e0f666a0cb734cea8cdbcd00810f355a1ccf025969ad802abc9",
                "balance": "100"
              }
            }
          }
        ]
      },
      "balances": {
        "nodes": [
          {
            "coinType": {
              "repr": "0x0000000000000000000000000000000000000000000000000000000000000002::haneul::HANEUL"
            },
            "totalBalance": "1000"
          }
        ]
      },
      "haneul": {
        "totalBalance": "1000"
      },
      "empty": {
        "totalBalance": "0"
      }
    },
    "nested": {
      "objects": {
        "nodes": [
          {
            "contents": {
              "json": {
                "id": "0x79910079172eb66c2ef09e929daaee2e1e8d5915a767f4f1328afd3e45ef3d74",
                "balance": "400"
              }
            },
            "objects": {
              "nodes": [
                {
                  "contents": {
                    "json": {
                      "id": "0xcda3c94c0f0b9f5fa5c9ada0d63289fbacc629dc7d1be25fd100ae85fd54432b",
                      "balance": "500"
                    }
                  }
                }
              ]
            },
            "balances": {
              "nodes": [
                {
                  "coinType": {
                    "repr": "0x0000000000000000000000000000000000000000000000000000000000000002::haneul::HANEUL"
                  },
                  "totalBalance": "500"
                }
              ]
            },
            "haneul": {
              "totalBalance": "500"
            },
            "empty": {
              "totalBalance": "0"
            }
          },
          {
            "contents": {
              "json": {
                "id": "0xe42bb865cea9e6b13cd6141d1f864207353e6bba34a4c1bf3ce7da7767eeccb3",
                "balance": "300"
              }
            },
            "objects": {
              "nodes": []
            },
            "balances": {
              "nodes": []
            },
            "haneul": {
              "totalBalance": "0"
            },
            "empty": {
              "totalBalance": "0"
            }
          },
          {
            "contents": {
              "json": {
                "id": "0x14f1dadca3d30bb6a6d604b27c10e7deca05ee81cead5d587ed1dae06ba40cac",
                "balance": "200"
              }
            },
            "objects": {
              "nodes": []
            },
            "balances": {
              "nodes": []
            },
            "haneul": {
              "totalBalance": "0"
            },
            "empty": {
              "totalBalance": "0"
            }
          },
          {
            "contents": {
              "json": {
                "id": "0xbecf5d0b6eb50e0f666a0cb734cea8cdbcd00810f355a1ccf025969ad802abc9",
                "balance": "100"
              }
            },
            "objects": {
              "nodes": []
            },
            "balances": {
              "nodes": []
            },
            "haneul": {
              "totalBalance": "0"
            },
            "empty": {
              "totalBalance": "0"
            }
          }
        ]
      }
    }
  }
}

task 44, lines 442-470:
//# run-graphql
Response: {
  "data": {
    "objectAtReset": {
      "objectAt": {
        "objects": {
          "nodes": [
            {
              "contents": {
                "json": {
                  "id": "0x79910079172eb66c2ef09e929daaee2e1e8d5915a767f4f1328afd3e45ef3d74",
                  "balance": "400"
                }
              }
            },
            {
              "contents": {
                "json": {
                  "id": "0xe42bb865cea9e6b13cd6141d1f864207353e6bba34a4c1bf3ce7da7767eeccb3",
                  "balance": "300"
                }
              }
            },
            {
              "contents": {
                "json": {
                  "id": "0x14f1dadca3d30bb6a6d604b27c10e7deca05ee81cead5d587ed1dae06ba40cac",
                  "balance": "200"
                }
              }
            },
            {
              "contents": {
                "json": {
                  "id": "0xbecf5d0b6eb50e0f666a0cb734cea8cdbcd00810f355a1ccf025969ad802abc9",
                  "balance": "100"
                }
              }
            }
          ]
        },
        "balances": {
          "nodes": [
            {
              "coinType": {
                "repr": "0x0000000000000000000000000000000000000000000000000000000000000002::haneul::HANEUL"
              },
              "totalBalance": "1000"
            }
          ]
        },
        "haneul": {
          "totalBalance": "1000"
        },
        "empty": {
          "totalBalance": "0"
        }
      }
    },
    "prevTxReset": {
      "previousTransaction": {
        "sender": {
          "objects": {
            "nodes": [
              {
                "contents": {
                  "json": {
                    "id": "0x76448b459535ef83eeb9dde937754a446d123bb79a94ed447d98d6ba58347dc0",
                    "balance": "299999979417080"
                  }
                },
                "objects": {
                  "nodes": [
                    {
                      "contents": {
                        "json": {
                          "id": "0x79910079172eb66c2ef09e929daaee2e1e8d5915a767f4f1328afd3e45ef3d74",
                          "balance": "400"
                        }
                      }
                    },
                    {
                      "contents": {
                        "json": {
                          "id": "0xe42bb865cea9e6b13cd6141d1f864207353e6bba34a4c1bf3ce7da7767eeccb3",
                          "balance": "300"
                        }
                      }
                    },
                    {
                      "contents": {
                        "json": {
                          "id": "0x14f1dadca3d30bb6a6d604b27c10e7deca05ee81cead5d587ed1dae06ba40cac",
                          "balance": "200"
                        }
                      }
                    },
                    {
                      "contents": {
                        "json": {
                          "id": "0xbecf5d0b6eb50e0f666a0cb734cea8cdbcd00810f355a1ccf025969ad802abc9",
                          "balance": "100"
                        }
                      }
                    }
                  ]
                },
                "balances": {
                  "nodes": [
                    {
                      "coinType": {
                        "repr": "0x0000000000000000000000000000000000000000000000000000000000000002::haneul::HANEUL"
                      },
                      "totalBalance": "1000"
                    }
                  ]
                },
                "haneul": {
                  "totalBalance": "1000"
                },
                "empty": {
                  "totalBalance": "0"
                }
              },
              {
                "contents": {
                  "json": {
                    "id": "0xc2aaab4cdfb2c37bbbb0ba28547214fb7843f46dfbec27266b3ec6dd3014117e",
                    "package": "0xdcf45fe8d8aa47ea9e64bce2ef0f5c2e944e65d1d8b7538f7e0a855c0efd34f7",
                    "version": "2",
                    "policy": 0
                  }
                },
                "objects": {
                  "nodes": []
                },
                "balances": {
                  "nodes": []
                },
                "haneul": {
                  "totalBalance": "0"
                },
                "empty": {
                  "totalBalance": "0"
                }
              }
            ]
          }
        }
      }
    }
  }
}

task 45, lines 472-496:
//# run-graphql
Response: {
  "data": {
    "latest": {
      "objects": {
        "nodes": [
          {
            "contents": {
              "json": {
                "id": "0x06b8a7689ef38b0302373d14f63fdc8e495b841563fa0d66975246d361d051b0",
                "balance": "600"
              }
            }
          }
        ]
      },
      "balances": {
        "nodes": [
          {
            "coinType": {
              "repr": "0x0000000000000000000000000000000000000000000000000000000000000002::haneul::HANEUL"
            },
            "totalBalance": "600"
          }
        ]
      },
      "haneul": {
        "totalBalance": "600"
      },
      "empty": {
        "totalBalance": "0"
      }
    },
    "atCp1": {
      "objects": {
        "nodes": []
      },
      "balances": {
        "nodes": []
      },
      "haneul": {
        "totalBalance": "0"
      },
      "empty": {
        "totalBalance": "0"
      }
    },
    "cp1": {
      "query": {
        "package": {
          "objects": {
            "nodes": []
          },
          "balances": {
            "nodes": []
          },
          "haneul": {
            "totalBalance": "0"
          },
          "empty": {
            "totalBalance": "0"
          }
        }
      }
    }
  }
}
