---
source: crates/move-compiler/tests/move_check_testsuite.rs
info:
  flavor: core
  edition: 2024.alpha
  lint: false
---
error[EC02015]: invalid attribute
   ┌─ tests/move_2024/extensions/invalid_index_syntax_redefine_in_extension.move:17:14
   │
13 │     fun borrow(s: &S, i: u64): &u64 {
   │         ------ This syntax method was previously defined here.
   ·
17 │     #[syntax(index)]
   │              ^^^^^ Redefined 'index' 'syntax' method for 'a::m::S'

error[EC02015]: invalid attribute
   ┌─ tests/move_2024/extensions/invalid_index_syntax_redefine_in_extension.move:27:14
   │
23 │     fun borrow_mut(s: &mut S, i: u64): &mut u64 {
   │         ---------- This syntax method was previously defined here.
   ·
27 │     #[syntax(index)]
   │              ^^^^^ Redefined mutable 'index' 'syntax' method for 'a::m::S'
