---
source: external-crates/move/crates/move-transactional-test-runner/src/framework.rs
---
processed 18 tasks

// App-bound allowances through a published third-party module: proposal-based
// issuance, spends gated on the app's permit, plain spends rejected, spender
// rotation flipping the sign-time check, and a withdrawal composed through an
// ordinary public function.

init:
A: object(0,0), B: object(0,1), C: object(0,2)

task 1, lines 12-52:
//# publish --sender A
created: object(1,0)
mutated: object(0,0)
gas summary: computation_cost: 1000000, storage_cost: 9530400,  storage_rebate: 0, non_refundable_storage_fee: 0

task 2, lines 54-57:
//# programmable --sender A --inputs 5000 @A
// Fund A's (the funder) address balance.
//> 0: SplitCoins(Gas, [Input(0)]);
//> 1: haneul::coin::send_funds<haneul::haneul::HANEUL>(Result(0), Input(1));
mutated: object(0,0)
accumulators_written: (object(2,0), A, haneul::balance::Balance<haneul::haneul::HANEUL>, Merge, 5000)
gas summary: computation_cost: 1000000, storage_cost: 988000,  storage_rebate: 978120, non_refundable_storage_fee: 9880

task 3, line 59:
//# create-checkpoint
Checkpoint created: 1

task 4, lines 61-65:
//# programmable --sender A --inputs b"app" @B vector[1000u256] vector[] vector[99999999999999]
// A proposes an app-bound allowance to B and the app issues it.
//> 0: std::option::none<haneul::allowance::RateLimit>();
//> 1: haneul::allowance::propose_for_app<haneul::balance::Balance<haneul::haneul::HANEUL>, test::app::APP>(Input(0), Input(1), Input(2), Input(3), Input(4), Result(0));
//> 2: test::app::issue<haneul::balance::Balance<haneul::haneul::HANEUL>>(Result(1));
created: object(4,0), object(4,1)
mutated: object(0,0)
gas summary: computation_cost: 1000000, storage_cost: 7083200,  storage_rebate: 978120, non_refundable_storage_fee: 9880

task 5, lines 67-70:
//# programmable --sender A --inputs b"plain" @B vector[1000u256] vector[] vector[99999999999999]
// A issues a plain allowance to B, for the composed spend below.
//> 0: std::option::none<haneul::allowance::RateLimit>();
//> 1: haneul::allowance::new<haneul::balance::Balance<haneul::haneul::HANEUL>>(Input(0), Input(1), Input(2), Input(3), Input(4), Result(0));
created: object(5,0), object(5,1)
mutated: object(0,0)
gas summary: computation_cost: 1000000, storage_cost: 6528400,  storage_rebate: 978120, non_refundable_storage_fee: 9880

task 6, lines 72-74:
//# programmable --sender B --inputs allowance_withdraw<haneul::balance::Balance<haneul::haneul::HANEUL>>(400,@A,object(4,0)) mutshared(4,0) immshared(6) @B
// B spends the app-bound allowance through the app.
//> 0: test::app::app_pay<haneul::haneul::HANEUL>(Input(1), Input(0), Input(2), Input(3));
mutated: object(0,1), object(4,0)
unchanged_shared: 0x0000000000000000000000000000000000000000000000000000000000000006
accumulators_written: (object(2,0), A, haneul::balance::Balance<haneul::haneul::HANEUL>, Split, 400), (object(6,0), B, haneul::balance::Balance<haneul::haneul::HANEUL>, Merge, 400)
gas summary: computation_cost: 1000000, storage_cost: 4742400,  storage_rebate: 3716856, non_refundable_storage_fee: 37544

task 7, lines 76-79:
//# programmable --sender B --inputs allowance_withdraw<haneul::balance::Balance<haneul::haneul::HANEUL>>(100,@A,object(4,0)) mutshared(4,0) immshared(6) @B
// A plain spend on the app-bound allowance: aborts.
//> 0: haneul::allowance::balance_spend<haneul::haneul::HANEUL>(Input(1), Input(0), Input(2));
//> 1: haneul::balance::send_funds<haneul::haneul::HANEUL>(Result(0), Input(3));
Error: Transaction Effects Status: Move Abort in haneul::allowance::balance_spend (function index 10) at offset 13 at line 267 with clever code 9
Debug of error: MoveAbort(MoveLocation { module: ModuleId { address: haneul, name: Identifier("allowance") }, function: 10, instruction: 13, function_name: Some("balance_spend") }, 13837592476830007315) at command Some(0)

task 8, lines 81-83:
//# programmable --sender B --inputs allowance_withdraw<haneul::balance::Balance<haneul::haneul::HANEUL>>(250,@A,object(5,0)) mutshared(5,0) immshared(6) @B
// B spends the plain allowance through the third-party function.
//> 0: test::app::forward_plain<haneul::haneul::HANEUL>(Input(1), Input(0), Input(2), Input(3));
mutated: object(0,1), object(5,0)
unchanged_shared: 0x0000000000000000000000000000000000000000000000000000000000000006
accumulators_written: (object(2,0), A, haneul::balance::Balance<haneul::haneul::HANEUL>, Split, 250), (object(6,0), B, haneul::balance::Balance<haneul::haneul::HANEUL>, Merge, 250)
gas summary: computation_cost: 1000000, storage_cost: 4187600,  storage_rebate: 4145724, non_refundable_storage_fee: 41876

task 9, lines 85-87:
//# programmable --sender A --inputs mutshared(4,0) @C
// The app rotates the spender to C.
//> 0: test::app::rotate<haneul::balance::Balance<haneul::haneul::HANEUL>>(Input(0), Input(1));
mutated: object(0,0), object(4,0)
gas summary: computation_cost: 1000000, storage_cost: 4742400,  storage_rebate: 4694976, non_refundable_storage_fee: 47424

task 10, lines 89-91:
//# programmable --sender B --inputs allowance_withdraw<haneul::balance::Balance<haneul::haneul::HANEUL>>(100,@A,object(4,0)) mutshared(4,0) immshared(6) @B
// The old spender after the rotation: rejected at signing.
//> 0: test::app::app_pay<haneul::haneul::HANEUL>(Input(1), Input(0), Input(2), Input(3));
Error: Error checking transaction input objects: Invalid withdraw reservation: Transaction sender is not the spender of allowance object(4,0)

task 11, lines 93-95:
//# programmable --sender C --inputs allowance_withdraw<haneul::balance::Balance<haneul::haneul::HANEUL>>(300,@A,object(4,0)) mutshared(4,0) immshared(6) @C
// The new spender works.
//> 0: test::app::app_pay<haneul::haneul::HANEUL>(Input(1), Input(0), Input(2), Input(3));
mutated: object(0,2), object(4,0)
unchanged_shared: 0x0000000000000000000000000000000000000000000000000000000000000006
accumulators_written: (object(2,0), A, haneul::balance::Balance<haneul::haneul::HANEUL>, Split, 300), (object(11,0), C, haneul::balance::Balance<haneul::haneul::HANEUL>, Merge, 300)
gas summary: computation_cost: 1000000, storage_cost: 4742400,  storage_rebate: 3716856, non_refundable_storage_fee: 37544

task 12, lines 97-98:
//# view-object 4,0
Owner: Shared( 4 )
Version: 8
Contents: haneul::allowance::Allowance<haneul::balance::Balance<haneul::haneul::HANEUL>> {
    id: haneul::object::UID {
        id: haneul::object::ID {
            bytes: fake(4,0),
        },
    },
    settings: haneul::allowance::Settings {
        funder: A,
        spender: std::option::Option<address> {
            vec: vector[
                C,
            ],
        },
        app: std::option::Option<std::type_name::TypeName> {
            vec: vector[
                std::type_name::TypeName {
                    name: std::ascii::String {
                        bytes: vector[
                            48u8,
                            56u8,
                            99u8,
                            97u8,
                            55u8,
                            97u8,
                            54u8,
                            57u8,
                            100u8,
                            54u8,
                            97u8,
                            101u8,
                            97u8,
                            48u8,
                            101u8,
                            49u8,
                            98u8,
                            99u8,
                            54u8,
                            56u8,
                            55u8,
                            55u8,
                            52u8,
                            99u8,
                            52u8,
                            49u8,
                            101u8,
                            52u8,
                            48u8,
                            53u8,
                            52u8,
                            54u8,
                            57u8,
                            99u8,
                            50u8,
                            51u8,
                            97u8,
                            101u8,
                            99u8,
                            52u8,
                            101u8,
                            100u8,
                            53u8,
                            54u8,
                            54u8,
                            53u8,
                            102u8,
                            97u8,
                            51u8,
                            50u8,
                            56u8,
                            100u8,
                            53u8,
                            98u8,
                            101u8,
                            54u8,
                            48u8,
                            98u8,
                            101u8,
                            102u8,
                            98u8,
                            101u8,
                            57u8,
                            48u8,
                            58u8,
                            58u8,
                            97u8,
                            112u8,
                            112u8,
                            58u8,
                            58u8,
                            65u8,
                            80u8,
                            80u8,
                        ],
                    },
                },
            ],
        },
        lifetime_cap: std::option::Option<u256> {
            vec: vector[
                1000u256,
            ],
        },
        start_timestamp_ms: std::option::Option<u64> {
            vec: vector[],
        },
        expiration_timestamp_ms: std::option::Option<u64> {
            vec: vector[
                99999999999999u64,
            ],
        },
        rate_limit: std::option::Option<haneul::allowance::RateLimit> {
            vec: vector[],
        },
        name: std::string::String {
            bytes: vector[
                97u8,
                112u8,
                112u8,
            ],
        },
    },
    current_spend: 700u256,
}

task 13, lines 100-101:
//# view-object 5,0
Owner: Shared( 5 )
Version: 7
Contents: haneul::allowance::Allowance<haneul::balance::Balance<haneul::haneul::HANEUL>> {
    id: haneul::object::UID {
        id: haneul::object::ID {
            bytes: fake(5,0),
        },
    },
    settings: haneul::allowance::Settings {
        funder: A,
        spender: std::option::Option<address> {
            vec: vector[
                B,
            ],
        },
        app: std::option::Option<std::type_name::TypeName> {
            vec: vector[],
        },
        lifetime_cap: std::option::Option<u256> {
            vec: vector[
                1000u256,
            ],
        },
        start_timestamp_ms: std::option::Option<u64> {
            vec: vector[],
        },
        expiration_timestamp_ms: std::option::Option<u64> {
            vec: vector[
                99999999999999u64,
            ],
        },
        rate_limit: std::option::Option<haneul::allowance::RateLimit> {
            vec: vector[],
        },
        name: std::string::String {
            bytes: vector[
                112u8,
                108u8,
                97u8,
                105u8,
                110u8,
            ],
        },
    },
    current_spend: 250u256,
}

task 14, line 103:
//# create-checkpoint
Checkpoint created: 2

task 15, lines 105-106:
//# view-object 2,0
Owner: Object ID: ( 0x0000000000000000000000000000000000000000000000000000000000000acc )
Version: 3
Contents: haneul::dynamic_field::Field<haneul::accumulator::Key<haneul::balance::Balance<haneul::haneul::HANEUL>>, haneul::accumulator::U128> {
    id: haneul::object::UID {
        id: haneul::object::ID {
            bytes: fake(2,0),
        },
    },
    name: haneul::accumulator::Key<haneul::balance::Balance<haneul::haneul::HANEUL>> {
        address: A,
    },
    value: haneul::accumulator::U128 {
        value: 4050u128,
    },
}

task 16, lines 108-109:
//# view-object 6,0
Owner: Object ID: ( 0x0000000000000000000000000000000000000000000000000000000000000acc )
Version: 3
Contents: haneul::dynamic_field::Field<haneul::accumulator::Key<haneul::balance::Balance<haneul::haneul::HANEUL>>, haneul::accumulator::U128> {
    id: haneul::object::UID {
        id: haneul::object::ID {
            bytes: fake(6,0),
        },
    },
    name: haneul::accumulator::Key<haneul::balance::Balance<haneul::haneul::HANEUL>> {
        address: B,
    },
    value: haneul::accumulator::U128 {
        value: 650u128,
    },
}

task 17, lines 111-112:
//# view-object 11,0
Owner: Object ID: ( 0x0000000000000000000000000000000000000000000000000000000000000acc )
Version: 3
Contents: haneul::dynamic_field::Field<haneul::accumulator::Key<haneul::balance::Balance<haneul::haneul::HANEUL>>, haneul::accumulator::U128> {
    id: haneul::object::UID {
        id: haneul::object::ID {
            bytes: fake(11,0),
        },
    },
    name: haneul::accumulator::Key<haneul::balance::Balance<haneul::haneul::HANEUL>> {
        address: C,
    },
    value: haneul::accumulator::U128 {
        value: 300u128,
    },
}
