---
source: external-crates/move/crates/move-transactional-test-runner/src/framework.rs
---
processed 6 tasks

init:
A: object(0,0)

// Trying to showDisplay when,
// 1. the object is a package
// 2. the type has no Display format.

task 1, lines 11-20:
//# publish
created: object(1,0)
mutated: object(0,1)
gas summary: computation_cost: 1000000, storage_cost: 4628400,  storage_rebate: 0, non_refundable_storage_fee: 0

task 2, lines 22-24:
//# programmable --sender A --inputs @A
//> 0: test::mod::new();
//> 1: TransferObjects([Result(0)], Input(0))
created: object(2,0)
mutated: object(0,0)
gas summary: computation_cost: 1000000, storage_cost: 2226800,  storage_rebate: 0, non_refundable_storage_fee: 0

task 3, line 26:
//# create-checkpoint
Checkpoint created: 1

task 4, lines 28-32:
//# run-jsonrpc
Response: {
  "jsonrpc": "2.0",
  "id": 0,
  "result": {
    "data": {
      "objectId": "0xee670825f36ba01b91b62ac088f145e1b41ead52d8c48a77220f366b171f4730",
      "version": "1",
      "digest": "AXs1AZndiC4JeUwHnFeDcqs1mpC5p5BzxR3CTZ1YLqTV",
      "display": {
        "data": null,
        "error": {
          "code": "displayError",
          "error": "Display is only supported for Move objects"
        }
      }
    }
  }
}

task 5, lines 34-38:
//# run-jsonrpc
Response: {
  "jsonrpc": "2.0",
  "id": 1,
  "result": {
    "data": {
      "objectId": "0x6098f4183141f2801b9c738cd564b3c0c0e7a5dadb40845a8e5f39c0847861bb",
      "version": "2",
      "digest": "7pzufFaW8H5fDP64yrdcwx3YCkUPyNfQxj7g7wiAaVSN",
      "display": {
        "data": null,
        "error": {
          "code": "displayError",
          "error": "Display format not found for 0xee670825f36ba01b91b62ac088f145e1b41ead52d8c48a77220f366b171f4730::mod::Foo"
        }
      }
    }
  }
}
