---
source: external-crates/move/crates/move-transactional-test-runner/src/framework.rs
---
processed 10 tasks

init:
A: object(0,0), B: object(0,1)

// 1. All the objects of a certain module, for a particular owner
// 2. All the objects of another module, for that same owner
// 3. ...limited
// 4. ...limited, with a cursor

task 1, lines 12-39:
//# publish
created: object(1,0)
mutated: object(0,2)
gas summary: computation_cost: 1000000, storage_cost: 6984400,  storage_rebate: 0, non_refundable_storage_fee: 0

task 2, lines 41-43:
//# programmable --sender B --inputs @B
//> 0: P::M::o1();
//> 1: TransferObjects([Result(0)], Input(0))
created: object(2,0)
mutated: object(0,1)
gas summary: computation_cost: 1000000, storage_cost: 2204000,  storage_rebate: 0, non_refundable_storage_fee: 0

task 3, lines 45-49:
//# programmable --sender A --inputs @A
//> 0: P::M::o1();
//> 1: P::M::o2();
//> 2: P::N::o1();
//> 3: TransferObjects([Result(0), Result(1), Result(2)], Input(0))
created: object(3,0), object(3,1), object(3,2)
mutated: object(0,0)
gas summary: computation_cost: 1000000, storage_cost: 4636000,  storage_rebate: 0, non_refundable_storage_fee: 0

task 4, line 51:
//# create-checkpoint
Checkpoint created: 1

task 5, lines 53-55:
//# programmable --sender A --inputs @A
//> 0: P::M::o1();
//> 1: TransferObjects([Result(0)], Input(0))
created: object(5,0)
mutated: object(0,0)
gas summary: computation_cost: 1000000, storage_cost: 2204000,  storage_rebate: 978120, non_refundable_storage_fee: 9880

task 6, line 57:
//# create-checkpoint
Checkpoint created: 2

task 7, lines 59-69:
//# run-jsonrpc
Response: {
  "jsonrpc": "2.0",
  "id": 0,
  "result": {
    "data": [
      {
        "data": {
          "objectId": "0x3006dd214263f80b9b292e6c5a448c93dc47d4914322931dbce0799f16fb3451",
          "version": "2",
          "digest": "2EtYvAtxEWtJWoCVAkNLjpG9mmrykMVQ5QXc7t7MFAeH",
          "type": "0xdd45d500f613b3de318ac2a3002748b63262a07866483763ac60ab9a8b460819::M::O1"
        }
      },
      {
        "data": {
          "objectId": "0x374cf60b983c931873d1f70916071fff506747b035c38cd1683958c2e5cdae91",
          "version": "3",
          "digest": "6H2tJYLzsutX536eA3CoHjP7qVbbCjVJeNfgDR74dyi4",
          "type": "0xdd45d500f613b3de318ac2a3002748b63262a07866483763ac60ab9a8b460819::M::O1"
        }
      },
      {
        "data": {
          "objectId": "0x9496055e6e46fee4ed0f291e1dcd2ad36f4b683492d39670985d077762bb7af0",
          "version": "2",
          "digest": "3mL1K1QwkNAT86zXeFNnU13yj7d5YnS44SB6zTcoCd7S",
          "type": "0xdd45d500f613b3de318ac2a3002748b63262a07866483763ac60ab9a8b460819::M::O2"
        }
      }
    ],
    "nextCursor": "fQD8zJpCG7sTwaZqGqmPCtdQKe3pSFd3nGkVtE+UBouSHt1F1QD2E7PeMYrCowAnSLYyYqB4Zkg3Y6xgq5qLRggZAAAAAAAAAAFNAAAAAAAAAAJPMgAAAAAAAAAAAJSWBV5uRv7k7Q8pHh3NKtNvS2g0ktOWcJhdB3diu3rw",
    "hasNextPage": false
  }
}

task 8, lines 71-81:
//# run-jsonrpc
Response: {
  "jsonrpc": "2.0",
  "id": 1,
  "result": {
    "data": [
      {
        "data": {
          "objectId": "0x82c81b5c74bd136d7c013ce435ea584800af4179ef66c675a186cc4d2d933cfe",
          "version": "2",
          "digest": "99W3L9zVCQYcCadMeVnVDu5rkqqqBoJCYWh2Wb44nbt1",
          "type": "0xdd45d500f613b3de318ac2a3002748b63262a07866483763ac60ab9a8b460819::N::O1"
        }
      }
    ],
    "nextCursor": "fQD8zJpCG7sTwaZqGqmPCtdQKe3pSFd3nGkVtE+UBouSHt1F1QD2E7PeMYrCowAnSLYyYqB4Zkg3Y6xgq5qLRggZAAAAAAAAAAFOAAAAAAAAAAJPMQAAAAAAAAAAAILIG1x0vRNtfAE85DXqWEgAr0F572bGdaGGzE0tkzz+",
    "hasNextPage": false
  }
}

task 9, lines 83-95:
//# run-jsonrpc
Response: {
  "jsonrpc": "2.0",
  "id": 2,
  "result": {
    "data": [
      {
        "data": {
          "objectId": "0x3006dd214263f80b9b292e6c5a448c93dc47d4914322931dbce0799f16fb3451",
          "version": "2",
          "digest": "2EtYvAtxEWtJWoCVAkNLjpG9mmrykMVQ5QXc7t7MFAeH",
          "type": "0xdd45d500f613b3de318ac2a3002748b63262a07866483763ac60ab9a8b460819::M::O1"
        }
      }
    ],
    "nextCursor": "fQD8zJpCG7sTwaZqGqmPCtdQKe3pSFd3nGkVtE+UBouSHt1F1QD2E7PeMYrCowAnSLYyYqB4Zkg3Y6xgq5qLRggZAAAAAAAAAAFNAAAAAAAAAAJPMQAAAAAAAAAAADAG3SFCY/gLmykubFpEjJPcR9SRQyKTHbzgeZ8W+zRR",
    "hasNextPage": true
  }
}
