---
source: external-crates/move/crates/move-transactional-test-runner/src/framework.rs
---
processed 10 tasks

init:
A: object(0,0), B: object(0,1)

// 1. All the objects of a generic type instance, for a particular owner
// 2. All the objects of another generic type instance, for that same owner
// 3. ...limited
// 4. ...limited, with a cursor

task 1, lines 12-21:
//# publish
created: object(1,0)
mutated: object(0,2)
gas summary: computation_cost: 1000000, storage_cost: 4704400,  storage_rebate: 0, non_refundable_storage_fee: 0

task 2, lines 23-25:
//# programmable --sender B --inputs @B
//> 0: P::M::o1<u64>();
//> 1: TransferObjects([Result(0)], Input(0))
created: object(2,0)
mutated: object(0,1)
gas summary: computation_cost: 1000000, storage_cost: 2211600,  storage_rebate: 0, non_refundable_storage_fee: 0

task 3, lines 27-31:
//# programmable --sender A --inputs @A
//> 0: P::M::o1<u64>();
//> 1: P::M::o1<u32>();
//> 2: P::M::o1<u64>();
//> 3: TransferObjects([Result(0), Result(1), Result(2)], Input(0))
created: object(3,0), object(3,1), object(3,2)
mutated: object(0,0)
gas summary: computation_cost: 1000000, storage_cost: 4658800,  storage_rebate: 0, non_refundable_storage_fee: 0

task 4, line 33:
//# create-checkpoint
Checkpoint created: 1

task 5, lines 35-37:
//# programmable --sender A --inputs @A
//> 0: P::M::o1<u32>();
//> 1: TransferObjects([Result(0)], Input(0))
created: object(5,0)
mutated: object(0,0)
gas summary: computation_cost: 1000000, storage_cost: 2211600,  storage_rebate: 978120, non_refundable_storage_fee: 9880

task 6, line 39:
//# create-checkpoint
Checkpoint created: 2

task 7, lines 41-51:
//# run-jsonrpc
Response: {
  "jsonrpc": "2.0",
  "id": 0,
  "result": {
    "data": [
      {
        "data": {
          "objectId": "0x105950315d4273d4f01c5d2832f6004dfec446e2104718816091b2db94ffec17",
          "version": "2",
          "digest": "CLM7SrkTzswxWWX7SdGWgNKvEHhtTdGi9CFfo4HUgdvo",
          "type": "0xedd9b76352bee1f89cbd3ac6514661fa6079e2425ea9bad6fb55d4e3ac3b485e::M::O1<u64>"
        }
      },
      {
        "data": {
          "objectId": "0x1220ca04f0d3abe7ef7f680d1c92868dcbdf6c2ff3f959d8f8a103c46b3ac34b",
          "version": "2",
          "digest": "8EudsRmiMDjgj2XLv4CkMSsJVvW9f1VLRwwxfh3WLAzA",
          "type": "0xedd9b76352bee1f89cbd3ac6514661fa6079e2425ea9bad6fb55d4e3ac3b485e::M::O1<u64>"
        }
      }
    ],
    "nextCursor": "gQEA/MyaQhu7E8GmahqpjwrXUCnt6UhXd5xpFbRPlAaLkh7t2bdjUr7h+Jy9OsZRRmH6YHniQl6putb7VdTjrDtIXgAAAAAAAAABTQAAAAAAAAACTzEAAAAAAAAAAQAAAAIAEiDKBPDTq+fvf2gNHJKGjcvfbC/z+VnY+KEDxGs6w0s=",
    "hasNextPage": false
  }
}

task 8, lines 53-63:
//# run-jsonrpc
Response: {
  "jsonrpc": "2.0",
  "id": 1,
  "result": {
    "data": [
      {
        "data": {
          "objectId": "0x6961fb4e13fd0b01d1f16a1b5043173bf86c8e253410fecb197f9e3f2d33c7a6",
          "version": "3",
          "digest": "BWwxtijQpSyodzndyJiBrYM8sKLABfJLTzzJU6an7H8x",
          "type": "0xedd9b76352bee1f89cbd3ac6514661fa6079e2425ea9bad6fb55d4e3ac3b485e::M::O1<u32>"
        }
      },
      {
        "data": {
          "objectId": "0xe01c46e474d7f81b59e46330e96d1abe551408428da4f958c8e286ff683abc85",
          "version": "2",
          "digest": "9cWuCp1CqyCXgDHd6FeQYJXD6dkEwfteJF4dBKYJZXeJ",
          "type": "0xedd9b76352bee1f89cbd3ac6514661fa6079e2425ea9bad6fb55d4e3ac3b485e::M::O1<u32>"
        }
      }
    ],
    "nextCursor": "gQEA/MyaQhu7E8GmahqpjwrXUCnt6UhXd5xpFbRPlAaLkh7t2bdjUr7h+Jy9OsZRRmH6YHniQl6putb7VdTjrDtIXgAAAAAAAAABTQAAAAAAAAACTzEAAAAAAAAAAQAAAAkA4BxG5HTX+BtZ5GMw6W0avlUUCEKNpPlYyOKG/2g6vIU=",
    "hasNextPage": false
  }
}

task 9, lines 65-77:
//# run-jsonrpc
Response: {
  "jsonrpc": "2.0",
  "id": 2,
  "result": {
    "data": [
      {
        "data": {
          "objectId": "0x6961fb4e13fd0b01d1f16a1b5043173bf86c8e253410fecb197f9e3f2d33c7a6",
          "version": "3",
          "digest": "BWwxtijQpSyodzndyJiBrYM8sKLABfJLTzzJU6an7H8x",
          "type": "0xedd9b76352bee1f89cbd3ac6514661fa6079e2425ea9bad6fb55d4e3ac3b485e::M::O1<u32>"
        }
      }
    ],
    "nextCursor": "gQEA/MyaQhu7E8GmahqpjwrXUCnt6UhXd5xpFbRPlAaLkh7t2bdjUr7h+Jy9OsZRRmH6YHniQl6putb7VdTjrDtIXgAAAAAAAAABTQAAAAAAAAACTzEAAAAAAAAAAQAAAAkAaWH7ThP9CwHR8WobUEMXO/hsjiU0EP7LGX+ePy0zx6Y=",
    "hasNextPage": true
  }
}
