---
source: external-crates/move/crates/move-transactional-test-runner/src/framework.rs
---
processed 17 tasks

init:
A: object(0,0), B: object(0,1)

// 1. All objects owned by A
// 2. ...owned by B
// 3. Limited number of objects owned by A
// 4. Objects after they have been modified
// 5. Objects after they have been transferred

task 1, lines 13-15:
//# programmable --sender A --inputs @A 42 43 44
//> 0: SplitCoins(Gas, [Input(1), Input(2), Input(3)]);
//> 1: TransferObjects([NestedResult(0,0), NestedResult(0,1), NestedResult(0,2)], Input(0))
created: object(1,0), object(1,1), object(1,2)
mutated: object(0,0)
gas summary: computation_cost: 1000000, storage_cost: 3952000,  storage_rebate: 0, non_refundable_storage_fee: 0

task 2, lines 17-19:
//# programmable --sender B --inputs @B 45
//> 0: SplitCoins(Gas, [Input(1)]);
//> 1: TransferObjects([Result(0)], Input(0))
created: object(2,0)
mutated: object(0,1)
gas summary: computation_cost: 1000000, storage_cost: 1976000,  storage_rebate: 0, non_refundable_storage_fee: 0

task 3, line 21:
//# create-checkpoint
Checkpoint created: 1

task 4, lines 23-25:
//# programmable --sender A --inputs @A 46 47 48
//> 0: SplitCoins(Gas, [Input(1), Input(2), Input(3)]);
//> 1: TransferObjects([NestedResult(0,0), NestedResult(0,1), NestedResult(0,2)], Input(0))
created: object(4,0), object(4,1), object(4,2)
mutated: object(0,0)
gas summary: computation_cost: 1000000, storage_cost: 3952000,  storage_rebate: 978120, non_refundable_storage_fee: 9880

task 5, lines 27-29:
//# programmable --sender B --inputs @B 49
//> 0: SplitCoins(Gas, [Input(1)]);
//> 1: TransferObjects([Result(0)], Input(0))
created: object(5,0)
mutated: object(0,1)
gas summary: computation_cost: 1000000, storage_cost: 1976000,  storage_rebate: 978120, non_refundable_storage_fee: 9880

task 6, line 31:
//# create-checkpoint
Checkpoint created: 2

task 7, lines 33-37:
//# run-jsonrpc
Response: {
  "jsonrpc": "2.0",
  "id": 0,
  "result": {
    "data": [
      {
        "data": {
          "objectId": "0xdef5dc23cc213da7a8fd0db8ae199cbba2fafebc5708d57433716f7439aa9328",
          "version": "3",
          "digest": "43jwAWTPPJFaFy5gd6VH5MX5wFrBAzZne2o5D5gN5nuu",
          "owner": {
            "AddressOwner": "0xfccc9a421bbb13c1a66a1aa98f0ad75029ede94857779c6915b44f94068b921e"
          },
          "content": {
            "dataType": "moveObject",
            "type": "0x2::coin::Coin<0x2::haneul::HANEUL>",
            "hasPublicTransfer": true,
            "fields": {
              "balance": "299999991073850",
              "id": {
                "id": "0xdef5dc23cc213da7a8fd0db8ae199cbba2fafebc5708d57433716f7439aa9328"
              }
            }
          }
        }
      },
      {
        "data": {
          "objectId": "0xeaab38af867f38792f69b78ea5960f3c884f165db6016cce5372340161b2b9c4",
          "version": "3",
          "digest": "Ay86orHqkmsdXng48McA8zzqWSx5YPSPPaNvfQfz5X9M",
          "owner": {
            "AddressOwner": "0xfccc9a421bbb13c1a66a1aa98f0ad75029ede94857779c6915b44f94068b921e"
          },
          "content": {
            "dataType": "moveObject",
            "type": "0x2::coin::Coin<0x2::haneul::HANEUL>",
            "hasPublicTransfer": true,
            "fields": {
              "balance": "48",
              "id": {
                "id": "0xeaab38af867f38792f69b78ea5960f3c884f165db6016cce5372340161b2b9c4"
              }
            }
          }
        }
      },
      {
        "data": {
          "objectId": "0x5d2d2a740486e13ce44b382b0151d0de075fded6c04ef292bd52ecb5aaa2b936",
          "version": "3",
          "digest": "3bBHgW9j7pVvhctwcyFdGxPhzZBxNvCRBJuSJNkgYHp6",
          "owner": {
            "AddressOwner": "0xfccc9a421bbb13c1a66a1aa98f0ad75029ede94857779c6915b44f94068b921e"
          },
          "content": {
            "dataType": "moveObject",
            "type": "0x2::coin::Coin<0x2::haneul::HANEUL>",
            "hasPublicTransfer": true,
            "fields": {
              "balance": "47",
              "id": {
                "id": "0x5d2d2a740486e13ce44b382b0151d0de075fded6c04ef292bd52ecb5aaa2b936"
              }
            }
          }
        }
      },
      {
        "data": {
          "objectId": "0x5652ff3601e5d55989b5c57d6a3469001d01c53fe14b620cf98893e759dd0ccf",
          "version": "3",
          "digest": "2oMS44TX2aERSiAhMRtvz4Q8xGJnhGXoxosdtVboxKKh",
          "owner": {
            "AddressOwner": "0xfccc9a421bbb13c1a66a1aa98f0ad75029ede94857779c6915b44f94068b921e"
          },
          "content": {
            "dataType": "moveObject",
            "type": "0x2::coin::Coin<0x2::haneul::HANEUL>",
            "hasPublicTransfer": true,
            "fields": {
              "balance": "46",
              "id": {
                "id": "0x5652ff3601e5d55989b5c57d6a3469001d01c53fe14b620cf98893e759dd0ccf"
              }
            }
          }
        }
      },
      {
        "data": {
          "objectId": "0x2a3a61d840ff96e883d9989a336243b0a3873c121721086fa596ad8bb29b2c57",
          "version": "2",
          "digest": "3uvpNwjRhW2qgu4tHEV9anjoQdBiAEchAB1oxRk1y2H8",
          "owner": {
            "AddressOwner": "0xfccc9a421bbb13c1a66a1aa98f0ad75029ede94857779c6915b44f94068b921e"
          },
          "content": {
            "dataType": "moveObject",
            "type": "0x2::coin::Coin<0x2::haneul::HANEUL>",
            "hasPublicTransfer": true,
            "fields": {
              "balance": "44",
              "id": {
                "id": "0x2a3a61d840ff96e883d9989a336243b0a3873c121721086fa596ad8bb29b2c57"
              }
            }
          }
        }
      },
      {
        "data": {
          "objectId": "0x9dab179991ee3c0aba63c44a9d202ec7ca57d5503ce36fe148e57a1538227cea",
          "version": "2",
          "digest": "4Mgs4THdL48t6H8nqgLofXprMpVfDSdhnUcj7bQdpYN6",
          "owner": {
            "AddressOwner": "0xfccc9a421bbb13c1a66a1aa98f0ad75029ede94857779c6915b44f94068b921e"
          },
          "content": {
            "dataType": "moveObject",
            "type": "0x2::coin::Coin<0x2::haneul::HANEUL>",
            "hasPublicTransfer": true,
            "fields": {
              "balance": "43",
              "id": {
                "id": "0x9dab179991ee3c0aba63c44a9d202ec7ca57d5503ce36fe148e57a1538227cea"
              }
            }
          }
        }
      },
      {
        "data": {
          "objectId": "0x72c84bdee6cff149d0eae2888611cf5e202af6c89d9eb0918a4f9e64ada898bd",
          "version": "2",
          "digest": "CvAEj9FuUeeM4jdefG3RG1NzLju2cwjJPE19jKr284m1",
          "owner": {
            "AddressOwner": "0xfccc9a421bbb13c1a66a1aa98f0ad75029ede94857779c6915b44f94068b921e"
          },
          "content": {
            "dataType": "moveObject",
            "type": "0x2::coin::Coin<0x2::haneul::HANEUL>",
            "hasPublicTransfer": true,
            "fields": {
              "balance": "42",
              "id": {
                "id": "0x72c84bdee6cff149d0eae2888611cf5e202af6c89d9eb0918a4f9e64ada898bd"
              }
            }
          }
        }
      }
    ],
    "nextCursor": "0gEA/MyaQhu7E8GmahqpjwrXUCnt6UhXd5xpFbRPlAaLkh4AAAAAAAAAAAAAAAAAAAAAAAAAAAAAAAAAAAAAAAAAAgAAAAAAAAAEY29pbgAAAAAAAAAEQ29pbgAAAAAAAAABAAAABwAAAAAAAAAAAAAAAAAAAAAAAAAAAAAAAAAAAAAAAAACAAAAAAAAAAZoYW5ldWwAAAAAAAAABkhBTkVVTAAAAAAAAAAAAf/////////VcshL3ubP8UnQ6uKIhhHPXiAq9sidnrCRik+eZK2omL0=",
    "hasNextPage": false
  }
}

task 8, lines 39-43:
//# run-jsonrpc
Response: {
  "jsonrpc": "2.0",
  "id": 1,
  "result": {
    "data": [
      {
        "data": {
          "objectId": "0x570aa5a0bfe86876b737cb255af31cd0d5a968c3ad6341631e6edfd808282d48",
          "version": "3",
          "digest": "EuyqJpgzjJHT6kic7WB6Yf4Dxg29ovSbiReFoYEK8ShZ",
          "owner": {
            "AddressOwner": "0xa7b032703878aa74c3126935789fd1d4d7e111d5911b09247d6963061c312b5a"
          },
          "content": {
            "dataType": "moveObject",
            "type": "0x2::coin::Coin<0x2::haneul::HANEUL>",
            "hasPublicTransfer": true,
            "fields": {
              "balance": "299999995026026",
              "id": {
                "id": "0x570aa5a0bfe86876b737cb255af31cd0d5a968c3ad6341631e6edfd808282d48"
              }
            }
          }
        }
      },
      {
        "data": {
          "objectId": "0x7485162f118ead5b8f33a843b73e69e89a9f4543b1f6f371f8ff4367a9ae73e0",
          "version": "3",
          "digest": "5GuscyDvKfG4aVLuwDu85Ccx7tYwsTfwvisbdRBvxQBp",
          "owner": {
            "AddressOwner": "0xa7b032703878aa74c3126935789fd1d4d7e111d5911b09247d6963061c312b5a"
          },
          "content": {
            "dataType": "moveObject",
            "type": "0x2::coin::Coin<0x2::haneul::HANEUL>",
            "hasPublicTransfer": true,
            "fields": {
              "balance": "49",
              "id": {
                "id": "0x7485162f118ead5b8f33a843b73e69e89a9f4543b1f6f371f8ff4367a9ae73e0"
              }
            }
          }
        }
      },
      {
        "data": {
          "objectId": "0x8a56b6b3e700cce32ba73faed37747f9ab4f743df1365b68a2e4ba33b3be6964",
          "version": "2",
          "digest": "FeJMndobc4gLWQTVxTWYvvESi8dmy7cueeHTTWJEC3tw",
          "owner": {
            "AddressOwner": "0xa7b032703878aa74c3126935789fd1d4d7e111d5911b09247d6963061c312b5a"
          },
          "content": {
            "dataType": "moveObject",
            "type": "0x2::coin::Coin<0x2::haneul::HANEUL>",
            "hasPublicTransfer": true,
            "fields": {
              "balance": "45",
              "id": {
                "id": "0x8a56b6b3e700cce32ba73faed37747f9ab4f743df1365b68a2e4ba33b3be6964"
              }
            }
          }
        }
      }
    ],
    "nextCursor": "0gEAp7AycDh4qnTDEmk1eJ/R1NfhEdWRGwkkfWljBhwxK1oAAAAAAAAAAAAAAAAAAAAAAAAAAAAAAAAAAAAAAAAAAgAAAAAAAAAEY29pbgAAAAAAAAAEQ29pbgAAAAAAAAABAAAABwAAAAAAAAAAAAAAAAAAAAAAAAAAAAAAAAAAAAAAAAACAAAAAAAAAAZoYW5ldWwAAAAAAAAABkhBTkVVTAAAAAAAAAAAAf/////////Sila2s+cAzOMrpz+u03dH+atPdD3xNltoouS6M7O+aWQ=",
    "hasNextPage": false
  }
}

task 9, lines 45-49:
//# run-jsonrpc
Response: {
  "jsonrpc": "2.0",
  "id": 2,
  "result": {
    "data": [
      {
        "data": {
          "objectId": "0xdef5dc23cc213da7a8fd0db8ae199cbba2fafebc5708d57433716f7439aa9328",
          "version": "3",
          "digest": "43jwAWTPPJFaFy5gd6VH5MX5wFrBAzZne2o5D5gN5nuu",
          "content": {
            "dataType": "moveObject",
            "type": "0x2::coin::Coin<0x2::haneul::HANEUL>",
            "hasPublicTransfer": true,
            "fields": {
              "balance": "299999991073850",
              "id": {
                "id": "0xdef5dc23cc213da7a8fd0db8ae199cbba2fafebc5708d57433716f7439aa9328"
              }
            }
          }
        }
      },
      {
        "data": {
          "objectId": "0xeaab38af867f38792f69b78ea5960f3c884f165db6016cce5372340161b2b9c4",
          "version": "3",
          "digest": "Ay86orHqkmsdXng48McA8zzqWSx5YPSPPaNvfQfz5X9M",
          "content": {
            "dataType": "moveObject",
            "type": "0x2::coin::Coin<0x2::haneul::HANEUL>",
            "hasPublicTransfer": true,
            "fields": {
              "balance": "48",
              "id": {
                "id": "0xeaab38af867f38792f69b78ea5960f3c884f165db6016cce5372340161b2b9c4"
              }
            }
          }
        }
      }
    ],
    "nextCursor": "0gEA/MyaQhu7E8GmahqpjwrXUCnt6UhXd5xpFbRPlAaLkh4AAAAAAAAAAAAAAAAAAAAAAAAAAAAAAAAAAAAAAAAAAgAAAAAAAAAEY29pbgAAAAAAAAAEQ29pbgAAAAAAAAABAAAABwAAAAAAAAAAAAAAAAAAAAAAAAAAAAAAAAAAAAAAAAACAAAAAAAAAAZoYW5ldWwAAAAAAAAABkhBTkVVTAAAAAAAAAAAAf/////////P6qs4r4Z/OHkvabeOpZYPPIhPFl22AWzOU3I0AWGyucQ=",
    "hasNextPage": true
  }
}

task 10, lines 51-53:
//# programmable --sender B --inputs @B object(2,0) 21
//> 0: SplitCoins(Input(1), [Input(2)]);
//> 1: TransferObjects([Result(0)], Input(0))
created: object(10,0)
mutated: object(0,1), object(2,0)
gas summary: computation_cost: 1000000, storage_cost: 2964000,  storage_rebate: 1956240, non_refundable_storage_fee: 19760

task 11, line 55:
//# create-checkpoint
Checkpoint created: 3

task 12, lines 57-61:
//# run-jsonrpc
Response: {
  "jsonrpc": "2.0",
  "id": 3,
  "result": {
    "data": [
      {
        "data": {
          "objectId": "0x570aa5a0bfe86876b737cb255af31cd0d5a968c3ad6341631e6edfd808282d48",
          "version": "4",
          "digest": "4YNyb1Ucp6Dm42KTA3A4tRPsaFoEPjzGjMRmj4anYBxD",
          "content": {
            "dataType": "moveObject",
            "type": "0x2::coin::Coin<0x2::haneul::HANEUL>",
            "hasPublicTransfer": true,
            "fields": {
              "balance": "299999993018266",
              "id": {
                "id": "0x570aa5a0bfe86876b737cb255af31cd0d5a968c3ad6341631e6edfd808282d48"
              }
            }
          }
        }
      },
      {
        "data": {
          "objectId": "0x7485162f118ead5b8f33a843b73e69e89a9f4543b1f6f371f8ff4367a9ae73e0",
          "version": "3",
          "digest": "5GuscyDvKfG4aVLuwDu85Ccx7tYwsTfwvisbdRBvxQBp",
          "content": {
            "dataType": "moveObject",
            "type": "0x2::coin::Coin<0x2::haneul::HANEUL>",
            "hasPublicTransfer": true,
            "fields": {
              "balance": "49",
              "id": {
                "id": "0x7485162f118ead5b8f33a843b73e69e89a9f4543b1f6f371f8ff4367a9ae73e0"
              }
            }
          }
        }
      },
      {
        "data": {
          "objectId": "0x8a56b6b3e700cce32ba73faed37747f9ab4f743df1365b68a2e4ba33b3be6964",
          "version": "4",
          "digest": "39UD3khjvGW4Dsz2oaYqtR6dqsWuqKqiYyUu289CxogG",
          "content": {
            "dataType": "moveObject",
            "type": "0x2::coin::Coin<0x2::haneul::HANEUL>",
            "hasPublicTransfer": true,
            "fields": {
              "balance": "24",
              "id": {
                "id": "0x8a56b6b3e700cce32ba73faed37747f9ab4f743df1365b68a2e4ba33b3be6964"
              }
            }
          }
        }
      },
      {
        "data": {
          "objectId": "0xc0ef31ee45b49b36ae5aa0301360ab79fec8c7817f5543b7ecd9b6261402fd46",
          "version": "4",
          "digest": "CLo6gAZwJSFGMrn6C8GCPYv1KqNUGqFjUSSNedrg5JDL",
          "content": {
            "dataType": "moveObject",
            "type": "0x2::coin::Coin<0x2::haneul::HANEUL>",
            "hasPublicTransfer": true,
            "fields": {
              "balance": "21",
              "id": {
                "id": "0xc0ef31ee45b49b36ae5aa0301360ab79fec8c7817f5543b7ecd9b6261402fd46"
              }
            }
          }
        }
      }
    ],
    "nextCursor": "0gEAp7AycDh4qnTDEmk1eJ/R1NfhEdWRGwkkfWljBhwxK1oAAAAAAAAAAAAAAAAAAAAAAAAAAAAAAAAAAAAAAAAAAgAAAAAAAAAEY29pbgAAAAAAAAAEQ29pbgAAAAAAAAABAAAABwAAAAAAAAAAAAAAAAAAAAAAAAAAAAAAAAAAAAAAAAACAAAAAAAAAAZoYW5ldWwAAAAAAAAABkhBTkVVTAAAAAAAAAAAAf/////////qwO8x7kW0mzauWqAwE2Cref7Ix4F/VUO37Nm2JhQC/UY=",
    "hasNextPage": false
  }
}

task 13, lines 63-64:
//# programmable --sender B --inputs object(5,0) @A
//> 0: TransferObjects([Input(0)], Input(1))
mutated: object(0,1), object(5,0)
gas summary: computation_cost: 1000000, storage_cost: 1976000,  storage_rebate: 1956240, non_refundable_storage_fee: 19760

task 14, line 66:
//# create-checkpoint
Checkpoint created: 4

task 15, lines 68-72:
//# run-jsonrpc
Response: {
  "jsonrpc": "2.0",
  "id": 4,
  "result": {
    "data": [
      {
        "data": {
          "objectId": "0xdef5dc23cc213da7a8fd0db8ae199cbba2fafebc5708d57433716f7439aa9328",
          "version": "3",
          "digest": "43jwAWTPPJFaFy5gd6VH5MX5wFrBAzZne2o5D5gN5nuu",
          "content": {
            "dataType": "moveObject",
            "type": "0x2::coin::Coin<0x2::haneul::HANEUL>",
            "hasPublicTransfer": true,
            "fields": {
              "balance": "299999991073850",
              "id": {
                "id": "0xdef5dc23cc213da7a8fd0db8ae199cbba2fafebc5708d57433716f7439aa9328"
              }
            }
          }
        }
      },
      {
        "data": {
          "objectId": "0x7485162f118ead5b8f33a843b73e69e89a9f4543b1f6f371f8ff4367a9ae73e0",
          "version": "5",
          "digest": "8cgUU1sfRTRFMB1gg4Tw3WaPdbf6ZqkrWbMtCoub3JdT",
          "content": {
            "dataType": "moveObject",
            "type": "0x2::coin::Coin<0x2::haneul::HANEUL>",
            "hasPublicTransfer": true,
            "fields": {
              "balance": "49",
              "id": {
                "id": "0x7485162f118ead5b8f33a843b73e69e89a9f4543b1f6f371f8ff4367a9ae73e0"
              }
            }
          }
        }
      },
      {
        "data": {
          "objectId": "0xeaab38af867f38792f69b78ea5960f3c884f165db6016cce5372340161b2b9c4",
          "version": "3",
          "digest": "Ay86orHqkmsdXng48McA8zzqWSx5YPSPPaNvfQfz5X9M",
          "content": {
            "dataType": "moveObject",
            "type": "0x2::coin::Coin<0x2::haneul::HANEUL>",
            "hasPublicTransfer": true,
            "fields": {
              "balance": "48",
              "id": {
                "id": "0xeaab38af867f38792f69b78ea5960f3c884f165db6016cce5372340161b2b9c4"
              }
            }
          }
        }
      },
      {
        "data": {
          "objectId": "0x5d2d2a740486e13ce44b382b0151d0de075fded6c04ef292bd52ecb5aaa2b936",
          "version": "3",
          "digest": "3bBHgW9j7pVvhctwcyFdGxPhzZBxNvCRBJuSJNkgYHp6",
          "content": {
            "dataType": "moveObject",
            "type": "0x2::coin::Coin<0x2::haneul::HANEUL>",
            "hasPublicTransfer": true,
            "fields": {
              "balance": "47",
              "id": {
                "id": "0x5d2d2a740486e13ce44b382b0151d0de075fded6c04ef292bd52ecb5aaa2b936"
              }
            }
          }
        }
      },
      {
        "data": {
          "objectId": "0x5652ff3601e5d55989b5c57d6a3469001d01c53fe14b620cf98893e759dd0ccf",
          "version": "3",
          "digest": "2oMS44TX2aERSiAhMRtvz4Q8xGJnhGXoxosdtVboxKKh",
          "content": {
            "dataType": "moveObject",
            "type": "0x2::coin::Coin<0x2::haneul::HANEUL>",
            "hasPublicTransfer": true,
            "fields": {
              "balance": "46",
              "id": {
                "id": "0x5652ff3601e5d55989b5c57d6a3469001d01c53fe14b620cf98893e759dd0ccf"
              }
            }
          }
        }
      },
      {
        "data": {
          "objectId": "0x2a3a61d840ff96e883d9989a336243b0a3873c121721086fa596ad8bb29b2c57",
          "version": "2",
          "digest": "3uvpNwjRhW2qgu4tHEV9anjoQdBiAEchAB1oxRk1y2H8",
          "content": {
            "dataType": "moveObject",
            "type": "0x2::coin::Coin<0x2::haneul::HANEUL>",
            "hasPublicTransfer": true,
            "fields": {
              "balance": "44",
              "id": {
                "id": "0x2a3a61d840ff96e883d9989a336243b0a3873c121721086fa596ad8bb29b2c57"
              }
            }
          }
        }
      },
      {
        "data": {
          "objectId": "0x9dab179991ee3c0aba63c44a9d202ec7ca57d5503ce36fe148e57a1538227cea",
          "version": "2",
          "digest": "4Mgs4THdL48t6H8nqgLofXprMpVfDSdhnUcj7bQdpYN6",
          "content": {
            "dataType": "moveObject",
            "type": "0x2::coin::Coin<0x2::haneul::HANEUL>",
            "hasPublicTransfer": true,
            "fields": {
              "balance": "43",
              "id": {
                "id": "0x9dab179991ee3c0aba63c44a9d202ec7ca57d5503ce36fe148e57a1538227cea"
              }
            }
          }
        }
      },
      {
        "data": {
          "objectId": "0x72c84bdee6cff149d0eae2888611cf5e202af6c89d9eb0918a4f9e64ada898bd",
          "version": "2",
          "digest": "CvAEj9FuUeeM4jdefG3RG1NzLju2cwjJPE19jKr284m1",
          "content": {
            "dataType": "moveObject",
            "type": "0x2::coin::Coin<0x2::haneul::HANEUL>",
            "hasPublicTransfer": true,
            "fields": {
              "balance": "42",
              "id": {
                "id": "0x72c84bdee6cff149d0eae2888611cf5e202af6c89d9eb0918a4f9e64ada898bd"
              }
            }
          }
        }
      }
    ],
    "nextCursor": "0gEA/MyaQhu7E8GmahqpjwrXUCnt6UhXd5xpFbRPlAaLkh4AAAAAAAAAAAAAAAAAAAAAAAAAAAAAAAAAAAAAAAAAAgAAAAAAAAAEY29pbgAAAAAAAAAEQ29pbgAAAAAAAAABAAAABwAAAAAAAAAAAAAAAAAAAAAAAAAAAAAAAAAAAAAAAAACAAAAAAAAAAZoYW5ldWwAAAAAAAAABkhBTkVVTAAAAAAAAAAAAf/////////VcshL3ubP8UnQ6uKIhhHPXiAq9sidnrCRik+eZK2omL0=",
    "hasNextPage": false
  }
}

task 16, lines 74-78:
//# run-jsonrpc
Response: {
  "jsonrpc": "2.0",
  "id": 5,
  "result": {
    "data": [
      {
        "data": {
          "objectId": "0x570aa5a0bfe86876b737cb255af31cd0d5a968c3ad6341631e6edfd808282d48",
          "version": "5",
          "digest": "FNVshs96gP1qi3xLM6UvkPeuWwcZu1yiiBE9ijPMf6mF",
          "content": {
            "dataType": "moveObject",
            "type": "0x2::coin::Coin<0x2::haneul::HANEUL>",
            "hasPublicTransfer": true,
            "fields": {
              "balance": "299999991998506",
              "id": {
                "id": "0x570aa5a0bfe86876b737cb255af31cd0d5a968c3ad6341631e6edfd808282d48"
              }
            }
          }
        }
      },
      {
        "data": {
          "objectId": "0x8a56b6b3e700cce32ba73faed37747f9ab4f743df1365b68a2e4ba33b3be6964",
          "version": "4",
          "digest": "39UD3khjvGW4Dsz2oaYqtR6dqsWuqKqiYyUu289CxogG",
          "content": {
            "dataType": "moveObject",
            "type": "0x2::coin::Coin<0x2::haneul::HANEUL>",
            "hasPublicTransfer": true,
            "fields": {
              "balance": "24",
              "id": {
                "id": "0x8a56b6b3e700cce32ba73faed37747f9ab4f743df1365b68a2e4ba33b3be6964"
              }
            }
          }
        }
      },
      {
        "data": {
          "objectId": "0xc0ef31ee45b49b36ae5aa0301360ab79fec8c7817f5543b7ecd9b6261402fd46",
          "version": "4",
          "digest": "CLo6gAZwJSFGMrn6C8GCPYv1KqNUGqFjUSSNedrg5JDL",
          "content": {
            "dataType": "moveObject",
            "type": "0x2::coin::Coin<0x2::haneul::HANEUL>",
            "hasPublicTransfer": true,
            "fields": {
              "balance": "21",
              "id": {
                "id": "0xc0ef31ee45b49b36ae5aa0301360ab79fec8c7817f5543b7ecd9b6261402fd46"
              }
            }
          }
        }
      }
    ],
    "nextCursor": "0gEAp7AycDh4qnTDEmk1eJ/R1NfhEdWRGwkkfWljBhwxK1oAAAAAAAAAAAAAAAAAAAAAAAAAAAAAAAAAAAAAAAAAAgAAAAAAAAAEY29pbgAAAAAAAAAEQ29pbgAAAAAAAAABAAAABwAAAAAAAAAAAAAAAAAAAAAAAAAAAAAAAAAAAAAAAAACAAAAAAAAAAZoYW5ldWwAAAAAAAAABkhBTkVVTAAAAAAAAAAAAf/////////qwO8x7kW0mzauWqAwE2Cref7Ix4F/VUO37Nm2JhQC/UY=",
    "hasNextPage": false
  }
}
