---
source: external-crates/move/crates/move-transactional-test-runner/src/framework.rs
---
processed 17 tasks

init:
A: object(0,0)

task 1, lines 7-9:
//# programmable --sender A --inputs @A
//> 0: haneul::bag::new();
//> 1: TransferObjects([Result(0)], Input(0))
created: object(1,0)
mutated: object(0,0)
gas summary: computation_cost: 1000000, storage_cost: 2287600,  storage_rebate: 0, non_refundable_storage_fee: 0

task 2, lines 11-13:
//# programmable --sender A --inputs @A
//> 0: haneul::bag::new();
//> 1: TransferObjects([Result(0)], Input(0))
created: object(2,0)
mutated: object(0,0)
gas summary: computation_cost: 1000000, storage_cost: 2287600,  storage_rebate: 978120, non_refundable_storage_fee: 9880

task 3, lines 15-17:
//# programmable --sender A --inputs @A
//> 0: haneul::bag::new();
//> 1: TransferObjects([Result(0)], Input(0))
created: object(3,0)
mutated: object(0,0)
gas summary: computation_cost: 1000000, storage_cost: 2287600,  storage_rebate: 978120, non_refundable_storage_fee: 9880

task 4, lines 19-21:
//# programmable --sender A --inputs @A
//> 0: haneul::bag::new();
//> 1: TransferObjects([Result(0)], Input(0))
created: object(4,0)
mutated: object(0,0)
gas summary: computation_cost: 1000000, storage_cost: 2287600,  storage_rebate: 978120, non_refundable_storage_fee: 9880

task 5, lines 23-25:
//# programmable --sender A --inputs @A
//> 0: haneul::object_bag::new();
//> 1: TransferObjects([Result(0)], Input(0))
created: object(5,0)
mutated: object(0,0)
gas summary: computation_cost: 1000000, storage_cost: 2386400,  storage_rebate: 978120, non_refundable_storage_fee: 9880

task 6, line 27:
//# create-checkpoint
Checkpoint created: 1

task 7, lines 29-32:
//# programmable --sender A --inputs object(1,0) 1u64 object(2,0) 2u64 object(3,0) 3u64 object(4,0)
//> 0: haneul::bag::add<u64, haneul::bag::Bag>(Input(2), Input(3), Input(4));
//> 1: haneul::bag::add<u64, haneul::bag::Bag>(Input(2), Input(5), Input(6));
//> 2: haneul::bag::add<u64, haneul::bag::Bag>(Input(0), Input(1), Input(2));
created: object(7,0), object(7,1), object(7,2)
mutated: object(0,0), object(1,0)
wrapped: object(2,0), object(3,0), object(4,0)
gas summary: computation_cost: 1000000, storage_cost: 8352400,  storage_rebate: 6124536, non_refundable_storage_fee: 61864

task 8, lines 34-37:
//# programmable --sender A --inputs object(5,0) 400u64 500u64
//> 0: SplitCoins(Gas, [Input(1), Input(2)]);
//> 1: haneul::object_bag::add<u64, haneul::coin::Coin<haneul::haneul::HANEUL>>(Input(0), Input(1), NestedResult(0,0));
//> 2: haneul::object_bag::add<u64, haneul::coin::Coin<haneul::haneul::HANEUL>>(Input(0), Input(2), NestedResult(0,1));
created: object(8,0), object(8,1), object(8,2), object(8,3)
mutated: object(0,0), object(5,0)
gas summary: computation_cost: 1000000, storage_cost: 9272000,  storage_rebate: 2362536, non_refundable_storage_fee: 23864

task 9, line 39:
//# create-checkpoint
Checkpoint created: 2

task 10, lines 41-54:
//# run-graphql
Response: {
  "data": {
    "multiGetObjects": [
      {
        "version": 7,
        "asMoveObject": {
          "contents": {
            "json": {
              "id": "0x8d40e6fb4878e87bfc74a214c745106a901b2b605826af56491e5aadc5470b80",
              "size": "1"
            }
          }
        }
      },
      null,
      null,
      null
    ]
  }
}

task 11, lines 56-73:
//# run-graphql
Response: {
  "data": {
    "checkpoint": {
      "query": {
        "multiGetObjects": [
          {
            "version": 2,
            "asMoveObject": {
              "contents": {
                "json": {
                  "id": "0x8d40e6fb4878e87bfc74a214c745106a901b2b605826af56491e5aadc5470b80",
                  "size": "0"
                }
              }
            }
          },
          {
            "version": 3,
            "asMoveObject": {
              "contents": {
                "json": {
                  "id": "0x26152a648906ee15e2f7b25299538af80d773757184cf4f9c16e046eb54f4ff0",
                  "size": "0"
                }
              }
            }
          },
          {
            "version": 4,
            "asMoveObject": {
              "contents": {
                "json": {
                  "id": "0xb9b01c32debe31cad511e090c8f1c2d560de8fb22645a6a95c3d1f5787d19c6e",
                  "size": "0"
                }
              }
            }
          },
          {
            "version": 5,
            "asMoveObject": {
              "contents": {
                "json": {
                  "id": "0xefbe759e9434d1931f842b36ee420c6c603da04dbde18a1b78ba128e34b0c78f",
                  "size": "0"
                }
              }
            }
          }
        ]
      }
    }
  }
}

task 12, lines 75-90:
//# run-graphql --cursors bcs(1u64)
Response: {
  "data": {
    "address": {
      "dynamicField": {
        "value": {
          "json": {
            "id": "0x26152a648906ee15e2f7b25299538af80d773757184cf4f9c16e046eb54f4ff0",
            "size": "2"
          }
        }
      }
    },
    "object": {
      "asMoveObject": {
        "dynamicField": {
          "value": {
            "json": {
              "id": "0x26152a648906ee15e2f7b25299538af80d773757184cf4f9c16e046eb54f4ff0",
              "size": "2"
            }
          }
        }
      }
    }
  }
}

task 13, lines 92-107:
//# run-graphql --cursors bcs(2u64) bcs(3u64)
Response: {
  "data": {
    "address": {
      "df2": {
        "value": {
          "json": {
            "id": "0xb9b01c32debe31cad511e090c8f1c2d560de8fb22645a6a95c3d1f5787d19c6e",
            "size": "0"
          }
        }
      },
      "df3": {
        "value": {
          "json": {
            "id": "0xefbe759e9434d1931f842b36ee420c6c603da04dbde18a1b78ba128e34b0c78f",
            "size": "0"
          }
        }
      },
      "multiGetDynamicFields": [
        {
          "value": {
            "json": {
              "id": "0xb9b01c32debe31cad511e090c8f1c2d560de8fb22645a6a95c3d1f5787d19c6e",
              "size": "0"
            }
          }
        },
        {
          "value": {
            "json": {
              "id": "0xefbe759e9434d1931f842b36ee420c6c603da04dbde18a1b78ba128e34b0c78f",
              "size": "0"
            }
          }
        }
      ]
    }
  }
}

task 14, lines 109-134:
//# run-graphql --cursors bcs(400u64) bcs(500u64)
Response: {
  "data": {
    "object": {
      "asMoveObject": {
        "df400": {
          "value": {
            "contents": {
              "json": {
                "id": "0xdfa1240c9d567b478ad216027c7065b7c391adf177a98badb29dae5951ea05f6",
                "balance": "400"
              }
            }
          }
        },
        "df500": {
          "value": {
            "contents": {
              "json": {
                "id": "0x8b9756db18dc2e200072814dd02f65b445beb53222d018d04860515e23d79b13",
                "balance": "500"
              }
            }
          }
        },
        "multiGetDynamicObjectFields": [
          {
            "value": {
              "contents": {
                "json": {
                  "id": "0xdfa1240c9d567b478ad216027c7065b7c391adf177a98badb29dae5951ea05f6",
                  "balance": "400"
                }
              }
            }
          },
          {
            "value": {
              "contents": {
                "json": {
                  "id": "0x8b9756db18dc2e200072814dd02f65b445beb53222d018d04860515e23d79b13",
                  "balance": "500"
                }
              }
            }
          }
        ]
      }
    },
    "address": {
      "df400": {
        "value": {
          "contents": {
            "json": {
              "id": "0xdfa1240c9d567b478ad216027c7065b7c391adf177a98badb29dae5951ea05f6",
              "balance": "400"
            }
          }
        }
      },
      "df500": {
        "value": {
          "contents": {
            "json": {
              "id": "0x8b9756db18dc2e200072814dd02f65b445beb53222d018d04860515e23d79b13",
              "balance": "500"
            }
          }
        }
      },
      "multiGetDynamicObjectFields": [
        {
          "value": {
            "contents": {
              "json": {
                "id": "0xdfa1240c9d567b478ad216027c7065b7c391adf177a98badb29dae5951ea05f6",
                "balance": "400"
              }
            }
          }
        },
        {
          "value": {
            "contents": {
              "json": {
                "id": "0x8b9756db18dc2e200072814dd02f65b445beb53222d018d04860515e23d79b13",
                "balance": "500"
              }
            }
          }
        }
      ]
    }
  }
}

task 15, lines 136-184:
//# run-graphql
Response: {
  "data": {
    "atCp0": {
      "balance": {
        "totalBalance": "300000000000000"
      },
      "objects": {
        "nodes": [
          {
            "address": "0x76448b459535ef83eeb9dde937754a446d123bb79a94ed447d98d6ba58347dc0",
            "contents": {
              "type": {
                "repr": "0x0000000000000000000000000000000000000000000000000000000000000002::coin::Coin<0x0000000000000000000000000000000000000000000000000000000000000002::haneul::HANEUL>"
              },
              "json": {
                "id": "0x76448b459535ef83eeb9dde937754a446d123bb79a94ed447d98d6ba58347dc0",
                "balance": "300000000000000"
              }
            }
          }
        ]
      },
      "transactions": {
        "nodes": [
          {
            "digest": "2XvsmEjdC6cRq43vj4T1BoRBiZfny36icUmowQkwS6x5"
          },
          {
            "digest": "FiFzpFPWvmqLGJuo1s9NuWzZ3YDTtWNtkaxhJWvAAibE"
          },
          {
            "digest": "JA52zQSVwukbCDtmYqfUrKfWKfwgVkBGK4mTXuZfZKL8"
          },
          {
            "digest": "x66b42gjeTERPh5rVh52F9ouzf45HhBMgUrP3K6Ux6w"
          },
          {
            "digest": "3xUNNGNWqsT5tsj2v3rDEj3EvCu17ot83vo9RpHw6f39"
          },
          {
            "digest": "BapAfGwG5vJWmduXFDygb4UrhaNQoY1FixqBcor93fFE"
          },
          {
            "digest": "65ary8YNrRR8kSLxeHZnpP1tF2mkKeXGHop5TU6sHwVE"
          }
        ]
      }
    },
    "atCp1": {
      "balance": {
        "totalBalance": "299999987375680"
      },
      "objects": {
        "nodes": [
          {
            "address": "0x26152a648906ee15e2f7b25299538af80d773757184cf4f9c16e046eb54f4ff0",
            "contents": {
              "type": {
                "repr": "0x0000000000000000000000000000000000000000000000000000000000000002::bag::Bag"
              },
              "json": {
                "id": "0x26152a648906ee15e2f7b25299538af80d773757184cf4f9c16e046eb54f4ff0",
                "size": "0"
              }
            }
          },
          {
            "address": "0x8d40e6fb4878e87bfc74a214c745106a901b2b605826af56491e5aadc5470b80",
            "contents": {
              "type": {
                "repr": "0x0000000000000000000000000000000000000000000000000000000000000002::bag::Bag"
              },
              "json": {
                "id": "0x8d40e6fb4878e87bfc74a214c745106a901b2b605826af56491e5aadc5470b80",
                "size": "0"
              }
            }
          },
          {
            "address": "0xb9b01c32debe31cad511e090c8f1c2d560de8fb22645a6a95c3d1f5787d19c6e",
            "contents": {
              "type": {
                "repr": "0x0000000000000000000000000000000000000000000000000000000000000002::bag::Bag"
              },
              "json": {
                "id": "0xb9b01c32debe31cad511e090c8f1c2d560de8fb22645a6a95c3d1f5787d19c6e",
                "size": "0"
              }
            }
          },
          {
            "address": "0xefbe759e9434d1931f842b36ee420c6c603da04dbde18a1b78ba128e34b0c78f",
            "contents": {
              "type": {
                "repr": "0x0000000000000000000000000000000000000000000000000000000000000002::bag::Bag"
              },
              "json": {
                "id": "0xefbe759e9434d1931f842b36ee420c6c603da04dbde18a1b78ba128e34b0c78f",
                "size": "0"
              }
            }
          },
          {
            "address": "0x76448b459535ef83eeb9dde937754a446d123bb79a94ed447d98d6ba58347dc0",
            "contents": {
              "type": {
                "repr": "0x0000000000000000000000000000000000000000000000000000000000000002::coin::Coin<0x0000000000000000000000000000000000000000000000000000000000000002::haneul::HANEUL>"
              },
              "json": {
                "id": "0x76448b459535ef83eeb9dde937754a446d123bb79a94ed447d98d6ba58347dc0",
                "balance": "299999987375680"
              }
            }
          },
          {
            "address": "0xce3966782d609cbce146142154007686ec79a0bdc1c454aef35404ce090b1c2a",
            "contents": {
              "type": {
                "repr": "0x0000000000000000000000000000000000000000000000000000000000000002::object_bag::ObjectBag"
              },
              "json": {
                "id": "0xce3966782d609cbce146142154007686ec79a0bdc1c454aef35404ce090b1c2a",
                "size": "0"
              }
            }
          }
        ]
      },
      "transactions": {
        "nodes": [
          {
            "digest": "2XvsmEjdC6cRq43vj4T1BoRBiZfny36icUmowQkwS6x5"
          },
          {
            "digest": "FiFzpFPWvmqLGJuo1s9NuWzZ3YDTtWNtkaxhJWvAAibE"
          },
          {
            "digest": "JA52zQSVwukbCDtmYqfUrKfWKfwgVkBGK4mTXuZfZKL8"
          },
          {
            "digest": "x66b42gjeTERPh5rVh52F9ouzf45HhBMgUrP3K6Ux6w"
          },
          {
            "digest": "3xUNNGNWqsT5tsj2v3rDEj3EvCu17ot83vo9RpHw6f39"
          },
          {
            "digest": "BapAfGwG5vJWmduXFDygb4UrhaNQoY1FixqBcor93fFE"
          },
          {
            "digest": "65ary8YNrRR8kSLxeHZnpP1tF2mkKeXGHop5TU6sHwVE"
          }
        ]
      }
    }
  }
}

task 16, lines 186-191:
//# run-graphql
Response: {
  "data": {
    "address": {
      "objects": null
    }
  },
  "errors": [
    {
      "message": "Cannot paginate owned objects for a parent object's address if its version is bounded. Fetch the parent at a checkpoint in the consistent range to list its owned objects.",
      "locations": [
        {
          "line": 3,
          "column": 5
        }
      ],
      "path": [
        "address",
        "objects"
      ],
      "extensions": {
        "code": "BAD_USER_INPUT"
      }
    }
  ]
}
