---
source: external-crates/move/crates/move-transactional-test-runner/src/framework.rs
---
processed 9 tasks

init:
A: object(0,0), B: object(0,1)

task 1, lines 7-20:
//# publish
created: object(1,0)
mutated: object(0,2)
gas summary: computation_cost: 1000000, storage_cost: 5183200,  storage_rebate: 0, non_refundable_storage_fee: 0

task 2, lines 22-23:
// A sends transaction to A (affects A, sent by A)
//# run Test::M1::create --sender A --args 0 @A
created: object(2,0)
mutated: object(0,0)
gas summary: computation_cost: 1000000, storage_cost: 2302800,  storage_rebate: 0, non_refundable_storage_fee: 0

task 3, line 25:
//# create-checkpoint
Checkpoint created: 1

task 4, lines 27-28:
// A sends transaction to B (affects B, sent by A)
//# run Test::M1::create --sender A --args 1 @B
created: object(4,0)
mutated: object(0,0)
gas summary: computation_cost: 1000000, storage_cost: 2302800,  storage_rebate: 978120, non_refundable_storage_fee: 9880

task 5, line 30:
//# create-checkpoint
Checkpoint created: 2

task 6, lines 32-33:
// B sends transaction to A (affects A, sent by B)
//# run Test::M1::create --sender B --args 2 @A
created: object(6,0)
mutated: object(0,1)
gas summary: computation_cost: 1000000, storage_cost: 2302800,  storage_rebate: 0, non_refundable_storage_fee: 0

task 7, line 35:
//# create-checkpoint
Checkpoint created: 3

task 8, lines 37-112:
//# run-graphql
Response: {
  "data": {
    "addressA_sent": {
      "transactions": {
        "edges": [
          {
            "cursor": "KAE6BAgAEAI=",
            "node": {
              "digest": "7coC1D1s3aSoY8iojosFAvyTgAe1578VDf6FDSAKphF8",
              "effects": {
                "checkpoint": {
                  "sequenceNumber": 1,
                  "digest": "HYxaEd81oAuTKWDXuirgho6RDCPDC2aijPqgEiBYtnEk"
                }
              }
            }
          },
          {
            "cursor": "KAE6BAgAEAQ=",
            "node": {
              "digest": "73pLQ1K11gAk3cAUNAwcBe93pPAc6U7wKE9mv95xLtrt",
              "effects": {
                "checkpoint": {
                  "sequenceNumber": 2,
                  "digest": "88DV4b7QQ2ZWqPC1NwMg4JX9kv1otiNTRjGt2tMiQKXj"
                }
              }
            }
          }
        ]
      }
    },
    "addressA_sent_explicit": {
      "transactions": {
        "edges": [
          {
            "cursor": "KAE6BAgAEAI=",
            "node": {
              "digest": "7coC1D1s3aSoY8iojosFAvyTgAe1578VDf6FDSAKphF8",
              "effects": {
                "checkpoint": {
                  "sequenceNumber": 1,
                  "digest": "HYxaEd81oAuTKWDXuirgho6RDCPDC2aijPqgEiBYtnEk"
                }
              }
            }
          },
          {
            "cursor": "KAE6BAgAEAQ=",
            "node": {
              "digest": "73pLQ1K11gAk3cAUNAwcBe93pPAc6U7wKE9mv95xLtrt",
              "effects": {
                "checkpoint": {
                  "sequenceNumber": 2,
                  "digest": "88DV4b7QQ2ZWqPC1NwMg4JX9kv1otiNTRjGt2tMiQKXj"
                }
              }
            }
          }
        ]
      }
    },
    "addressA_affected": {
      "transactions": {
        "edges": [
          {
            "cursor": "KAE6BAgAEAA=",
            "node": {
              "digest": "FnUTjLzsuxk5c9WtUtNkSHkoQYrvJzXJph2ctBJqS858",
              "effects": {
                "checkpoint": {
                  "sequenceNumber": 0,
                  "digest": "m1kZJoqzjC3hELmJe9aTWUq3xMLswrsY2vQd5zusDcZ"
                }
              }
            }
          },
          {
            "cursor": "KAE6BAgAEAI=",
            "node": {
              "digest": "7coC1D1s3aSoY8iojosFAvyTgAe1578VDf6FDSAKphF8",
              "effects": {
                "checkpoint": {
                  "sequenceNumber": 1,
                  "digest": "HYxaEd81oAuTKWDXuirgho6RDCPDC2aijPqgEiBYtnEk"
                }
              }
            }
          },
          {
            "cursor": "KAE6BAgAEAQ=",
            "node": {
              "digest": "73pLQ1K11gAk3cAUNAwcBe93pPAc6U7wKE9mv95xLtrt",
              "effects": {
                "checkpoint": {
                  "sequenceNumber": 2,
                  "digest": "88DV4b7QQ2ZWqPC1NwMg4JX9kv1otiNTRjGt2tMiQKXj"
                }
              }
            }
          },
          {
            "cursor": "KAE6BAgAEAY=",
            "node": {
              "digest": "Dw5QhkTcUkBMFjfC1t54cV4XfabttgnU71HdqhjEV5oF",
              "effects": {
                "checkpoint": {
                  "sequenceNumber": 3,
                  "digest": "HwVQ3u4Zk7axr8JcZKYKDcHFtzDM5ixqSbfKEeUgUNEB"
                }
              }
            }
          }
        ]
      }
    },
    "addressB_sent": {
      "transactions": {
        "edges": [
          {
            "cursor": "KAE6BAgAEAY=",
            "node": {
              "digest": "Dw5QhkTcUkBMFjfC1t54cV4XfabttgnU71HdqhjEV5oF",
              "effects": {
                "checkpoint": {
                  "sequenceNumber": 3,
                  "digest": "HwVQ3u4Zk7axr8JcZKYKDcHFtzDM5ixqSbfKEeUgUNEB"
                }
              }
            }
          }
        ]
      }
    },
    "addressB_affected": {
      "transactions": {
        "edges": [
          {
            "cursor": "KAE6BAgAEAA=",
            "node": {
              "digest": "FnUTjLzsuxk5c9WtUtNkSHkoQYrvJzXJph2ctBJqS858",
              "effects": {
                "checkpoint": {
                  "sequenceNumber": 0,
                  "digest": "m1kZJoqzjC3hELmJe9aTWUq3xMLswrsY2vQd5zusDcZ"
                }
              }
            }
          },
          {
            "cursor": "KAE6BAgAEAQ=",
            "node": {
              "digest": "73pLQ1K11gAk3cAUNAwcBe93pPAc6U7wKE9mv95xLtrt",
              "effects": {
                "checkpoint": {
                  "sequenceNumber": 2,
                  "digest": "88DV4b7QQ2ZWqPC1NwMg4JX9kv1otiNTRjGt2tMiQKXj"
                }
              }
            }
          },
          {
            "cursor": "KAE6BAgAEAY=",
            "node": {
              "digest": "Dw5QhkTcUkBMFjfC1t54cV4XfabttgnU71HdqhjEV5oF",
              "effects": {
                "checkpoint": {
                  "sequenceNumber": 3,
                  "digest": "HwVQ3u4Zk7axr8JcZKYKDcHFtzDM5ixqSbfKEeUgUNEB"
                }
              }
            }
          }
        ]
      }
    },
    "addressA_sent_with_filter": {
      "transactions": {
        "edges": [
          {
            "cursor": "KAE6BAgAEAI=",
            "node": {
              "digest": "7coC1D1s3aSoY8iojosFAvyTgAe1578VDf6FDSAKphF8",
              "effects": {
                "checkpoint": {
                  "sequenceNumber": 1,
                  "digest": "HYxaEd81oAuTKWDXuirgho6RDCPDC2aijPqgEiBYtnEk"
                }
              }
            }
          },
          {
            "cursor": "KAE6BAgAEAQ=",
            "node": {
              "digest": "73pLQ1K11gAk3cAUNAwcBe93pPAc6U7wKE9mv95xLtrt",
              "effects": {
                "checkpoint": {
                  "sequenceNumber": 2,
                  "digest": "88DV4b7QQ2ZWqPC1NwMg4JX9kv1otiNTRjGt2tMiQKXj"
                }
              }
            }
          }
        ]
      }
    },
    "addressA_affected_first1": {
      "transactions": {
        "pageInfo": {
          "hasNextPage": true,
          "hasPreviousPage": false,
          "startCursor": "KAE6BAgAEAA=",
          "endCursor": "KAE6BAgAEAA="
        },
        "edges": [
          {
            "cursor": "KAE6BAgAEAA=",
            "node": {
              "digest": "FnUTjLzsuxk5c9WtUtNkSHkoQYrvJzXJph2ctBJqS858"
            }
          }
        ]
      }
    }
  }
}
