---
source: external-crates/move/crates/move-transactional-test-runner/src/framework.rs
---
processed 9 tasks

init:
A: object(0,0), B: object(0,1)

task 1, lines 7-24:
//# publish
created: object(1,0)
mutated: object(0,2)
gas summary: computation_cost: 1000000, storage_cost: 5563200,  storage_rebate: 0, non_refundable_storage_fee: 0

task 2, lines 26-30:
// Transaction 1: Create an object
// Dependencies: publish transaction, system transactions
//# programmable --sender A --inputs 100u64 @A
//> 0: test::dependency_test::create_object(Input(0));
//> TransferObjects([Result(0)], Input(1))
created: object(2,0)
mutated: object(0,0)
gas summary: computation_cost: 1000000, storage_cost: 2432000,  storage_rebate: 0, non_refundable_storage_fee: 0

task 3, lines 32-35:
// Transaction 2: Use objects created in previous transactions
// Dependencies: Transaction 1 (uses object(2,0)), system transactions
//# programmable --sender A --inputs object(2,0)
//> 0: test::dependency_test::object_value(Input(0));
mutated: object(0,0), object(2,0)
gas summary: computation_cost: 1000000, storage_cost: 2432000,  storage_rebate: 2407680, non_refundable_storage_fee: 24320

task 4, line 37:
//# create-checkpoint
Checkpoint created: 1

task 5, lines 39-57:
//# run-graphql
Response: {
  "data": {
    "genesisTransaction": {
      "nodes": [
        {
          "digest": "FnUTjLzsuxk5c9WtUtNkSHkoQYrvJzXJph2ctBJqS858",
          "effects": {
            "dependencies": {
              "pageInfo": {
                "hasNextPage": false,
                "hasPreviousPage": false
              },
              "nodes": []
            }
          }
        }
      ]
    }
  }
}

task 6, lines 59-76:
//# run-graphql
Response: {
  "data": {
    "systemTransactionDependencies": {
      "digest": "83rE9BnZGvUrmTA6pN5CMEina8F9h982Afc3f7uz6tZ1",
      "dependencies": {
        "pageInfo": {
          "hasNextPage": false,
          "hasPreviousPage": false
        },
        "nodes": [
          {
            "digest": "BTAGNx49xuaFLD3nnrgnXyRkVBWdM2ASAV5JLjovn41u",
            "sender": {
              "address": "0xda83166d01afd7ddcf8af5f844f45aaa53f48548e5117c23f5a2978cfd422244"
            }
          },
          {
            "digest": "FnUTjLzsuxk5c9WtUtNkSHkoQYrvJzXJph2ctBJqS858",
            "sender": null
          }
        ]
      }
    }
  }
}

task 7, lines 78-102:
//# run-graphql
Response: {
  "data": {
    "userTransactionDependencies": {
      "digest": "AfAV3fu98KgbKb2bZX2ep6Myj8hd3C6y6APVwuN3AbFQ",
      "dependencies": {
        "pageInfo": {
          "hasNextPage": false,
          "hasPreviousPage": false
        },
        "nodes": [
          {
            "digest": "83rE9BnZGvUrmTA6pN5CMEina8F9h982Afc3f7uz6tZ1",
            "sender": {
              "address": "0xfccc9a421bbb13c1a66a1aa98f0ad75029ede94857779c6915b44f94068b921e"
            },
            "gasInput": {
              "gasBudget": "5000000000",
              "gasPrice": "1000"
            },
            "kind": {
              "__typename": "ProgrammableTransaction"
            }
          },
          {
            "digest": "BTAGNx49xuaFLD3nnrgnXyRkVBWdM2ASAV5JLjovn41u",
            "sender": {
              "address": "0xda83166d01afd7ddcf8af5f844f45aaa53f48548e5117c23f5a2978cfd422244"
            },
            "gasInput": {
              "gasBudget": "5000000000",
              "gasPrice": "1000"
            },
            "kind": {
              "__typename": "ProgrammableTransaction"
            }
          }
        ]
      }
    }
  }
}

task 8, lines 104-143:
//# run-graphql
Response: {
  "data": {
    "paginationTest": {
      "digest": "AfAV3fu98KgbKb2bZX2ep6Myj8hd3C6y6APVwuN3AbFQ",
      "dependencies": {
        "pageInfo": {
          "hasNextPage": true,
          "hasPreviousPage": false
        },
        "edges": [
          {
            "cursor": "MA==",
            "node": {
              "digest": "83rE9BnZGvUrmTA6pN5CMEina8F9h982Afc3f7uz6tZ1",
              "sender": {
                "address": "0xfccc9a421bbb13c1a66a1aa98f0ad75029ede94857779c6915b44f94068b921e"
              }
            }
          }
        ]
      }
    },
    "backwardPaginationTest": {
      "digest": "AfAV3fu98KgbKb2bZX2ep6Myj8hd3C6y6APVwuN3AbFQ",
      "dependencies": {
        "pageInfo": {
          "hasNextPage": false,
          "hasPreviousPage": true
        },
        "edges": [
          {
            "cursor": "MQ==",
            "node": {
              "digest": "BTAGNx49xuaFLD3nnrgnXyRkVBWdM2ASAV5JLjovn41u",
              "sender": {
                "address": "0xda83166d01afd7ddcf8af5f844f45aaa53f48548e5117c23f5a2978cfd422244"
              }
            }
          }
        ]
      }
    }
  }
}
