---
source: external-crates/move/crates/move-transactional-test-runner/src/framework.rs
---
processed 6 tasks

init:
A: object(0,0), B: object(0,1)

task 1, lines 7-9:
//# programmable --sender A --inputs 1000 @B
//> 0: SplitCoins(Gas, [Input(0)]);
//> 1: TransferObjects([Result(0)], Input(1))
created: object(1,0)
mutated: object(0,0)
gas summary: computation_cost: 1000000, storage_cost: 1976000,  storage_rebate: 0, non_refundable_storage_fee: 0

task 2, line 11:
//# create-checkpoint
Checkpoint created: 1

task 3, lines 13-18:
//# run-graphql
Response: {
  "data": {
    "transactionEffects": {
      "effectsJson": {
        "digest": "29DuAJmtYB17KCRrhjuWe2tmeG25S8S8XvJqarBd7wzR",
        "version": 2,
        "status": {
          "success": true
        },
        "epoch": "0",
        "gasUsed": {
          "computationCost": "1000000",
          "storageCost": "1976000",
          "storageRebate": "0",
          "nonRefundableStorageFee": "0"
        },
        "transactionDigest": "62knBFeZqtvX1Xhm5yBv9Zmqczx8RDbDaQ7mKUyPyXiH",
        "gasObject": {
          "objectId": "0xdef5dc23cc213da7a8fd0db8ae199cbba2fafebc5708d57433716f7439aa9328",
          "inputState": "INPUT_OBJECT_STATE_EXISTS",
          "inputVersion": "1",
          "inputDigest": "CitgqGGjnyCwoZpJyA3JNijF7m7fVWCZU7YCd7mjDs9m",
          "inputOwner": {
            "kind": "ADDRESS",
            "address": "0xfccc9a421bbb13c1a66a1aa98f0ad75029ede94857779c6915b44f94068b921e"
          },
          "outputState": "OUTPUT_OBJECT_STATE_OBJECT_WRITE",
          "outputVersion": "2",
          "outputDigest": "GbuHXwGHK2Z1eeJuEp3FRsBJ2AbhXybgiB6S2JwMQgzp",
          "outputOwner": {
            "kind": "ADDRESS",
            "address": "0xfccc9a421bbb13c1a66a1aa98f0ad75029ede94857779c6915b44f94068b921e"
          },
          "idOperation": "NONE"
        },
        "dependencies": [
          "FnUTjLzsuxk5c9WtUtNkSHkoQYrvJzXJph2ctBJqS858"
        ],
        "lamportVersion": "2",
        "changedObjects": [
          {
            "objectId": "0x5010780423277ea873107acdd833a7e06c9b2916ce7d82a2d68f4f1d83ee5f92",
            "inputState": "INPUT_OBJECT_STATE_DOES_NOT_EXIST",
            "outputState": "OUTPUT_OBJECT_STATE_OBJECT_WRITE",
            "outputVersion": "2",
            "outputDigest": "fPGy227y4zn3Y6XWXtWsLFpXZMK6bLBC5aoZEwwkHtW",
            "outputOwner": {
              "kind": "ADDRESS",
              "address": "0xa7b032703878aa74c3126935789fd1d4d7e111d5911b09247d6963061c312b5a"
            },
            "idOperation": "CREATED",
            "objectType": "0x0000000000000000000000000000000000000000000000000000000000000002::coin::Coin<0x0000000000000000000000000000000000000000000000000000000000000002::haneul::HANEUL>"
          },
          {
            "objectId": "0xdef5dc23cc213da7a8fd0db8ae199cbba2fafebc5708d57433716f7439aa9328",
            "inputState": "INPUT_OBJECT_STATE_EXISTS",
            "inputVersion": "1",
            "inputDigest": "CitgqGGjnyCwoZpJyA3JNijF7m7fVWCZU7YCd7mjDs9m",
            "inputOwner": {
              "kind": "ADDRESS",
              "address": "0xfccc9a421bbb13c1a66a1aa98f0ad75029ede94857779c6915b44f94068b921e"
            },
            "outputState": "OUTPUT_OBJECT_STATE_OBJECT_WRITE",
            "outputVersion": "2",
            "outputDigest": "GbuHXwGHK2Z1eeJuEp3FRsBJ2AbhXybgiB6S2JwMQgzp",
            "outputOwner": {
              "kind": "ADDRESS",
              "address": "0xfccc9a421bbb13c1a66a1aa98f0ad75029ede94857779c6915b44f94068b921e"
            },
            "idOperation": "NONE",
            "objectType": "0x0000000000000000000000000000000000000000000000000000000000000002::coin::Coin<0x0000000000000000000000000000000000000000000000000000000000000002::haneul::HANEUL>"
          }
        ]
      }
    }
  }
}

task 4, lines 20-28:
//# run-graphql
Response: {
  "data": {
    "transaction": {
      "digest": "62knBFeZqtvX1Xhm5yBv9Zmqczx8RDbDaQ7mKUyPyXiH",
      "effects": {
        "effectsJson": {
          "digest": "29DuAJmtYB17KCRrhjuWe2tmeG25S8S8XvJqarBd7wzR",
          "version": 2,
          "status": {
            "success": true
          },
          "epoch": "0",
          "gasUsed": {
            "computationCost": "1000000",
            "storageCost": "1976000",
            "storageRebate": "0",
            "nonRefundableStorageFee": "0"
          },
          "transactionDigest": "62knBFeZqtvX1Xhm5yBv9Zmqczx8RDbDaQ7mKUyPyXiH",
          "gasObject": {
            "objectId": "0xdef5dc23cc213da7a8fd0db8ae199cbba2fafebc5708d57433716f7439aa9328",
            "inputState": "INPUT_OBJECT_STATE_EXISTS",
            "inputVersion": "1",
            "inputDigest": "CitgqGGjnyCwoZpJyA3JNijF7m7fVWCZU7YCd7mjDs9m",
            "inputOwner": {
              "kind": "ADDRESS",
              "address": "0xfccc9a421bbb13c1a66a1aa98f0ad75029ede94857779c6915b44f94068b921e"
            },
            "outputState": "OUTPUT_OBJECT_STATE_OBJECT_WRITE",
            "outputVersion": "2",
            "outputDigest": "GbuHXwGHK2Z1eeJuEp3FRsBJ2AbhXybgiB6S2JwMQgzp",
            "outputOwner": {
              "kind": "ADDRESS",
              "address": "0xfccc9a421bbb13c1a66a1aa98f0ad75029ede94857779c6915b44f94068b921e"
            },
            "idOperation": "NONE"
          },
          "dependencies": [
            "FnUTjLzsuxk5c9WtUtNkSHkoQYrvJzXJph2ctBJqS858"
          ],
          "lamportVersion": "2",
          "changedObjects": [
            {
              "objectId": "0x5010780423277ea873107acdd833a7e06c9b2916ce7d82a2d68f4f1d83ee5f92",
              "inputState": "INPUT_OBJECT_STATE_DOES_NOT_EXIST",
              "outputState": "OUTPUT_OBJECT_STATE_OBJECT_WRITE",
              "outputVersion": "2",
              "outputDigest": "fPGy227y4zn3Y6XWXtWsLFpXZMK6bLBC5aoZEwwkHtW",
              "outputOwner": {
                "kind": "ADDRESS",
                "address": "0xa7b032703878aa74c3126935789fd1d4d7e111d5911b09247d6963061c312b5a"
              },
              "idOperation": "CREATED",
              "objectType": "0x0000000000000000000000000000000000000000000000000000000000000002::coin::Coin<0x0000000000000000000000000000000000000000000000000000000000000002::haneul::HANEUL>"
            },
            {
              "objectId": "0xdef5dc23cc213da7a8fd0db8ae199cbba2fafebc5708d57433716f7439aa9328",
              "inputState": "INPUT_OBJECT_STATE_EXISTS",
              "inputVersion": "1",
              "inputDigest": "CitgqGGjnyCwoZpJyA3JNijF7m7fVWCZU7YCd7mjDs9m",
              "inputOwner": {
                "kind": "ADDRESS",
                "address": "0xfccc9a421bbb13c1a66a1aa98f0ad75029ede94857779c6915b44f94068b921e"
              },
              "outputState": "OUTPUT_OBJECT_STATE_OBJECT_WRITE",
              "outputVersion": "2",
              "outputDigest": "GbuHXwGHK2Z1eeJuEp3FRsBJ2AbhXybgiB6S2JwMQgzp",
              "outputOwner": {
                "kind": "ADDRESS",
                "address": "0xfccc9a421bbb13c1a66a1aa98f0ad75029ede94857779c6915b44f94068b921e"
              },
              "idOperation": "NONE",
              "objectType": "0x0000000000000000000000000000000000000000000000000000000000000002::coin::Coin<0x0000000000000000000000000000000000000000000000000000000000000002::haneul::HANEUL>"
            }
          ]
        }
      }
    }
  }
}

task 5, lines 30-35:
//# run-graphql
Response: {
  "data": {
    "transactionEffects": null
  }
}
