---
source: external-crates/move/crates/move-transactional-test-runner/src/framework.rs
---
processed 6 tasks

init:
A: object(0,0)

// Set-up an object that has a dynamic field and a dynamic object field with
// the same key. JSON-RPC cannot distinguish between the two and will always
// preference the dynamic field.

// 1. Look for a dynamic field with a simple key
// 2. Look for a dynamic field with a struct-based key

task 1, lines 14-39:
//# publish
created: object(1,0)
mutated: object(0,1)
gas summary: computation_cost: 1000000, storage_cost: 6384000,  storage_rebate: 0, non_refundable_storage_fee: 0

task 2, lines 41-43:
//# programmable --sender A --inputs @A
//> 0: P::M::owner();
//> 1: TransferObjects([Result(0)], Input(0))
created: object(2,0)
mutated: object(0,0)
gas summary: computation_cost: 1000000, storage_cost: 2226800,  storage_rebate: 0, non_refundable_storage_fee: 0

task 3, lines 45-47:
//# programmable --sender A --inputs object(2,0) 42 43 44
//> 0: P::M::add_df(Input(0), Input(1), Input(2));
//> 1: P::M::add_dof(Input(0), Input(1), Input(3))
created: object(3,0), object(3,1), object(3,2)
mutated: object(0,0), object(2,0)
gas summary: computation_cost: 1000000, storage_cost: 8002800,  storage_rebate: 2204532, non_refundable_storage_fee: 22268

task 4, line 49:
//# create-checkpoint
Checkpoint created: 1

task 5, lines 51-55:
//# run-jsonrpc
Response: {
  "jsonrpc": "2.0",
  "id": 0,
  "result": {
    "data": {
      "objectId": "0x78816a2a56412d3775d40f394c1cdce392b68fc39a8aae7fe60e846c7bedec33",
      "version": "3",
      "digest": "CPfcLbXjheykit2MEoqKy5cvMi5Hd3wCzPtYsFfGpHp",
      "type": "0x2::dynamic_field::Field<u64, 0x564b7fd474efa08dc72c202c9b5e77add44d3ca81cc1630bea0b381686439c12::M::Value>",
      "owner": {
        "ObjectOwner": "0x50b1f23a3eb2e25af8eaeb3aaf8726dd5b3b9097aac55773b1d44d249677ef63"
      },
      "previousTransaction": "Eg6fj73vcmbi2FhfjfrPqAejBCqr87eLwBsVAzzMoiNZ",
      "storageRebate": "2021600",
      "content": {
        "dataType": "moveObject",
        "type": "0x2::dynamic_field::Field<u64, 0x564b7fd474efa08dc72c202c9b5e77add44d3ca81cc1630bea0b381686439c12::M::Value>",
        "hasPublicTransfer": false,
        "fields": {
          "id": {
            "id": "0x78816a2a56412d3775d40f394c1cdce392b68fc39a8aae7fe60e846c7bedec33"
          },
          "name": "42",
          "value": {
            "type": "0x564b7fd474efa08dc72c202c9b5e77add44d3ca81cc1630bea0b381686439c12::M::Value",
            "fields": {
              "id": {
                "id": "0x20446bf419bf9c4b488b44e4d8e9a2dd4a67541f3dd016ad94e5f902270b5424"
              },
              "value": "43"
            }
          }
        }
      }
    }
  }
}
