---
source: external-crates/move/crates/move-transactional-test-runner/src/framework.rs
---
processed 19 tasks

init:
A: object(0,0)

// 1. Look for a dynamic field that doesn't exist yet (should return nothing).
// 2. Add the dynamic field and then look for it again (should return the dynamic field).
// 3. Delete the dynamic field and look for it once again (should not return anything).
// 4, 5, 6. The same again, but for dynamic object fields.

task 1, lines 12-14:
//# programmable --sender A --inputs @A
//> 0: haneul::bag::new();
//> 1: TransferObjects([Result(0)], Input(0))
created: object(1,0)
mutated: object(0,0)
gas summary: computation_cost: 1000000, storage_cost: 2287600,  storage_rebate: 0, non_refundable_storage_fee: 0

task 2, line 16:
//# create-checkpoint
Checkpoint created: 1

task 3, lines 18-22:
//# run-jsonrpc
Response: {
  "jsonrpc": "2.0",
  "id": 0,
  "result": {
    "error": {
      "code": "dynamicFieldNotFound",
      "parent_object_id": "0x8d40e6fb4878e87bfc74a214c745106a901b2b605826af56491e5aadc5470b80"
    }
  }
}

task 4, lines 24-25:
//# programmable --sender A --inputs object(1,0) 42
//> 0: haneul::bag::add<u64, u64>(Input(0), Input(1), Input(1))
created: object(4,0)
mutated: object(0,0), object(1,0)
gas summary: computation_cost: 1000000, storage_cost: 3754400,  storage_rebate: 2264724, non_refundable_storage_fee: 22876

task 5, line 27:
//# create-checkpoint
Checkpoint created: 2

task 6, lines 29-33:
//# run-jsonrpc
Response: {
  "jsonrpc": "2.0",
  "id": 1,
  "result": {
    "data": {
      "objectId": "0x650dbdd64f8a40052c8625cddf9245b0403280c07b580008beea21e0489f3342",
      "version": "3",
      "digest": "Ff15PJHqFnpUMQnHnjkBv37JS3n6bVR9X3sQPC2djsLX",
      "type": "0x2::dynamic_field::Field<u64, u64>",
      "owner": {
        "ObjectOwner": "0x8d40e6fb4878e87bfc74a214c745106a901b2b605826af56491e5aadc5470b80"
      },
      "previousTransaction": "FHc2UeTCxTJ8YBJqFFZ594vh5VW6EGYGD8FJ4UcDiQpb",
      "storageRebate": "1466800",
      "content": {
        "dataType": "moveObject",
        "type": "0x2::dynamic_field::Field<u64, u64>",
        "hasPublicTransfer": false,
        "fields": {
          "id": {
            "id": "0x650dbdd64f8a40052c8625cddf9245b0403280c07b580008beea21e0489f3342"
          },
          "name": "42",
          "value": "42"
        }
      }
    }
  }
}

task 7, lines 35-36:
//# programmable --sender A --inputs object(1,0) 42
//> 0: haneul::bag::remove<u64, u64>(Input(0), Input(1))
mutated: object(0,0), object(1,0)
deleted: object(4,0)
gas summary: computation_cost: 1000000, storage_cost: 2287600,  storage_rebate: 3716856, non_refundable_storage_fee: 37544

task 8, line 38:
//# create-checkpoint
Checkpoint created: 3

task 9, lines 40-44:
//# run-jsonrpc
Response: {
  "jsonrpc": "2.0",
  "id": 2,
  "result": {
    "error": {
      "code": "dynamicFieldNotFound",
      "parent_object_id": "0x8d40e6fb4878e87bfc74a214c745106a901b2b605826af56491e5aadc5470b80"
    }
  }
}

task 10, lines 46-48:
//# programmable --sender A --inputs @A
//> 0: haneul::object_bag::new();
//> 1: TransferObjects([Result(0)], Input(0))
created: object(10,0)
mutated: object(0,0)
gas summary: computation_cost: 1000000, storage_cost: 2386400,  storage_rebate: 978120, non_refundable_storage_fee: 9880

task 11, line 50:
//# create-checkpoint
Checkpoint created: 4

task 12, lines 52-56:
//# run-jsonrpc
Response: {
  "jsonrpc": "2.0",
  "id": 3,
  "result": {
    "error": {
      "code": "dynamicFieldNotFound",
      "parent_object_id": "0x0f57589897de111efbdacdc9bdfccf310da534be69103010045bed259df38981"
    }
  }
}

task 13, lines 58-60:
//# programmable --sender A --inputs object(10,0) 43
//> 0: SplitCoins(Gas, [Input(1)]);
//> 1: haneul::object_bag::add<u64, haneul::coin::Coin<haneul::haneul::HANEUL>>(Input(0), Input(1), Result(0))
created: object(13,0), object(13,1)
mutated: object(0,0), object(10,0)
gas summary: computation_cost: 1000000, storage_cost: 5829200,  storage_rebate: 2362536, non_refundable_storage_fee: 23864

task 14, line 62:
//# create-checkpoint
Checkpoint created: 5

task 15, lines 64-68:
//# run-jsonrpc
Response: {
  "jsonrpc": "2.0",
  "id": 4,
  "result": {
    "data": {
      "objectId": "0x3da8f2c4b54b31566ebef35fc6df0531b25d5fdf1af0774f35b6c1b36c2db5a3",
      "version": "6",
      "digest": "ChmwCmkc31Xm7Dc3C4G4v4caDmv6MWiFuXqoyNZMsUZc",
      "type": "0x2::coin::Coin<0x2::haneul::HANEUL>",
      "owner": {
        "ObjectOwner": "0xaf20cda79f2c6937c5529fec59079d47338998913b019c1d2fe9e015eda3474e"
      },
      "previousTransaction": "9nnsagNLAk9Vz3hJgZ6CpcJh74vs537Q84zRaXnCEFYt",
      "storageRebate": "988000",
      "content": {
        "dataType": "moveObject",
        "type": "0x2::coin::Coin<0x2::haneul::HANEUL>",
        "hasPublicTransfer": true,
        "fields": {
          "balance": "43",
          "id": {
            "id": "0x3da8f2c4b54b31566ebef35fc6df0531b25d5fdf1af0774f35b6c1b36c2db5a3"
          }
        }
      }
    }
  }
}

task 16, lines 70-72:
//# programmable --sender A --inputs object(10,0) 43
//> 0: haneul::object_bag::remove<u64, haneul::coin::Coin<haneul::haneul::HANEUL>>(Input(0), Input(1));
//> 1: MergeCoins(Gas, [Result(0)])
mutated: object(0,0), object(10,0)
deleted: object(13,0), object(13,1)
gas summary: computation_cost: 1000000, storage_cost: 2386400,  storage_rebate: 5770908, non_refundable_storage_fee: 58292

task 17, line 74:
//# create-checkpoint
Checkpoint created: 6

task 18, lines 76-80:
//# run-jsonrpc
Response: {
  "jsonrpc": "2.0",
  "id": 5,
  "result": {
    "error": {
      "code": "dynamicFieldNotFound",
      "parent_object_id": "0x0f57589897de111efbdacdc9bdfccf310da534be69103010045bed259df38981"
    }
  }
}
