---
source: external-crates/move/crates/move-transactional-test-runner/src/framework.rs
---
processed 7 tasks

init:
A: object(0,0)

// 1. Look for a dynamic field with a simple key
// 2. Look for a dynamic field with a struct-based key

task 1, lines 10-20:
//# publish
created: object(1,0)
mutated: object(0,1)
gas summary: computation_cost: 1000000, storage_cost: 3959600,  storage_rebate: 0, non_refundable_storage_fee: 0

task 2, lines 22-24:
//# programmable --sender A --inputs @A
//> 0: haneul::bag::new();
//> 1: TransferObjects([Result(0)], Input(0))
created: object(2,0)
mutated: object(0,0)
gas summary: computation_cost: 1000000, storage_cost: 2287600,  storage_rebate: 0, non_refundable_storage_fee: 0

task 3, lines 26-29:
//# programmable --sender A --inputs object(2,0) 42 43u32 44 45 46
//> 0: P::M::name(Input(1), Input(2));
//> 1: haneul::bag::add<u64, u64>(Input(0), Input(3), Input(4));
//> 2: haneul::bag::add<P::M::Name, u64>(Input(0), Result(0), Input(5))
created: object(3,0), object(3,1)
mutated: object(0,0), object(2,0)
gas summary: computation_cost: 1000000, storage_cost: 5555600,  storage_rebate: 2264724, non_refundable_storage_fee: 22876

task 4, line 31:
//# create-checkpoint
Checkpoint created: 1

task 5, lines 33-37:
//# run-jsonrpc
Response: {
  "jsonrpc": "2.0",
  "id": 0,
  "result": {
    "data": {
      "objectId": "0x543acd4f82b13550a96e3ae6e860ca9c23744a8c46b1241c0fffa72bfa87ed5f",
      "version": "3",
      "digest": "Cihd1qUzdPU8tsR9eJneVPhRLnCceM8vgRhAyFHCF1J3",
      "type": "0x2::dynamic_field::Field<u64, u64>",
      "owner": {
        "ObjectOwner": "0x8d40e6fb4878e87bfc74a214c745106a901b2b605826af56491e5aadc5470b80"
      },
      "previousTransaction": "AUKhiF5K1jQsA4nwXariPkfHPerRpsdfVxV1p5JEnBiS",
      "storageRebate": "1466800",
      "content": {
        "dataType": "moveObject",
        "type": "0x2::dynamic_field::Field<u64, u64>",
        "hasPublicTransfer": false,
        "fields": {
          "id": {
            "id": "0x543acd4f82b13550a96e3ae6e860ca9c23744a8c46b1241c0fffa72bfa87ed5f"
          },
          "name": "44",
          "value": "45"
        }
      }
    }
  }
}

task 6, lines 39-46:
//# run-jsonrpc
Response: {
  "jsonrpc": "2.0",
  "id": 1,
  "result": {
    "data": {
      "objectId": "0x3156e249c366ffd16ae9801839e078ec49a0b2b2dd3aeb6c06aca7967a56a3b5",
      "version": "3",
      "digest": "EaHfCHHuu1J8QFjcePmfeKd4qHjHT2MtGQsK3ZMREqj9",
      "type": "0x2::dynamic_field::Field<0x9892a024e30bcd8099c9fa86cfbda55caeecf694e99f706bf1fe5cd14e3fd2c1::M::Name, u64>",
      "owner": {
        "ObjectOwner": "0x8d40e6fb4878e87bfc74a214c745106a901b2b605826af56491e5aadc5470b80"
      },
      "previousTransaction": "AUKhiF5K1jQsA4nwXariPkfHPerRpsdfVxV1p5JEnBiS",
      "storageRebate": "1801200",
      "content": {
        "dataType": "moveObject",
        "type": "0x2::dynamic_field::Field<0x9892a024e30bcd8099c9fa86cfbda55caeecf694e99f706bf1fe5cd14e3fd2c1::M::Name, u64>",
        "hasPublicTransfer": false,
        "fields": {
          "id": {
            "id": "0x3156e249c366ffd16ae9801839e078ec49a0b2b2dd3aeb6c06aca7967a56a3b5"
          },
          "name": {
            "type": "0x9892a024e30bcd8099c9fa86cfbda55caeecf694e99f706bf1fe5cd14e3fd2c1::M::Name",
            "fields": {
              "x": "42",
              "y": 43
            }
          },
          "value": "46"
        }
      }
    }
  }
}
