---
source: external-crates/move/crates/move-transactional-test-runner/src/framework.rs
---
processed 7 tasks

init:
A: object(0,0)

// 1. Look for a dynamic field with a simple key
// 2. Look for a dynamic field with a struct-based key

task 1, lines 10-29:
//# publish
created: object(1,0)
mutated: object(0,1)
gas summary: computation_cost: 1000000, storage_cost: 5388400,  storage_rebate: 0, non_refundable_storage_fee: 0

task 2, lines 31-33:
//# programmable --sender A --inputs @A
//> 0: haneul::object_bag::new();
//> 1: TransferObjects([Result(0)], Input(0))
created: object(2,0)
mutated: object(0,0)
gas summary: computation_cost: 1000000, storage_cost: 2386400,  storage_rebate: 0, non_refundable_storage_fee: 0

task 3, lines 35-40:
//# programmable --sender A --inputs object(2,0) 42 43u32 44 45 46 @A
//> 0: P::M::name(Input(1), Input(2));
//> 1: P::M::value(Input(4));
//> 2: P::M::value(Input(5));
//> 3: haneul::object_bag::add<u64, P::M::Value>(Input(0), Input(3), Result(1));
//> 4: haneul::object_bag::add<P::M::Name, P::M::Value>(Input(0), Result(0), Result(2))
created: object(3,0), object(3,1), object(3,2), object(3,3)
mutated: object(0,0), object(2,0)
gas summary: computation_cost: 1000000, storage_cost: 10229600,  storage_rebate: 2362536, non_refundable_storage_fee: 23864

task 4, line 42:
//# create-checkpoint
Checkpoint created: 1

task 5, lines 44-48:
//# run-jsonrpc
Response: {
  "jsonrpc": "2.0",
  "id": 0,
  "result": {
    "data": {
      "objectId": "0xf81f8983e412ee6e0893669ca5a816352a051683cb6e07f55a67704bd10f30b7",
      "version": "3",
      "digest": "xDpV8GGNuJpKXo7E9G8QQCoNCyU6sSaztHb95i6SFsX",
      "type": "0x9266e433c91cbb3df4282344d7ef3d38c48dad3e705d204c43686f8514c4587a::M::Value",
      "owner": {
        "ObjectOwner": "0xc74eb3498721a7c157c3257abf3007b8d413b3bd5da8e6a89664d9368e359300"
      },
      "previousTransaction": "AcrjmFNuPuGvJZDGoWwDKCbsghqpuippkm1xwDttQCNE",
      "storageRebate": "1299600",
      "content": {
        "dataType": "moveObject",
        "type": "0x9266e433c91cbb3df4282344d7ef3d38c48dad3e705d204c43686f8514c4587a::M::Value",
        "hasPublicTransfer": true,
        "fields": {
          "id": {
            "id": "0xf81f8983e412ee6e0893669ca5a816352a051683cb6e07f55a67704bd10f30b7"
          },
          "x": "45"
        }
      }
    }
  }
}

task 6, lines 50-57:
//# run-jsonrpc
Response: {
  "jsonrpc": "2.0",
  "id": 1,
  "result": {
    "data": {
      "objectId": "0xdc566f5b8a69827813e8c9a81d4ffdfe536019a1776c80e55540d6c956b18fdb",
      "version": "3",
      "digest": "7TLqnEwMAW98sLWiKPRF7rZPfxi6jBfBa6KZE5YZxs5x",
      "type": "0x9266e433c91cbb3df4282344d7ef3d38c48dad3e705d204c43686f8514c4587a::M::Value",
      "owner": {
        "ObjectOwner": "0x8b706d52f76b257c113eb394ae5d04dbc48900e7c2bfe530708f46155c682672"
      },
      "previousTransaction": "AcrjmFNuPuGvJZDGoWwDKCbsghqpuippkm1xwDttQCNE",
      "storageRebate": "1299600",
      "content": {
        "dataType": "moveObject",
        "type": "0x9266e433c91cbb3df4282344d7ef3d38c48dad3e705d204c43686f8514c4587a::M::Value",
        "hasPublicTransfer": true,
        "fields": {
          "id": {
            "id": "0xdc566f5b8a69827813e8c9a81d4ffdfe536019a1776c80e55540d6c956b18fdb"
          },
          "x": "46"
        }
      }
    }
  }
}
