---
source: external-crates/move/crates/move-transactional-test-runner/src/framework.rs
---
processed 27 tasks

init:
A: object(0,0)

// 1. Fetch all dynamic fields
// 2. Fetch a limited page of dynamic fields.
// 3. Add a dynamic field, and fetch all dynamic fields.
// 4. Remove a dynamic field and fetch all dynamic fields.
// 5. Modify a dynamic field and fetch all dynamic fields.

task 1, lines 13-51:
//# publish
created: object(1,0)
mutated: object(0,1)
gas summary: computation_cost: 1000000, storage_cost: 7569600,  storage_rebate: 0, non_refundable_storage_fee: 0

task 2, lines 53-55:
//# programmable --sender A --inputs @A
//> 0: P::M::object();
//> 1: TransferObjects([Result(0)], Input(0))
created: object(2,0)
mutated: object(0,0)
gas summary: computation_cost: 1000000, storage_cost: 2234400,  storage_rebate: 0, non_refundable_storage_fee: 0

task 3, lines 57-59:
//# programmable --sender A --inputs object(2,0) 42 43u32 44
//> 0: P::M::name(Input(1), Input(2));
//> 1: P::M::dfield<P::M::Name, u64>(Input(0), Result(0), Input(3))
created: object(3,0)
mutated: object(0,0), object(2,0)
gas summary: computation_cost: 1000000, storage_cost: 4035600,  storage_rebate: 2212056, non_refundable_storage_fee: 22344

task 4, line 61:
//# create-checkpoint
Checkpoint created: 1

task 5, lines 63-65:
//# programmable --sender A --inputs @A
//> 0: P::M::object();
//> 1: TransferObjects([Result(0)], Input(0))
created: object(5,0)
mutated: object(0,0)
gas summary: computation_cost: 1000000, storage_cost: 2234400,  storage_rebate: 978120, non_refundable_storage_fee: 9880

task 6, lines 67-68:
//# programmable --sender A --inputs object(2,0) 45 object(5,0)
//> 0: P::M::ofield<u64, P::M::Object>(Input(0), Input(1), Input(2))
created: object(6,0)
mutated: object(0,0), object(2,0), object(5,0)
gas summary: computation_cost: 1000000, storage_cost: 5935600,  storage_rebate: 3445992, non_refundable_storage_fee: 34808

task 7, line 70:
//# create-checkpoint
Checkpoint created: 2

task 8, lines 72-73:
//# programmable --sender A --inputs object(2,0) 46 47
//> 0: P::M::dfield<u64, u64>(Input(0), Input(1), Input(2))
created: object(8,0)
mutated: object(0,0), object(2,0)
gas summary: computation_cost: 1000000, storage_cost: 3701200,  storage_rebate: 2212056, non_refundable_storage_fee: 22344

task 9, line 75:
//# create-checkpoint
Checkpoint created: 3

task 10, lines 77-78:
//# programmable --sender A --inputs object(2,0) true 48
//> 0: P::M::dfield<bool, u64>(Input(0), Input(1), Input(2))
created: object(10,0)
mutated: object(0,0), object(2,0)
gas summary: computation_cost: 1000000, storage_cost: 3648000,  storage_rebate: 2212056, non_refundable_storage_fee: 22344

task 11, line 80:
//# create-checkpoint
Checkpoint created: 4

task 12, lines 82-83:
//# programmable --sender A --inputs object(2,0) false 49
//> 0: P::M::dfield<bool, u64>(Input(0), Input(1), Input(2))
created: object(12,0)
mutated: object(0,0), object(2,0)
gas summary: computation_cost: 1000000, storage_cost: 3648000,  storage_rebate: 2212056, non_refundable_storage_fee: 22344

task 13, line 85:
//# create-checkpoint
Checkpoint created: 5

task 14, lines 87-105:
//# run-jsonrpc
Response: {
  "jsonrpc": "2.0",
  "id": 0,
  "result": [
    {
      "data": {
        "objectId": "0x54777e2d29b392f760689831256c2d4baa23e9068ebb28ab68d53db26faab246",
        "version": "3",
        "digest": "GcEJSBXrAA811n8p28o9Q1DTpg15ZERB42wTMvsTqDiX",
        "type": "0x2::dynamic_field::Field<0x5e03b42e947de492d0308054147a050635837254939f4cbf2b08b818db7ee7a2::M::Name, u64>",
        "owner": {
          "ObjectOwner": "0x674458f6198af424abc6ec918f2f37f2a65e31616e7ab89be8ef5970e6000595"
        },
        "content": {
          "dataType": "moveObject",
          "type": "0x2::dynamic_field::Field<0x5e03b42e947de492d0308054147a050635837254939f4cbf2b08b818db7ee7a2::M::Name, u64>",
          "hasPublicTransfer": false,
          "fields": {
            "id": {
              "id": "0x54777e2d29b392f760689831256c2d4baa23e9068ebb28ab68d53db26faab246"
            },
            "name": {
              "type": "0x5e03b42e947de492d0308054147a050635837254939f4cbf2b08b818db7ee7a2::M::Name",
              "fields": {
                "x": "42",
                "y": 43
              }
            },
            "value": "44"
          }
        }
      }
    },
    {
      "data": {
        "objectId": "0xd8593dbe24a435031b1e1bf28fc771b7ed3615b2cc1beb6f4b6ea241281ec3b0",
        "version": "5",
        "digest": "BZYFxDU1LcErKwPr8KMUJYikPqn68GuhGrKGWL71KsAJ",
        "type": "0x5e03b42e947de492d0308054147a050635837254939f4cbf2b08b818db7ee7a2::M::Object",
        "owner": {
          "ObjectOwner": "0xfdf39be38d6c87f2fe416c76f93d3a622b266c3474062d9198741e2a57e966df"
        },
        "content": {
          "dataType": "moveObject",
          "type": "0x5e03b42e947de492d0308054147a050635837254939f4cbf2b08b818db7ee7a2::M::Object",
          "hasPublicTransfer": true,
          "fields": {
            "id": {
              "id": "0xd8593dbe24a435031b1e1bf28fc771b7ed3615b2cc1beb6f4b6ea241281ec3b0"
            }
          }
        }
      }
    },
    {
      "data": {
        "objectId": "0xfdf39be38d6c87f2fe416c76f93d3a622b266c3474062d9198741e2a57e966df",
        "version": "5",
        "digest": "6uosoDxcmW6FnHWUNsVQbce3E3dDrNvHyi8SNwZWLo94",
        "type": "0x2::dynamic_field::Field<0x2::dynamic_object_field::Wrapper<u64>, 0x2::object::ID>",
        "owner": {
          "ObjectOwner": "0x674458f6198af424abc6ec918f2f37f2a65e31616e7ab89be8ef5970e6000595"
        },
        "content": {
          "dataType": "moveObject",
          "type": "0x2::dynamic_field::Field<0x2::dynamic_object_field::Wrapper<u64>, 0x2::object::ID>",
          "hasPublicTransfer": false,
          "fields": {
            "id": {
              "id": "0xfdf39be38d6c87f2fe416c76f93d3a622b266c3474062d9198741e2a57e966df"
            },
            "name": {
              "type": "0x2::dynamic_object_field::Wrapper<u64>",
              "fields": {
                "name": "45"
              }
            },
            "value": "0xd8593dbe24a435031b1e1bf28fc771b7ed3615b2cc1beb6f4b6ea241281ec3b0"
          }
        }
      }
    },
    {
      "data": {
        "objectId": "0xce271c7ade4fec15e1ecdfaceb30a0fb9e958055bd999c265a5dd79f5f410e87",
        "version": "6",
        "digest": "4EE1e8XaBWhYYg2kNf3fNJTn4WacaXo7z1MDFZFG1Nrd",
        "type": "0x2::dynamic_field::Field<u64, u64>",
        "owner": {
          "ObjectOwner": "0x674458f6198af424abc6ec918f2f37f2a65e31616e7ab89be8ef5970e6000595"
        },
        "content": {
          "dataType": "moveObject",
          "type": "0x2::dynamic_field::Field<u64, u64>",
          "hasPublicTransfer": false,
          "fields": {
            "id": {
              "id": "0xce271c7ade4fec15e1ecdfaceb30a0fb9e958055bd999c265a5dd79f5f410e87"
            },
            "name": "46",
            "value": "47"
          }
        }
      }
    },
    {
      "data": {
        "objectId": "0x6afb96892606c5505fd05cc75232b45c1c12ba97697e2bb693587dd8aa4a5f3f",
        "version": "7",
        "digest": "27F9dQBxS4a3CfLmsymxxesxvsPyzMvEF4Ue4pTpx2ni",
        "type": "0x2::dynamic_field::Field<bool, u64>",
        "owner": {
          "ObjectOwner": "0x674458f6198af424abc6ec918f2f37f2a65e31616e7ab89be8ef5970e6000595"
        },
        "content": {
          "dataType": "moveObject",
          "type": "0x2::dynamic_field::Field<bool, u64>",
          "hasPublicTransfer": false,
          "fields": {
            "id": {
              "id": "0x6afb96892606c5505fd05cc75232b45c1c12ba97697e2bb693587dd8aa4a5f3f"
            },
            "name": true,
            "value": "48"
          }
        }
      }
    },
    {
      "data": {
        "objectId": "0x49fc342040c959eb198d0b46922533cb7548c5c81145533a29e1f493e6e9520e",
        "version": "8",
        "digest": "ETUMu5NNr1nz1EDN4Tum8gk27u7URNBg9aqgXEot2aGm",
        "type": "0x2::dynamic_field::Field<bool, u64>",
        "owner": {
          "ObjectOwner": "0x674458f6198af424abc6ec918f2f37f2a65e31616e7ab89be8ef5970e6000595"
        },
        "content": {
          "dataType": "moveObject",
          "type": "0x2::dynamic_field::Field<bool, u64>",
          "hasPublicTransfer": false,
          "fields": {
            "id": {
              "id": "0x49fc342040c959eb198d0b46922533cb7548c5c81145533a29e1f493e6e9520e"
            },
            "name": false,
            "value": "49"
          }
        }
      }
    }
  ]
}

task 15, lines 107-111:
//# run-jsonrpc
Response: {
  "jsonrpc": "2.0",
  "id": 1,
  "result": {
    "data": [
      {
        "name": {
          "type": "bool",
          "value": false
        },
        "bcsEncoding": "base64",
        "bcsName": "AA==",
        "type": "DynamicField",
        "objectType": "u64",
        "objectId": "0x49fc342040c959eb198d0b46922533cb7548c5c81145533a29e1f493e6e9520e",
        "version": 8,
        "digest": "ETUMu5NNr1nz1EDN4Tum8gk27u7URNBg9aqgXEot2aGm"
      },
      {
        "name": {
          "type": "bool",
          "value": true
        },
        "bcsEncoding": "base64",
        "bcsName": "AQ==",
        "type": "DynamicField",
        "objectType": "u64",
        "objectId": "0x6afb96892606c5505fd05cc75232b45c1c12ba97697e2bb693587dd8aa4a5f3f",
        "version": 7,
        "digest": "27F9dQBxS4a3CfLmsymxxesxvsPyzMvEF4Ue4pTpx2ni"
      },
      {
        "name": {
          "type": "u64",
          "value": "46"
        },
        "bcsEncoding": "base64",
        "bcsName": "LgAAAAAAAAA=",
        "type": "DynamicField",
        "objectType": "u64",
        "objectId": "0xce271c7ade4fec15e1ecdfaceb30a0fb9e958055bd999c265a5dd79f5f410e87",
        "version": 6,
        "digest": "4EE1e8XaBWhYYg2kNf3fNJTn4WacaXo7z1MDFZFG1Nrd"
      },
      {
        "name": {
          "type": "u64",
          "value": "45"
        },
        "bcsEncoding": "base64",
        "bcsName": "LQAAAAAAAAA=",
        "type": "DynamicObject",
        "objectType": "0x5e03b42e947de492d0308054147a050635837254939f4cbf2b08b818db7ee7a2::M::Object",
        "objectId": "0xd8593dbe24a435031b1e1bf28fc771b7ed3615b2cc1beb6f4b6ea241281ec3b0",
        "version": 5,
        "digest": "BZYFxDU1LcErKwPr8KMUJYikPqn68GuhGrKGWL71KsAJ"
      },
      {
        "name": {
          "type": "0x5e03b42e947de492d0308054147a050635837254939f4cbf2b08b818db7ee7a2::M::Name",
          "value": {
            "x": "42",
            "y": 43
          }
        },
        "bcsEncoding": "base64",
        "bcsName": "KgAAAAAAAAArAAAA",
        "type": "DynamicField",
        "objectType": "u64",
        "objectId": "0x54777e2d29b392f760689831256c2d4baa23e9068ebb28ab68d53db26faab246",
        "version": 3,
        "digest": "GcEJSBXrAA811n8p28o9Q1DTpg15ZERB42wTMvsTqDiX"
      }
    ],
    "nextCursor": "0QEBZ0RY9hmK9CSrxuyRjy838qZeMWFuerib6O9ZcOYABZUAAAAAAAAAAAAAAAAAAAAAAAAAAAAAAAAAAAAAAAAAAgAAAAAAAAANZHluYW1pY19maWVsZAAAAAAAAAAFRmllbGQAAAAAAAAAAgAAAAdeA7QulH3kktAwgFQUegUGNYNyVJOfTL8rCLgY237nogAAAAAAAAABTQAAAAAAAAAETmFtZQAAAAAAAAAAAAAAAgBUd34tKbOS92BomDElbC1LqiPpBo67KKto1T2yb6qyRg==",
    "hasNextPage": false
  }
}

task 16, lines 113-117:
//# run-jsonrpc
Response: {
  "jsonrpc": "2.0",
  "id": 2,
  "result": {
    "data": [
      {
        "name": {
          "type": "bool",
          "value": false
        },
        "bcsEncoding": "base64",
        "bcsName": "AA==",
        "type": "DynamicField",
        "objectType": "u64",
        "objectId": "0x49fc342040c959eb198d0b46922533cb7548c5c81145533a29e1f493e6e9520e",
        "version": 8,
        "digest": "ETUMu5NNr1nz1EDN4Tum8gk27u7URNBg9aqgXEot2aGm"
      },
      {
        "name": {
          "type": "bool",
          "value": true
        },
        "bcsEncoding": "base64",
        "bcsName": "AQ==",
        "type": "DynamicField",
        "objectType": "u64",
        "objectId": "0x6afb96892606c5505fd05cc75232b45c1c12ba97697e2bb693587dd8aa4a5f3f",
        "version": 7,
        "digest": "27F9dQBxS4a3CfLmsymxxesxvsPyzMvEF4Ue4pTpx2ni"
      }
    ],
    "nextCursor": "lAEBZ0RY9hmK9CSrxuyRjy838qZeMWFuerib6O9ZcOYABZUAAAAAAAAAAAAAAAAAAAAAAAAAAAAAAAAAAAAAAAAAAgAAAAAAAAANZHluYW1pY19maWVsZAAAAAAAAAAFRmllbGQAAAAAAAAAAgAAAAAAAAACAGr7lokmBsVQX9Bcx1IytFwcErqXaX4rtpNYfdiqSl8/",
    "hasNextPage": true
  }
}

task 17, lines 119-120:
//# programmable --sender A --inputs object(2,0) 51 52
//> 0: P::M::dfield<u64, u64>(Input(0), Input(1), Input(2))
created: object(17,0)
mutated: object(0,0), object(2,0)
gas summary: computation_cost: 1000000, storage_cost: 3701200,  storage_rebate: 2212056, non_refundable_storage_fee: 22344

task 18, line 122:
//# create-checkpoint
Checkpoint created: 6

task 19, lines 124-128:
//# run-jsonrpc
Response: {
  "jsonrpc": "2.0",
  "id": 3,
  "result": {
    "data": [
      {
        "name": {
          "type": "bool",
          "value": false
        },
        "bcsEncoding": "base64",
        "bcsName": "AA==",
        "type": "DynamicField",
        "objectType": "u64",
        "objectId": "0x49fc342040c959eb198d0b46922533cb7548c5c81145533a29e1f493e6e9520e",
        "version": 8,
        "digest": "ETUMu5NNr1nz1EDN4Tum8gk27u7URNBg9aqgXEot2aGm"
      },
      {
        "name": {
          "type": "bool",
          "value": true
        },
        "bcsEncoding": "base64",
        "bcsName": "AQ==",
        "type": "DynamicField",
        "objectType": "u64",
        "objectId": "0x6afb96892606c5505fd05cc75232b45c1c12ba97697e2bb693587dd8aa4a5f3f",
        "version": 7,
        "digest": "27F9dQBxS4a3CfLmsymxxesxvsPyzMvEF4Ue4pTpx2ni"
      },
      {
        "name": {
          "type": "u64",
          "value": "51"
        },
        "bcsEncoding": "base64",
        "bcsName": "MwAAAAAAAAA=",
        "type": "DynamicField",
        "objectType": "u64",
        "objectId": "0x33865999e0d810b5b9c9c6bf1070b5a901867535dcf553223540e3c2b37644e0",
        "version": 9,
        "digest": "Dez1pDTL5nAVQDh4JDSiasYPv7zqCfb4Sv8CcRnd6N4K"
      },
      {
        "name": {
          "type": "u64",
          "value": "46"
        },
        "bcsEncoding": "base64",
        "bcsName": "LgAAAAAAAAA=",
        "type": "DynamicField",
        "objectType": "u64",
        "objectId": "0xce271c7ade4fec15e1ecdfaceb30a0fb9e958055bd999c265a5dd79f5f410e87",
        "version": 6,
        "digest": "4EE1e8XaBWhYYg2kNf3fNJTn4WacaXo7z1MDFZFG1Nrd"
      },
      {
        "name": {
          "type": "u64",
          "value": "45"
        },
        "bcsEncoding": "base64",
        "bcsName": "LQAAAAAAAAA=",
        "type": "DynamicObject",
        "objectType": "0x5e03b42e947de492d0308054147a050635837254939f4cbf2b08b818db7ee7a2::M::Object",
        "objectId": "0xd8593dbe24a435031b1e1bf28fc771b7ed3615b2cc1beb6f4b6ea241281ec3b0",
        "version": 5,
        "digest": "BZYFxDU1LcErKwPr8KMUJYikPqn68GuhGrKGWL71KsAJ"
      },
      {
        "name": {
          "type": "0x5e03b42e947de492d0308054147a050635837254939f4cbf2b08b818db7ee7a2::M::Name",
          "value": {
            "x": "42",
            "y": 43
          }
        },
        "bcsEncoding": "base64",
        "bcsName": "KgAAAAAAAAArAAAA",
        "type": "DynamicField",
        "objectType": "u64",
        "objectId": "0x54777e2d29b392f760689831256c2d4baa23e9068ebb28ab68d53db26faab246",
        "version": 3,
        "digest": "GcEJSBXrAA811n8p28o9Q1DTpg15ZERB42wTMvsTqDiX"
      }
    ],
    "nextCursor": "0QEBZ0RY9hmK9CSrxuyRjy838qZeMWFuerib6O9ZcOYABZUAAAAAAAAAAAAAAAAAAAAAAAAAAAAAAAAAAAAAAAAAAgAAAAAAAAANZHluYW1pY19maWVsZAAAAAAAAAAFRmllbGQAAAAAAAAAAgAAAAdeA7QulH3kktAwgFQUegUGNYNyVJOfTL8rCLgY237nogAAAAAAAAABTQAAAAAAAAAETmFtZQAAAAAAAAAAAAAAAgBUd34tKbOS92BomDElbC1LqiPpBo67KKto1T2yb6qyRg==",
    "hasNextPage": false
  }
}

task 20, lines 130-131:
//# programmable --sender A --inputs object(2,0) true
//> 0: P::M::dremove<bool, u64>(Input(0), Input(1))
mutated: object(0,0), object(2,0)
deleted: object(10,0)
gas summary: computation_cost: 1000000, storage_cost: 2234400,  storage_rebate: 3611520, non_refundable_storage_fee: 36480

task 21, line 133:
//# create-checkpoint
Checkpoint created: 7

task 22, lines 135-139:
//# run-jsonrpc
Response: {
  "jsonrpc": "2.0",
  "id": 4,
  "result": {
    "data": [
      {
        "name": {
          "type": "bool",
          "value": false
        },
        "bcsEncoding": "base64",
        "bcsName": "AA==",
        "type": "DynamicField",
        "objectType": "u64",
        "objectId": "0x49fc342040c959eb198d0b46922533cb7548c5c81145533a29e1f493e6e9520e",
        "version": 8,
        "digest": "ETUMu5NNr1nz1EDN4Tum8gk27u7URNBg9aqgXEot2aGm"
      },
      {
        "name": {
          "type": "u64",
          "value": "51"
        },
        "bcsEncoding": "base64",
        "bcsName": "MwAAAAAAAAA=",
        "type": "DynamicField",
        "objectType": "u64",
        "objectId": "0x33865999e0d810b5b9c9c6bf1070b5a901867535dcf553223540e3c2b37644e0",
        "version": 9,
        "digest": "Dez1pDTL5nAVQDh4JDSiasYPv7zqCfb4Sv8CcRnd6N4K"
      },
      {
        "name": {
          "type": "u64",
          "value": "46"
        },
        "bcsEncoding": "base64",
        "bcsName": "LgAAAAAAAAA=",
        "type": "DynamicField",
        "objectType": "u64",
        "objectId": "0xce271c7ade4fec15e1ecdfaceb30a0fb9e958055bd999c265a5dd79f5f410e87",
        "version": 6,
        "digest": "4EE1e8XaBWhYYg2kNf3fNJTn4WacaXo7z1MDFZFG1Nrd"
      },
      {
        "name": {
          "type": "u64",
          "value": "45"
        },
        "bcsEncoding": "base64",
        "bcsName": "LQAAAAAAAAA=",
        "type": "DynamicObject",
        "objectType": "0x5e03b42e947de492d0308054147a050635837254939f4cbf2b08b818db7ee7a2::M::Object",
        "objectId": "0xd8593dbe24a435031b1e1bf28fc771b7ed3615b2cc1beb6f4b6ea241281ec3b0",
        "version": 5,
        "digest": "BZYFxDU1LcErKwPr8KMUJYikPqn68GuhGrKGWL71KsAJ"
      },
      {
        "name": {
          "type": "0x5e03b42e947de492d0308054147a050635837254939f4cbf2b08b818db7ee7a2::M::Name",
          "value": {
            "x": "42",
            "y": 43
          }
        },
        "bcsEncoding": "base64",
        "bcsName": "KgAAAAAAAAArAAAA",
        "type": "DynamicField",
        "objectType": "u64",
        "objectId": "0x54777e2d29b392f760689831256c2d4baa23e9068ebb28ab68d53db26faab246",
        "version": 3,
        "digest": "GcEJSBXrAA811n8p28o9Q1DTpg15ZERB42wTMvsTqDiX"
      }
    ],
    "nextCursor": "0QEBZ0RY9hmK9CSrxuyRjy838qZeMWFuerib6O9ZcOYABZUAAAAAAAAAAAAAAAAAAAAAAAAAAAAAAAAAAAAAAAAAAgAAAAAAAAANZHluYW1pY19maWVsZAAAAAAAAAAFRmllbGQAAAAAAAAAAgAAAAdeA7QulH3kktAwgFQUegUGNYNyVJOfTL8rCLgY237nogAAAAAAAAABTQAAAAAAAAAETmFtZQAAAAAAAAAAAAAAAgBUd34tKbOS92BomDElbC1LqiPpBo67KKto1T2yb6qyRg==",
    "hasNextPage": false
  }
}

task 23, lines 141-142:
//# programmable --sender A --inputs object(2,0) false
//> 0: P::M::dmodify<bool>(Input(0), Input(1))
mutated: object(0,0), object(2,0), object(12,0)
gas summary: computation_cost: 1000000, storage_cost: 3648000,  storage_rebate: 3611520, non_refundable_storage_fee: 36480

task 24, line 144:
//# create-checkpoint
Checkpoint created: 8

task 25, lines 146-150:
//# run-jsonrpc
Response: {
  "jsonrpc": "2.0",
  "id": 5,
  "result": {
    "data": [
      {
        "name": {
          "type": "bool",
          "value": false
        },
        "bcsEncoding": "base64",
        "bcsName": "AA==",
        "type": "DynamicField",
        "objectType": "u64",
        "objectId": "0x49fc342040c959eb198d0b46922533cb7548c5c81145533a29e1f493e6e9520e",
        "version": 11,
        "digest": "7UrewxgnoGpCWGpmRFjZrH6XhYtwQdoBt39mEcFdJmUQ"
      },
      {
        "name": {
          "type": "u64",
          "value": "51"
        },
        "bcsEncoding": "base64",
        "bcsName": "MwAAAAAAAAA=",
        "type": "DynamicField",
        "objectType": "u64",
        "objectId": "0x33865999e0d810b5b9c9c6bf1070b5a901867535dcf553223540e3c2b37644e0",
        "version": 9,
        "digest": "Dez1pDTL5nAVQDh4JDSiasYPv7zqCfb4Sv8CcRnd6N4K"
      },
      {
        "name": {
          "type": "u64",
          "value": "46"
        },
        "bcsEncoding": "base64",
        "bcsName": "LgAAAAAAAAA=",
        "type": "DynamicField",
        "objectType": "u64",
        "objectId": "0xce271c7ade4fec15e1ecdfaceb30a0fb9e958055bd999c265a5dd79f5f410e87",
        "version": 6,
        "digest": "4EE1e8XaBWhYYg2kNf3fNJTn4WacaXo7z1MDFZFG1Nrd"
      },
      {
        "name": {
          "type": "u64",
          "value": "45"
        },
        "bcsEncoding": "base64",
        "bcsName": "LQAAAAAAAAA=",
        "type": "DynamicObject",
        "objectType": "0x5e03b42e947de492d0308054147a050635837254939f4cbf2b08b818db7ee7a2::M::Object",
        "objectId": "0xd8593dbe24a435031b1e1bf28fc771b7ed3615b2cc1beb6f4b6ea241281ec3b0",
        "version": 5,
        "digest": "BZYFxDU1LcErKwPr8KMUJYikPqn68GuhGrKGWL71KsAJ"
      },
      {
        "name": {
          "type": "0x5e03b42e947de492d0308054147a050635837254939f4cbf2b08b818db7ee7a2::M::Name",
          "value": {
            "x": "42",
            "y": 43
          }
        },
        "bcsEncoding": "base64",
        "bcsName": "KgAAAAAAAAArAAAA",
        "type": "DynamicField",
        "objectType": "u64",
        "objectId": "0x54777e2d29b392f760689831256c2d4baa23e9068ebb28ab68d53db26faab246",
        "version": 3,
        "digest": "GcEJSBXrAA811n8p28o9Q1DTpg15ZERB42wTMvsTqDiX"
      }
    ],
    "nextCursor": "0QEBZ0RY9hmK9CSrxuyRjy838qZeMWFuerib6O9ZcOYABZUAAAAAAAAAAAAAAAAAAAAAAAAAAAAAAAAAAAAAAAAAAgAAAAAAAAANZHluYW1pY19maWVsZAAAAAAAAAAFRmllbGQAAAAAAAAAAgAAAAdeA7QulH3kktAwgFQUegUGNYNyVJOfTL8rCLgY237nogAAAAAAAAABTQAAAAAAAAAETmFtZQAAAAAAAAAAAAAAAgBUd34tKbOS92BomDElbC1LqiPpBo67KKto1T2yb6qyRg==",
    "hasNextPage": false
  }
}

task 26, lines 152-166:
//# run-jsonrpc
Response: {
  "jsonrpc": "2.0",
  "id": 6,
  "result": [
    {
      "data": {
        "objectId": "0x49fc342040c959eb198d0b46922533cb7548c5c81145533a29e1f493e6e9520e",
        "version": "11",
        "digest": "7UrewxgnoGpCWGpmRFjZrH6XhYtwQdoBt39mEcFdJmUQ",
        "type": "0x2::dynamic_field::Field<bool, u64>",
        "owner": {
          "ObjectOwner": "0x674458f6198af424abc6ec918f2f37f2a65e31616e7ab89be8ef5970e6000595"
        },
        "content": {
          "dataType": "moveObject",
          "type": "0x2::dynamic_field::Field<bool, u64>",
          "hasPublicTransfer": false,
          "fields": {
            "id": {
              "id": "0x49fc342040c959eb198d0b46922533cb7548c5c81145533a29e1f493e6e9520e"
            },
            "name": false,
            "value": "50"
          }
        }
      }
    },
    {
      "data": {
        "objectId": "0x33865999e0d810b5b9c9c6bf1070b5a901867535dcf553223540e3c2b37644e0",
        "version": "9",
        "digest": "Dez1pDTL5nAVQDh4JDSiasYPv7zqCfb4Sv8CcRnd6N4K",
        "type": "0x2::dynamic_field::Field<u64, u64>",
        "owner": {
          "ObjectOwner": "0x674458f6198af424abc6ec918f2f37f2a65e31616e7ab89be8ef5970e6000595"
        },
        "content": {
          "dataType": "moveObject",
          "type": "0x2::dynamic_field::Field<u64, u64>",
          "hasPublicTransfer": false,
          "fields": {
            "id": {
              "id": "0x33865999e0d810b5b9c9c6bf1070b5a901867535dcf553223540e3c2b37644e0"
            },
            "name": "51",
            "value": "52"
          }
        }
      }
    }
  ]
}
