---
source: external-crates/move/crates/move-transactional-test-runner/src/framework.rs
---
processed 11 tasks

// Transfer an object from A to B and verify that the coin is now included in the result of haneulx_getCoins
// for B and not included in the result for A.

init:
A: object(0,0), B: object(0,1)

task 1, lines 10-12:
//# programmable --sender A --inputs 12 @A
//> 0: SplitCoins(Gas, [Input(0)]);
//> 1: TransferObjects([Result(0)], Input(1))
created: object(1,0)
mutated: object(0,0)
gas summary: computation_cost: 1000000, storage_cost: 1976000,  storage_rebate: 0, non_refundable_storage_fee: 0

task 2, lines 14-16:
//# programmable --sender A --inputs 34 @A
//> 0: SplitCoins(Gas, [Input(0)]);
//> 1: TransferObjects([Result(0)], Input(1))
created: object(2,0)
mutated: object(0,0)
gas summary: computation_cost: 1000000, storage_cost: 1976000,  storage_rebate: 978120, non_refundable_storage_fee: 9880

task 3, line 18:
//# view-object 1,0
Owner: Account Address ( A )
Version: 2
Contents: haneul::coin::Coin<haneul::haneul::HANEUL> {
    id: haneul::object::UID {
        id: haneul::object::ID {
            bytes: fake(1,0),
        },
    },
    balance: haneul::balance::Balance<haneul::haneul::HANEUL> {
        value: 12u64,
    },
}

task 4, line 20:
//# view-object 2,0
Owner: Account Address ( A )
Version: 3
Contents: haneul::coin::Coin<haneul::haneul::HANEUL> {
    id: haneul::object::UID {
        id: haneul::object::ID {
            bytes: fake(2,0),
        },
    },
    balance: haneul::balance::Balance<haneul::haneul::HANEUL> {
        value: 34u64,
    },
}

task 5, line 22:
//# create-checkpoint
Checkpoint created: 1

task 6, lines 24-28:
//# run-jsonrpc
Response: {
  "jsonrpc": "2.0",
  "id": 0,
  "result": {
    "data": [
      {
        "coinType": "0x0000000000000000000000000000000000000000000000000000000000000002::haneul::HANEUL",
        "coinObjectId": "0xdef5dc23cc213da7a8fd0db8ae199cbba2fafebc5708d57433716f7439aa9328",
        "version": "3",
        "digest": "HN5cmNobrmg5iSUuxhw9TGQfhfASnk3XcPjk48RMGSD3",
        "balance": "299999995026074",
        "previousTransaction": "Cf8AAMErfXTJjqAqbhaAMxMnnvyBbDBCNZ3j7u2xLa4f"
      },
      {
        "coinType": "0x0000000000000000000000000000000000000000000000000000000000000002::haneul::HANEUL",
        "coinObjectId": "0xa73227404cea629a3b5c0a9e6db5f5e53ee41b96c95071300e6329874bd35c72",
        "version": "3",
        "digest": "CTXv3gMnkENehSbbwocdfbRHytTxo47MW26yd7gxA6cU",
        "balance": "34",
        "previousTransaction": "Cf8AAMErfXTJjqAqbhaAMxMnnvyBbDBCNZ3j7u2xLa4f"
      },
      {
        "coinType": "0x0000000000000000000000000000000000000000000000000000000000000002::haneul::HANEUL",
        "coinObjectId": "0xc701ad320ce758e861c639f3ec82da3f74756c25278fcacc59d5737f8e95fcf6",
        "version": "2",
        "digest": "A4ydkHvkLvTCwPK1jQWbCcQTh7bfLiHVBMdHB7wZfopr",
        "balance": "12",
        "previousTransaction": "9tCVyZUyBebHcpTVBdTfYPngTU7CDgbnXMchQ11PGY6q"
      }
    ],
    "nextCursor": "0gEA/MyaQhu7E8GmahqpjwrXUCnt6UhXd5xpFbRPlAaLkh4AAAAAAAAAAAAAAAAAAAAAAAAAAAAAAAAAAAAAAAAAAgAAAAAAAAAEY29pbgAAAAAAAAAEQ29pbgAAAAAAAAABAAAABwAAAAAAAAAAAAAAAAAAAAAAAAAAAAAAAAAAAAAAAAACAAAAAAAAAAZoYW5ldWwAAAAAAAAABkhBTkVVTAAAAAAAAAAAAf/////////zxwGtMgznWOhhxjnz7ILaP3R1bCUnj8rMWdVzf46V/PY=",
    "hasNextPage": false
  }
}

task 7, line 30:
//# transfer-object 1,0 --sender A --recipient B
mutated: object(0,0), object(1,0)
gas summary: computation_cost: 1000000, storage_cost: 1976000,  storage_rebate: 1956240, non_refundable_storage_fee: 19760

task 8, line 32:
//# create-checkpoint
Checkpoint created: 2

task 9, lines 34-38:
//# run-jsonrpc
Response: {
  "jsonrpc": "2.0",
  "id": 1,
  "result": {
    "data": [
      {
        "coinType": "0x0000000000000000000000000000000000000000000000000000000000000002::haneul::HANEUL",
        "coinObjectId": "0xdef5dc23cc213da7a8fd0db8ae199cbba2fafebc5708d57433716f7439aa9328",
        "version": "4",
        "digest": "E1ga4D1Zj8sv1qqj2VYUArNjbtBZ7Dk5G95kmkktHtHt",
        "balance": "299999994006314",
        "previousTransaction": "2sSYwGVvRjxeNYCho8xDBdiGU4xq1FQ3fTmyCG43WBiZ"
      },
      {
        "coinType": "0x0000000000000000000000000000000000000000000000000000000000000002::haneul::HANEUL",
        "coinObjectId": "0xa73227404cea629a3b5c0a9e6db5f5e53ee41b96c95071300e6329874bd35c72",
        "version": "3",
        "digest": "CTXv3gMnkENehSbbwocdfbRHytTxo47MW26yd7gxA6cU",
        "balance": "34",
        "previousTransaction": "Cf8AAMErfXTJjqAqbhaAMxMnnvyBbDBCNZ3j7u2xLa4f"
      }
    ],
    "nextCursor": "0gEA/MyaQhu7E8GmahqpjwrXUCnt6UhXd5xpFbRPlAaLkh4AAAAAAAAAAAAAAAAAAAAAAAAAAAAAAAAAAAAAAAAAAgAAAAAAAAAEY29pbgAAAAAAAAAEQ29pbgAAAAAAAAABAAAABwAAAAAAAAAAAAAAAAAAAAAAAAAAAAAAAAAAAAAAAAACAAAAAAAAAAZoYW5ldWwAAAAAAAAABkhBTkVVTAAAAAAAAAAAAf/////////dpzInQEzqYpo7XAqebbX15T7kG5bJUHEwDmMph0vTXHI=",
    "hasNextPage": false
  }
}

task 10, lines 40-44:
//# run-jsonrpc
Response: {
  "jsonrpc": "2.0",
  "id": 2,
  "result": {
    "data": [
      {
        "coinType": "0x0000000000000000000000000000000000000000000000000000000000000002::haneul::HANEUL",
        "coinObjectId": "0x570aa5a0bfe86876b737cb255af31cd0d5a968c3ad6341631e6edfd808282d48",
        "version": "1",
        "digest": "DJC1TikAs7paRpS9vbxyMMQ9kkcjB8SxXnpVe5JiFod5",
        "balance": "300000000000000",
        "previousTransaction": "FnUTjLzsuxk5c9WtUtNkSHkoQYrvJzXJph2ctBJqS858"
      },
      {
        "coinType": "0x0000000000000000000000000000000000000000000000000000000000000002::haneul::HANEUL",
        "coinObjectId": "0xc701ad320ce758e861c639f3ec82da3f74756c25278fcacc59d5737f8e95fcf6",
        "version": "4",
        "digest": "FzRqSD27ZR1AYtEo61FLFrjMt9WemXfWa5tSoGJakVct",
        "balance": "12",
        "previousTransaction": "2sSYwGVvRjxeNYCho8xDBdiGU4xq1FQ3fTmyCG43WBiZ"
      }
    ],
    "nextCursor": "0gEAp7AycDh4qnTDEmk1eJ/R1NfhEdWRGwkkfWljBhwxK1oAAAAAAAAAAAAAAAAAAAAAAAAAAAAAAAAAAAAAAAAAAgAAAAAAAAAEY29pbgAAAAAAAAAEQ29pbgAAAAAAAAABAAAABwAAAAAAAAAAAAAAAAAAAAAAAAAAAAAAAAAAAAAAAAACAAAAAAAAAAZoYW5ldWwAAAAAAAAABkhBTkVVTAAAAAAAAAAAAf/////////zxwGtMgznWOhhxjnz7ILaP3R1bCUnj8rMWdVzf46V/PY=",
    "hasNextPage": false
  }
}
