---
source: external-crates/move/crates/move-transactional-test-runner/src/framework.rs
---
processed 13 tasks

init:
A: object(0,0), B: object(0,1)

// 1. Show the owner of an object owned by one address
// 2. ...owned by another address
// 3. ...shared
// 4. ...frozen
// 5. ...owned by an object

task 1, lines 13-15:
//# programmable --sender A --inputs 42 @A
//> 0: SplitCoins(Gas, [Input(0)]);
//> 1: TransferObjects([Result(0)], Input(1))
created: object(1,0)
mutated: object(0,0)
gas summary: computation_cost: 1000000, storage_cost: 1976000,  storage_rebate: 0, non_refundable_storage_fee: 0

task 2, lines 17-19:
//# programmable --sender A --inputs 43 @B
//> 0: SplitCoins(Gas, [Input(0)]);
//> 1: TransferObjects([Result(0)], Input(1))
created: object(2,0)
mutated: object(0,0)
gas summary: computation_cost: 1000000, storage_cost: 1976000,  storage_rebate: 978120, non_refundable_storage_fee: 9880

task 3, lines 21-23:
//# programmable --sender A --inputs 44
//> 0: SplitCoins(Gas, [Input(0)]);
//> 1: haneul::transfer::public_share_object<haneul::coin::Coin<haneul::haneul::HANEUL>>(Result(0))
created: object(3,0)
mutated: object(0,0)
gas summary: computation_cost: 1000000, storage_cost: 1976000,  storage_rebate: 978120, non_refundable_storage_fee: 9880

task 4, lines 25-27:
//# programmable --sender A --inputs 45
//> 0: SplitCoins(Gas, [Input(0)]);
//> 1: haneul::transfer::public_freeze_object<haneul::coin::Coin<haneul::haneul::HANEUL>>(Result(0))
created: object(4,0)
mutated: object(0,0)
gas summary: computation_cost: 1000000, storage_cost: 1976000,  storage_rebate: 978120, non_refundable_storage_fee: 9880

task 5, lines 29-31:
//# programmable --sender A --inputs @A
//> 0: haneul::table::new<u64, u64>();
//> 1: TransferObjects([Result(0)], Input(0))
created: object(5,0)
mutated: object(0,0)
gas summary: computation_cost: 1000000, storage_cost: 2333200,  storage_rebate: 978120, non_refundable_storage_fee: 9880

task 6, lines 33-34:
//# programmable --sender A --inputs object(5,0) 46 47
//> 0: haneul::table::add<u64, u64>(Input(0), Input(1), Input(2))
created: object(6,0)
mutated: object(0,0), object(5,0)
gas summary: computation_cost: 1000000, storage_cost: 3800000,  storage_rebate: 2309868, non_refundable_storage_fee: 23332

task 7, line 36:
//# create-checkpoint
Checkpoint created: 1

task 8, lines 38-42:
//# run-jsonrpc
Response: {
  "jsonrpc": "2.0",
  "id": 0,
  "result": {
    "status": "VersionFound",
    "details": {
      "objectId": "0x0af567429d2c4e1917aa0b34055ac1cf8359e037d0d0301f836882990b27c703",
      "version": "2",
      "digest": "DjdwPAYjKJePCQQ2Gvp4uuUhh6WdjuScaLsYRZJwYyG3",
      "owner": {
        "AddressOwner": "0xfccc9a421bbb13c1a66a1aa98f0ad75029ede94857779c6915b44f94068b921e"
      }
    }
  }
}

task 9, lines 44-48:
//# run-jsonrpc
Response: {
  "jsonrpc": "2.0",
  "id": 1,
  "result": {
    "status": "VersionFound",
    "details": {
      "objectId": "0xd1c6d6dd1c80406204a18242556169b405740a84012cbf181fdbe5d3c4f78688",
      "version": "3",
      "digest": "Ga3R6Vrk7yJt1orxEBP1j2w4u8oK7eb4pkm6boyZXxJd",
      "owner": {
        "AddressOwner": "0xa7b032703878aa74c3126935789fd1d4d7e111d5911b09247d6963061c312b5a"
      }
    }
  }
}

task 10, lines 50-54:
//# run-jsonrpc
Response: {
  "jsonrpc": "2.0",
  "id": 2,
  "result": {
    "status": "VersionFound",
    "details": {
      "objectId": "0xf3d8cabbe2aaf63f82452bdcc9f2fe0d8da69ef1cb326faca07d596add29aed6",
      "version": "4",
      "digest": "3Wg6nQ7nK7SrCHqM7bVGCqxJFAxm4VQhtgMP1w8zFxoL",
      "owner": {
        "Shared": {
          "initial_shared_version": 4
        }
      }
    }
  }
}

task 11, lines 56-60:
//# run-jsonrpc
Response: {
  "jsonrpc": "2.0",
  "id": 3,
  "result": {
    "status": "VersionFound",
    "details": {
      "objectId": "0xa8b4b21c71400aabf9c3908b5ad245c33e1e4996258408ca6ecf6887425dfa9e",
      "version": "5",
      "digest": "AMbMtsa4Q78y7ib2fRE7mfWuPoBV5DC2Za9pzaUgezU5",
      "owner": "Immutable"
    }
  }
}

task 12, lines 62-66:
//# run-jsonrpc
Response: {
  "jsonrpc": "2.0",
  "id": 4,
  "result": {
    "status": "VersionFound",
    "details": {
      "objectId": "0xff6501fb51c6e0a9dbdd9effd901267001bc56476f3efddbc4202f2a29f66323",
      "version": "7",
      "digest": "5U1JhhxGtSHigzJHR1HBxTeGrorTCA8UXScuEs7AqrdW",
      "owner": {
        "ObjectOwner": "0x76ecaee05603dc77fa462333132b03da372004b3d30c4d1720b917afa6ed616c"
      }
    }
  }
}
