---
source: external-crates/move/crates/move-transactional-test-runner/src/framework.rs
---
processed 6 tasks

init:
A: object(0,0), B: object(0,1)

// When an object's owner changes, it is considered "transferred".

task 1, lines 9-18:
//# publish
created: object(1,0)
mutated: object(0,2)
gas summary: computation_cost: 1000000, storage_cost: 4552400,  storage_rebate: 0, non_refundable_storage_fee: 0

task 2, lines 20-22:
//# programmable --sender A --inputs @A
//> 0: P0::M::new();
//> 1: TransferObjects([Result(0)], Input(0))
created: object(2,0)
mutated: object(0,0)
gas summary: computation_cost: 1000000, storage_cost: 2196400,  storage_rebate: 0, non_refundable_storage_fee: 0

task 3, lines 24-25:
//# programmable --sender A --inputs object(2,0) @B
//> 0: TransferObjects([Input(0)], Input(1))
mutated: object(0,0), object(2,0)
gas summary: computation_cost: 1000000, storage_cost: 2196400,  storage_rebate: 2174436, non_refundable_storage_fee: 21964

task 4, line 27:
//# create-checkpoint
Checkpoint created: 1

task 5, lines 29-33:
//# run-jsonrpc
Response: {
  "jsonrpc": "2.0",
  "id": 0,
  "result": {
    "digest": "25BLSFtbFe5hjQnxF13yvbH2zdDZDuPvFjNtGAK9MZBs",
    "objectChanges": [
      {
        "type": "mutated",
        "sender": "0xfccc9a421bbb13c1a66a1aa98f0ad75029ede94857779c6915b44f94068b921e",
        "owner": {
          "AddressOwner": "0xfccc9a421bbb13c1a66a1aa98f0ad75029ede94857779c6915b44f94068b921e"
        },
        "objectType": "0x2::coin::Coin<0x2::haneul::HANEUL>",
        "objectId": "0xdef5dc23cc213da7a8fd0db8ae199cbba2fafebc5708d57433716f7439aa9328",
        "version": "3",
        "previousVersion": "2",
        "digest": "Ci9NYTHCJdXB1GDMtFenEbo2MCGRXYGiegqMz8eo96xe"
      },
      {
        "type": "transferred",
        "sender": "0xfccc9a421bbb13c1a66a1aa98f0ad75029ede94857779c6915b44f94068b921e",
        "recipient": {
          "AddressOwner": "0xa7b032703878aa74c3126935789fd1d4d7e111d5911b09247d6963061c312b5a"
        },
        "objectType": "0xcbf6005b09e57ada7b75751c05699248246c4aa7bacc89e166fa4565530effc9::M::O",
        "objectId": "0xf7722253887147485461a7b35de113398b709c730803365887ddec40ddbd8aee",
        "version": "3",
        "digest": "EnuXXGdT5e4ZaFpimGjvC4uJJcaKBJW1PCGePjbV6Cgh"
      }
    ],
    "timestampMs": "0",
    "checkpoint": "1"
  }
}
