---
source: external-crates/move/crates/move-transactional-test-runner/src/framework.rs
---
processed 6 tasks

init:
A: object(0,0)

// Wrapped objects do show up in object changes.

task 1, lines 9-27:
//# publish
created: object(1,0)
mutated: object(0,1)
gas summary: computation_cost: 1000000, storage_cost: 5852000,  storage_rebate: 0, non_refundable_storage_fee: 0

task 2, lines 29-31:
//# programmable --sender A --inputs @A
//> 0: P0::M::new();
//> 1: TransferObjects([Result(0)], Input(0))
created: object(2,0)
mutated: object(0,0)
gas summary: computation_cost: 1000000, storage_cost: 2196400,  storage_rebate: 0, non_refundable_storage_fee: 0

task 3, lines 33-35:
//# programmable --sender A --inputs object(2,0) @A
//> 0: P0::M::wrap(Input(0));
//> 1: TransferObjects([Result(0)], Input(1))
created: object(3,0)
mutated: object(0,0)
wrapped: object(2,0)
gas summary: computation_cost: 1000000, storage_cost: 2447200,  storage_rebate: 2174436, non_refundable_storage_fee: 21964

task 4, line 37:
//# create-checkpoint
Checkpoint created: 1

task 5, lines 39-43:
//# run-jsonrpc
Response: {
  "jsonrpc": "2.0",
  "id": 0,
  "result": {
    "digest": "BmVa6FT8CdbdQqPB9ky7p2aUw9LsnfzjzbpcAxyEJbY1",
    "objectChanges": [
      {
        "type": "created",
        "sender": "0xfccc9a421bbb13c1a66a1aa98f0ad75029ede94857779c6915b44f94068b921e",
        "owner": {
          "AddressOwner": "0xfccc9a421bbb13c1a66a1aa98f0ad75029ede94857779c6915b44f94068b921e"
        },
        "objectType": "0x8b89fb3cdd070ea855ad4f3e7219fb20548602de98377a5d354c3bac9d6e6fd3::M::O",
        "objectId": "0x233670a375604ccf0502eaacdf90f536204b16c20613ed33a0689381fd1f609d",
        "version": "3",
        "digest": "BbLNBGAFFRGrRFh5BVSMTf5tjSfSg24RwMQLJXoicMik"
      },
      {
        "type": "wrapped",
        "sender": "0xfccc9a421bbb13c1a66a1aa98f0ad75029ede94857779c6915b44f94068b921e",
        "objectType": "0x8b89fb3cdd070ea855ad4f3e7219fb20548602de98377a5d354c3bac9d6e6fd3::M::I",
        "objectId": "0x702df4c7df9019a5fc178dc48c0fc2eacfb52601203dd040f6b186edc015a262",
        "version": "3"
      },
      {
        "type": "mutated",
        "sender": "0xfccc9a421bbb13c1a66a1aa98f0ad75029ede94857779c6915b44f94068b921e",
        "owner": {
          "AddressOwner": "0xfccc9a421bbb13c1a66a1aa98f0ad75029ede94857779c6915b44f94068b921e"
        },
        "objectType": "0x2::coin::Coin<0x2::haneul::HANEUL>",
        "objectId": "0x76448b459535ef83eeb9dde937754a446d123bb79a94ed447d98d6ba58347dc0",
        "version": "3",
        "previousVersion": "2",
        "digest": "7jNWB9asdhBWJou8NZ5GqKNXCMEWeFeNJb2jNbweAD3u"
      }
    ],
    "timestampMs": "0",
    "checkpoint": "1"
  }
}
