---
source: external-crates/move/crates/move-transactional-test-runner/src/framework.rs
---
processed 21 tasks

init:
A: object(0,0)

// 1. Pick transactions based on the package they have called into
// 2. ...the module...
// 3. ...the function...
// 4. Try and pass a bad query (function but no module)
// 5. Try and pass a bad query (No package)

task 1, lines 13-26:
//# publish
created: object(1,0)
mutated: object(0,1)
gas summary: computation_cost: 1000000, storage_cost: 6794400,  storage_rebate: 0, non_refundable_storage_fee: 0

task 2, lines 28-33:
//# publish
created: object(2,0)
mutated: object(0,1)
gas summary: computation_cost: 1000000, storage_cost: 4461200,  storage_rebate: 978120, non_refundable_storage_fee: 9880

task 3, lines 35-36:
//# programmable
//> P0::M::foo();
events: Event { package_id: P0, transaction_module: Identifier("M"), sender: _, type_: StructTag { address: P0, module: Identifier("M"), name: Identifier("P0MFoo"), type_params: [] }, contents: [0] }
mutated: object(0,1)
gas summary: computation_cost: 1000000, storage_cost: 988000,  storage_rebate: 978120, non_refundable_storage_fee: 9880

task 4, lines 38-39:
//# programmable
//> P0::N::bar();
events: Event { package_id: P0, transaction_module: Identifier("N"), sender: _, type_: StructTag { address: P0, module: Identifier("N"), name: Identifier("P0NBar"), type_params: [] }, contents: [0] }
mutated: object(0,1)
gas summary: computation_cost: 1000000, storage_cost: 988000,  storage_rebate: 978120, non_refundable_storage_fee: 9880

task 5, lines 41-42:
//# programmable
//> P0::N::baz();
events: Event { package_id: P0, transaction_module: Identifier("N"), sender: _, type_: StructTag { address: P0, module: Identifier("N"), name: Identifier("P0NBaz"), type_params: [] }, contents: [0] }
mutated: object(0,1)
gas summary: computation_cost: 1000000, storage_cost: 988000,  storage_rebate: 978120, non_refundable_storage_fee: 9880

task 6, lines 44-45:
//# programmable
//> P1::M::qux();
events: Event { package_id: P1, transaction_module: Identifier("M"), sender: _, type_: StructTag { address: P1, module: Identifier("M"), name: Identifier("P1MQux"), type_params: [] }, contents: [0] }
mutated: object(0,1)
gas summary: computation_cost: 1000000, storage_cost: 988000,  storage_rebate: 978120, non_refundable_storage_fee: 9880

task 7, lines 47-48:
//# programmable
//> P0::M::foo();
events: Event { package_id: P0, transaction_module: Identifier("M"), sender: _, type_: StructTag { address: P0, module: Identifier("M"), name: Identifier("P0MFoo"), type_params: [] }, contents: [0] }
mutated: object(0,1)
gas summary: computation_cost: 1000000, storage_cost: 988000,  storage_rebate: 978120, non_refundable_storage_fee: 9880

task 8, lines 50-51:
//# programmable
//> P0::N::bar();
events: Event { package_id: P0, transaction_module: Identifier("N"), sender: _, type_: StructTag { address: P0, module: Identifier("N"), name: Identifier("P0NBar"), type_params: [] }, contents: [0] }
mutated: object(0,1)
gas summary: computation_cost: 1000000, storage_cost: 988000,  storage_rebate: 978120, non_refundable_storage_fee: 9880

task 9, lines 53-54:
//# programmable
//> P0::N::baz();
events: Event { package_id: P0, transaction_module: Identifier("N"), sender: _, type_: StructTag { address: P0, module: Identifier("N"), name: Identifier("P0NBaz"), type_params: [] }, contents: [0] }
mutated: object(0,1)
gas summary: computation_cost: 1000000, storage_cost: 988000,  storage_rebate: 978120, non_refundable_storage_fee: 9880

task 10, lines 56-57:
//# programmable
//> P1::M::qux();
events: Event { package_id: P1, transaction_module: Identifier("M"), sender: _, type_: StructTag { address: P1, module: Identifier("M"), name: Identifier("P1MQux"), type_params: [] }, contents: [0] }
mutated: object(0,1)
gas summary: computation_cost: 1000000, storage_cost: 988000,  storage_rebate: 978120, non_refundable_storage_fee: 9880

task 11, lines 59-60:
//# programmable
//> P0::M::foo();
events: Event { package_id: P0, transaction_module: Identifier("M"), sender: _, type_: StructTag { address: P0, module: Identifier("M"), name: Identifier("P0MFoo"), type_params: [] }, contents: [0] }
mutated: object(0,1)
gas summary: computation_cost: 1000000, storage_cost: 988000,  storage_rebate: 978120, non_refundable_storage_fee: 9880

task 12, lines 62-63:
//# programmable
//> P0::N::bar();
events: Event { package_id: P0, transaction_module: Identifier("N"), sender: _, type_: StructTag { address: P0, module: Identifier("N"), name: Identifier("P0NBar"), type_params: [] }, contents: [0] }
mutated: object(0,1)
gas summary: computation_cost: 1000000, storage_cost: 988000,  storage_rebate: 978120, non_refundable_storage_fee: 9880

task 13, lines 65-66:
//# programmable
//> P0::N::baz();
events: Event { package_id: P0, transaction_module: Identifier("N"), sender: _, type_: StructTag { address: P0, module: Identifier("N"), name: Identifier("P0NBaz"), type_params: [] }, contents: [0] }
mutated: object(0,1)
gas summary: computation_cost: 1000000, storage_cost: 988000,  storage_rebate: 978120, non_refundable_storage_fee: 9880

task 14, lines 68-69:
//# programmable
//> P1::M::qux();
events: Event { package_id: P1, transaction_module: Identifier("M"), sender: _, type_: StructTag { address: P1, module: Identifier("M"), name: Identifier("P1MQux"), type_params: [] }, contents: [0] }
mutated: object(0,1)
gas summary: computation_cost: 1000000, storage_cost: 988000,  storage_rebate: 978120, non_refundable_storage_fee: 9880

task 15, line 71:
//# create-checkpoint
Checkpoint created: 1

task 16, lines 73-88:
//# run-jsonrpc
Response: {
  "jsonrpc": "2.0",
  "id": 0,
  "result": {
    "data": [
      {
        "digest": "9ZzRabxUj1Jc7nPHjmfS7xxnhwUSEjyaMqU49tHD3GQ5",
        "events": [
          {
            "id": {
              "txDigest": "9ZzRabxUj1Jc7nPHjmfS7xxnhwUSEjyaMqU49tHD3GQ5",
              "eventSeq": "0"
            },
            "packageId": "0xb47fd1a3ba5615c60e87b0a220075347e5e9db9d2efa2f36ac03fd0f4620fea5",
            "transactionModule": "M",
            "sender": "0xa7b032703878aa74c3126935789fd1d4d7e111d5911b09247d6963061c312b5a",
            "type": "0xb47fd1a3ba5615c60e87b0a220075347e5e9db9d2efa2f36ac03fd0f4620fea5::M::P0MFoo",
            "parsedJson": {
              "dummy_field": false
            },
            "bcsEncoding": "base64",
            "bcs": "AA==",
            "timestampMs": "0"
          }
        ],
        "timestampMs": "0",
        "checkpoint": "1"
      },
      {
        "digest": "AsTdPhC5vjCCXvBtZ6U5B4bF95KaaMcH3Fndz6JWXWrb",
        "events": [
          {
            "id": {
              "txDigest": "AsTdPhC5vjCCXvBtZ6U5B4bF95KaaMcH3Fndz6JWXWrb",
              "eventSeq": "0"
            },
            "packageId": "0xb47fd1a3ba5615c60e87b0a220075347e5e9db9d2efa2f36ac03fd0f4620fea5",
            "transactionModule": "N",
            "sender": "0xa7b032703878aa74c3126935789fd1d4d7e111d5911b09247d6963061c312b5a",
            "type": "0xb47fd1a3ba5615c60e87b0a220075347e5e9db9d2efa2f36ac03fd0f4620fea5::N::P0NBar",
            "parsedJson": {
              "dummy_field": false
            },
            "bcsEncoding": "base64",
            "bcs": "AA==",
            "timestampMs": "0"
          }
        ],
        "timestampMs": "0",
        "checkpoint": "1"
      },
      {
        "digest": "6WQ4JycgGXHA8EbaLmrkCzATFHfk4jx2khQEDvzbkLCz",
        "events": [
          {
            "id": {
              "txDigest": "6WQ4JycgGXHA8EbaLmrkCzATFHfk4jx2khQEDvzbkLCz",
              "eventSeq": "0"
            },
            "packageId": "0xb47fd1a3ba5615c60e87b0a220075347e5e9db9d2efa2f36ac03fd0f4620fea5",
            "transactionModule": "N",
            "sender": "0xa7b032703878aa74c3126935789fd1d4d7e111d5911b09247d6963061c312b5a",
            "type": "0xb47fd1a3ba5615c60e87b0a220075347e5e9db9d2efa2f36ac03fd0f4620fea5::N::P0NBaz",
            "parsedJson": {
              "dummy_field": false
            },
            "bcsEncoding": "base64",
            "bcs": "AA==",
            "timestampMs": "0"
          }
        ],
        "timestampMs": "0",
        "checkpoint": "1"
      },
      {
        "digest": "KK3VfeAcQ4zRHQZFSmf8aC2ECbK7TErNXzsC9x6xZR1",
        "events": [
          {
            "id": {
              "txDigest": "KK3VfeAcQ4zRHQZFSmf8aC2ECbK7TErNXzsC9x6xZR1",
              "eventSeq": "0"
            },
            "packageId": "0xb47fd1a3ba5615c60e87b0a220075347e5e9db9d2efa2f36ac03fd0f4620fea5",
            "transactionModule": "M",
            "sender": "0xa7b032703878aa74c3126935789fd1d4d7e111d5911b09247d6963061c312b5a",
            "type": "0xb47fd1a3ba5615c60e87b0a220075347e5e9db9d2efa2f36ac03fd0f4620fea5::M::P0MFoo",
            "parsedJson": {
              "dummy_field": false
            },
            "bcsEncoding": "base64",
            "bcs": "AA==",
            "timestampMs": "0"
          }
        ],
        "timestampMs": "0",
        "checkpoint": "1"
      },
      {
        "digest": "Cb7EJjyRqPA7AF9HvNzjoC6c7MZqmAMXYHXfNpiECs2F",
        "events": [
          {
            "id": {
              "txDigest": "Cb7EJjyRqPA7AF9HvNzjoC6c7MZqmAMXYHXfNpiECs2F",
              "eventSeq": "0"
            },
            "packageId": "0xb47fd1a3ba5615c60e87b0a220075347e5e9db9d2efa2f36ac03fd0f4620fea5",
            "transactionModule": "N",
            "sender": "0xa7b032703878aa74c3126935789fd1d4d7e111d5911b09247d6963061c312b5a",
            "type": "0xb47fd1a3ba5615c60e87b0a220075347e5e9db9d2efa2f36ac03fd0f4620fea5::N::P0NBar",
            "parsedJson": {
              "dummy_field": false
            },
            "bcsEncoding": "base64",
            "bcs": "AA==",
            "timestampMs": "0"
          }
        ],
        "timestampMs": "0",
        "checkpoint": "1"
      },
      {
        "digest": "BCUd7Es6juNEr29UEMeC9EwjZmpyz7XZP7ehvZeS1yPj",
        "events": [
          {
            "id": {
              "txDigest": "BCUd7Es6juNEr29UEMeC9EwjZmpyz7XZP7ehvZeS1yPj",
              "eventSeq": "0"
            },
            "packageId": "0xb47fd1a3ba5615c60e87b0a220075347e5e9db9d2efa2f36ac03fd0f4620fea5",
            "transactionModule": "N",
            "sender": "0xa7b032703878aa74c3126935789fd1d4d7e111d5911b09247d6963061c312b5a",
            "type": "0xb47fd1a3ba5615c60e87b0a220075347e5e9db9d2efa2f36ac03fd0f4620fea5::N::P0NBaz",
            "parsedJson": {
              "dummy_field": false
            },
            "bcsEncoding": "base64",
            "bcs": "AA==",
            "timestampMs": "0"
          }
        ],
        "timestampMs": "0",
        "checkpoint": "1"
      },
      {
        "digest": "7zsyL9NLzCRjqdnVTyAapbRiBM8ZKm8CfwNC5mNKRg1x",
        "events": [
          {
            "id": {
              "txDigest": "7zsyL9NLzCRjqdnVTyAapbRiBM8ZKm8CfwNC5mNKRg1x",
              "eventSeq": "0"
            },
            "packageId": "0xb47fd1a3ba5615c60e87b0a220075347e5e9db9d2efa2f36ac03fd0f4620fea5",
            "transactionModule": "M",
            "sender": "0xa7b032703878aa74c3126935789fd1d4d7e111d5911b09247d6963061c312b5a",
            "type": "0xb47fd1a3ba5615c60e87b0a220075347e5e9db9d2efa2f36ac03fd0f4620fea5::M::P0MFoo",
            "parsedJson": {
              "dummy_field": false
            },
            "bcsEncoding": "base64",
            "bcs": "AA==",
            "timestampMs": "0"
          }
        ],
        "timestampMs": "0",
        "checkpoint": "1"
      },
      {
        "digest": "FNk2GUdmkDxdzzE6Zptymq1eNpx5D192coTXshwktcuA",
        "events": [
          {
            "id": {
              "txDigest": "FNk2GUdmkDxdzzE6Zptymq1eNpx5D192coTXshwktcuA",
              "eventSeq": "0"
            },
            "packageId": "0xb47fd1a3ba5615c60e87b0a220075347e5e9db9d2efa2f36ac03fd0f4620fea5",
            "transactionModule": "N",
            "sender": "0xa7b032703878aa74c3126935789fd1d4d7e111d5911b09247d6963061c312b5a",
            "type": "0xb47fd1a3ba5615c60e87b0a220075347e5e9db9d2efa2f36ac03fd0f4620fea5::N::P0NBar",
            "parsedJson": {
              "dummy_field": false
            },
            "bcsEncoding": "base64",
            "bcs": "AA==",
            "timestampMs": "0"
          }
        ],
        "timestampMs": "0",
        "checkpoint": "1"
      },
      {
        "digest": "HNWuh7aoBVh6HiFj3bKpFmLsy67nftyCrYtjxpLMwKrK",
        "events": [
          {
            "id": {
              "txDigest": "HNWuh7aoBVh6HiFj3bKpFmLsy67nftyCrYtjxpLMwKrK",
              "eventSeq": "0"
            },
            "packageId": "0xb47fd1a3ba5615c60e87b0a220075347e5e9db9d2efa2f36ac03fd0f4620fea5",
            "transactionModule": "N",
            "sender": "0xa7b032703878aa74c3126935789fd1d4d7e111d5911b09247d6963061c312b5a",
            "type": "0xb47fd1a3ba5615c60e87b0a220075347e5e9db9d2efa2f36ac03fd0f4620fea5::N::P0NBaz",
            "parsedJson": {
              "dummy_field": false
            },
            "bcsEncoding": "base64",
            "bcs": "AA==",
            "timestampMs": "0"
          }
        ],
        "timestampMs": "0",
        "checkpoint": "1"
      }
    ],
    "nextCursor": "MTM=",
    "hasNextPage": false
  }
}

task 17, lines 90-106:
//# run-jsonrpc
Response: {
  "jsonrpc": "2.0",
  "id": 1,
  "result": {
    "data": [
      {
        "digest": "AsTdPhC5vjCCXvBtZ6U5B4bF95KaaMcH3Fndz6JWXWrb",
        "events": [
          {
            "id": {
              "txDigest": "AsTdPhC5vjCCXvBtZ6U5B4bF95KaaMcH3Fndz6JWXWrb",
              "eventSeq": "0"
            },
            "packageId": "0xb47fd1a3ba5615c60e87b0a220075347e5e9db9d2efa2f36ac03fd0f4620fea5",
            "transactionModule": "N",
            "sender": "0xa7b032703878aa74c3126935789fd1d4d7e111d5911b09247d6963061c312b5a",
            "type": "0xb47fd1a3ba5615c60e87b0a220075347e5e9db9d2efa2f36ac03fd0f4620fea5::N::P0NBar",
            "parsedJson": {
              "dummy_field": false
            },
            "bcsEncoding": "base64",
            "bcs": "AA==",
            "timestampMs": "0"
          }
        ],
        "timestampMs": "0",
        "checkpoint": "1"
      },
      {
        "digest": "6WQ4JycgGXHA8EbaLmrkCzATFHfk4jx2khQEDvzbkLCz",
        "events": [
          {
            "id": {
              "txDigest": "6WQ4JycgGXHA8EbaLmrkCzATFHfk4jx2khQEDvzbkLCz",
              "eventSeq": "0"
            },
            "packageId": "0xb47fd1a3ba5615c60e87b0a220075347e5e9db9d2efa2f36ac03fd0f4620fea5",
            "transactionModule": "N",
            "sender": "0xa7b032703878aa74c3126935789fd1d4d7e111d5911b09247d6963061c312b5a",
            "type": "0xb47fd1a3ba5615c60e87b0a220075347e5e9db9d2efa2f36ac03fd0f4620fea5::N::P0NBaz",
            "parsedJson": {
              "dummy_field": false
            },
            "bcsEncoding": "base64",
            "bcs": "AA==",
            "timestampMs": "0"
          }
        ],
        "timestampMs": "0",
        "checkpoint": "1"
      },
      {
        "digest": "Cb7EJjyRqPA7AF9HvNzjoC6c7MZqmAMXYHXfNpiECs2F",
        "events": [
          {
            "id": {
              "txDigest": "Cb7EJjyRqPA7AF9HvNzjoC6c7MZqmAMXYHXfNpiECs2F",
              "eventSeq": "0"
            },
            "packageId": "0xb47fd1a3ba5615c60e87b0a220075347e5e9db9d2efa2f36ac03fd0f4620fea5",
            "transactionModule": "N",
            "sender": "0xa7b032703878aa74c3126935789fd1d4d7e111d5911b09247d6963061c312b5a",
            "type": "0xb47fd1a3ba5615c60e87b0a220075347e5e9db9d2efa2f36ac03fd0f4620fea5::N::P0NBar",
            "parsedJson": {
              "dummy_field": false
            },
            "bcsEncoding": "base64",
            "bcs": "AA==",
            "timestampMs": "0"
          }
        ],
        "timestampMs": "0",
        "checkpoint": "1"
      },
      {
        "digest": "BCUd7Es6juNEr29UEMeC9EwjZmpyz7XZP7ehvZeS1yPj",
        "events": [
          {
            "id": {
              "txDigest": "BCUd7Es6juNEr29UEMeC9EwjZmpyz7XZP7ehvZeS1yPj",
              "eventSeq": "0"
            },
            "packageId": "0xb47fd1a3ba5615c60e87b0a220075347e5e9db9d2efa2f36ac03fd0f4620fea5",
            "transactionModule": "N",
            "sender": "0xa7b032703878aa74c3126935789fd1d4d7e111d5911b09247d6963061c312b5a",
            "type": "0xb47fd1a3ba5615c60e87b0a220075347e5e9db9d2efa2f36ac03fd0f4620fea5::N::P0NBaz",
            "parsedJson": {
              "dummy_field": false
            },
            "bcsEncoding": "base64",
            "bcs": "AA==",
            "timestampMs": "0"
          }
        ],
        "timestampMs": "0",
        "checkpoint": "1"
      },
      {
        "digest": "FNk2GUdmkDxdzzE6Zptymq1eNpx5D192coTXshwktcuA",
        "events": [
          {
            "id": {
              "txDigest": "FNk2GUdmkDxdzzE6Zptymq1eNpx5D192coTXshwktcuA",
              "eventSeq": "0"
            },
            "packageId": "0xb47fd1a3ba5615c60e87b0a220075347e5e9db9d2efa2f36ac03fd0f4620fea5",
            "transactionModule": "N",
            "sender": "0xa7b032703878aa74c3126935789fd1d4d7e111d5911b09247d6963061c312b5a",
            "type": "0xb47fd1a3ba5615c60e87b0a220075347e5e9db9d2efa2f36ac03fd0f4620fea5::N::P0NBar",
            "parsedJson": {
              "dummy_field": false
            },
            "bcsEncoding": "base64",
            "bcs": "AA==",
            "timestampMs": "0"
          }
        ],
        "timestampMs": "0",
        "checkpoint": "1"
      },
      {
        "digest": "HNWuh7aoBVh6HiFj3bKpFmLsy67nftyCrYtjxpLMwKrK",
        "events": [
          {
            "id": {
              "txDigest": "HNWuh7aoBVh6HiFj3bKpFmLsy67nftyCrYtjxpLMwKrK",
              "eventSeq": "0"
            },
            "packageId": "0xb47fd1a3ba5615c60e87b0a220075347e5e9db9d2efa2f36ac03fd0f4620fea5",
            "transactionModule": "N",
            "sender": "0xa7b032703878aa74c3126935789fd1d4d7e111d5911b09247d6963061c312b5a",
            "type": "0xb47fd1a3ba5615c60e87b0a220075347e5e9db9d2efa2f36ac03fd0f4620fea5::N::P0NBaz",
            "parsedJson": {
              "dummy_field": false
            },
            "bcsEncoding": "base64",
            "bcs": "AA==",
            "timestampMs": "0"
          }
        ],
        "timestampMs": "0",
        "checkpoint": "1"
      }
    ],
    "nextCursor": "MTM=",
    "hasNextPage": false
  }
}

task 18, lines 108-125:
//# run-jsonrpc
Response: {
  "jsonrpc": "2.0",
  "id": 2,
  "result": {
    "data": [
      {
        "digest": "9L7r9byNP2TbP8yXkmYojAhYYrDYy8XWWmFNrr57x4S5",
        "events": [
          {
            "id": {
              "txDigest": "9L7r9byNP2TbP8yXkmYojAhYYrDYy8XWWmFNrr57x4S5",
              "eventSeq": "0"
            },
            "packageId": "0xc5b4604b2e06d9d586c70eb6b54dfbd75800a8f7cf5f8e85c0d03a210a1ced05",
            "transactionModule": "M",
            "sender": "0xa7b032703878aa74c3126935789fd1d4d7e111d5911b09247d6963061c312b5a",
            "type": "0xc5b4604b2e06d9d586c70eb6b54dfbd75800a8f7cf5f8e85c0d03a210a1ced05::M::P1MQux",
            "parsedJson": {
              "dummy_field": false
            },
            "bcsEncoding": "base64",
            "bcs": "AA==",
            "timestampMs": "0"
          }
        ],
        "timestampMs": "0",
        "checkpoint": "1"
      },
      {
        "digest": "4Go7zrMnwtyRJuYjoFmcUxwBK1Ajx92k7nxSYZHwYx1G",
        "events": [
          {
            "id": {
              "txDigest": "4Go7zrMnwtyRJuYjoFmcUxwBK1Ajx92k7nxSYZHwYx1G",
              "eventSeq": "0"
            },
            "packageId": "0xc5b4604b2e06d9d586c70eb6b54dfbd75800a8f7cf5f8e85c0d03a210a1ced05",
            "transactionModule": "M",
            "sender": "0xa7b032703878aa74c3126935789fd1d4d7e111d5911b09247d6963061c312b5a",
            "type": "0xc5b4604b2e06d9d586c70eb6b54dfbd75800a8f7cf5f8e85c0d03a210a1ced05::M::P1MQux",
            "parsedJson": {
              "dummy_field": false
            },
            "bcsEncoding": "base64",
            "bcs": "AA==",
            "timestampMs": "0"
          }
        ],
        "timestampMs": "0",
        "checkpoint": "1"
      },
      {
        "digest": "6zNGYUmKoDPPzcCfcB9gk9Nq4qawGomVqwFSPDA3VeXQ",
        "events": [
          {
            "id": {
              "txDigest": "6zNGYUmKoDPPzcCfcB9gk9Nq4qawGomVqwFSPDA3VeXQ",
              "eventSeq": "0"
            },
            "packageId": "0xc5b4604b2e06d9d586c70eb6b54dfbd75800a8f7cf5f8e85c0d03a210a1ced05",
            "transactionModule": "M",
            "sender": "0xa7b032703878aa74c3126935789fd1d4d7e111d5911b09247d6963061c312b5a",
            "type": "0xc5b4604b2e06d9d586c70eb6b54dfbd75800a8f7cf5f8e85c0d03a210a1ced05::M::P1MQux",
            "parsedJson": {
              "dummy_field": false
            },
            "bcsEncoding": "base64",
            "bcs": "AA==",
            "timestampMs": "0"
          }
        ],
        "timestampMs": "0",
        "checkpoint": "1"
      }
    ],
    "nextCursor": "MTQ=",
    "hasNextPage": false
  }
}

task 19, lines 127-143:
//# run-jsonrpc
Response: {
  "jsonrpc": "2.0",
  "id": 3,
  "error": {
    "code": -32602,
    "message": "Invalid Params: Cannot filter by function name \"bar\" without specifying a module"
  }
}

task 20, lines 145-160:
//# run-jsonrpc
Response: {
  "jsonrpc": "2.0",
  "id": 4,
  "error": {
    "code": -32602,
    "message": "Invalid params",
    "data": "missing field `package` at line 1 column 40"
  }
}
