---
source: external-crates/move/crates/move-transactional-test-runner/src/framework.rs
---
processed 13 tasks

init:
A: object(0,0)

task 1, lines 7-11:
//# run-jsonrpc
Response: {
  "jsonrpc": "2.0",
  "id": 0,
  "result": {
    "epoch": "0",
    "protocolVersion": "115",
    "systemStateVersion": "1",
    "storageFundTotalObjectStorageRebates": "0",
    "storageFundNonRefundableBalance": "0",
    "referenceGasPrice": "1000",
    "safeMode": false,
    "safeModeStorageRewards": "0",
    "safeModeComputationRewards": "0",
    "safeModeStorageRebates": "0",
    "safeModeNonRefundableStorageFee": "0",
    "epochStartTimestampMs": "0",
    "epochDurationMs": "86400000",
    "stakeSubsidyStartEpoch": "0",
    "maxValidatorCount": "150",
    "minValidatorJoiningStake": "30000000000000000",
    "validatorLowStakeThreshold": "20000000000000000",
    "validatorVeryLowStakeThreshold": "15000000000000000",
    "validatorLowStakeGracePeriod": "7",
    "stakeSubsidyBalance": "9949400000000000000",
    "stakeSubsidyDistributionCounter": "0",
    "stakeSubsidyCurrentDistributionAmount": "1000000000000000",
    "stakeSubsidyPeriodLength": "10",
    "stakeSubsidyDecreaseRate": 1000,
    "totalStake": "20000000000000000",
    "activeValidators": [
      {
        "haneulAddress": "0xda83166d01afd7ddcf8af5f844f45aaa53f48548e5117c23f5a2978cfd422244",
        "protocolPubkeyBytes": "qqgbtEP57SCwGrO7tmcKwy/daeoOFwANmrMTm1Qu4jUJRhi2VePz/brF9YAcjmJ7BLOpN8c5Ia7zYzTNmGtGoaUnjoYrbvDG9E05s9antwSmkHAIGsM8mkmeBkSjSBrt",
        "networkPubkeyBytes": "ZeETulurG5EpRBoewpF26pyLQtpUqwH1T6LqgugHBIU=",
        "workerPubkeyBytes": "3sE4/d+MbOSh9pesKr7b89TSO5gFBuyGUjVa4GldmFU=",
        "proofOfPossessionBytes": "sIupbWI7yiRvXM22F2E5sJFRricflowHFu7yqXnzglaAvYTxInm4MSDNAgeMzHyJ",
        "name": "validator-0",
        "description": "",
        "imageUrl": "",
        "projectUrl": "",
        "netAddress": "/ip4/127.0.0.1/tcp/8000/https",
        "p2pAddress": "/ip4/127.0.0.1/udp/8001/https",
        "primaryAddress": "/ip4/127.0.0.1/udp/8004/https",
        "workerAddress": "/ip4/127.0.0.1/udp/8005/https",
        "nextEpochProtocolPubkeyBytes": null,
        "nextEpochProofOfPossession": null,
        "nextEpochNetworkPubkeyBytes": null,
        "nextEpochWorkerPubkeyBytes": null,
        "nextEpochNetAddress": null,
        "nextEpochP2pAddress": null,
        "nextEpochPrimaryAddress": null,
        "nextEpochWorkerAddress": null,
        "votingPower": "10000",
        "operationCapId": "0x5b3b42466e3ffd7d7754efbe99725f8f6bbd5d42324874a427e3f4963bc7bc6d",
        "gasPrice": "1000",
        "commissionRate": "200",
        "nextEpochStake": "20000000000000000",
        "nextEpochGasPrice": "1000",
        "nextEpochCommissionRate": "200",
        "stakingPoolId": "0x9dd4b586ded7cc4712a61d49be5a1acba395b8cd2d42c17604292867dabdfbd0",
        "stakingPoolActivationEpoch": "0",
        "stakingPoolDeactivationEpoch": null,
        "stakingPoolHaneulBalance": "20000000000000000",
        "rewardsPool": "0",
        "poolTokenBalance": "20000000000000000",
        "pendingStake": "0",
        "pendingTotalHaneulWithdraw": "0",
        "pendingPoolTokenWithdraw": "0",
        "exchangeRatesId": "0xa0298128e8ca63ae3ab1edf0971c10c7d7922a27796a8e156d08e9eff6561f7a",
        "exchangeRatesSize": "1"
      }
    ],
    "pendingActiveValidatorsId": "0xa1275d4147ea32f6f680e11f01c649e4ed361d74852a98bfabaf683768e39eee",
    "pendingActiveValidatorsSize": "0",
    "pendingRemovals": [],
    "stakingPoolMappingsId": "0x54089ea8d45e30959f15c1c1261517a07516993b03661e568e5311df13bfe765",
    "stakingPoolMappingsSize": "1",
    "inactivePoolsId": "0x11ffd1d8a686e02297dc5bc6213f2975c67ccdea1bcf6d8eb1ec850e47b78764",
    "inactivePoolsSize": "0",
    "validatorCandidatesId": "0xcbfb2e65b48002dc58313f7afadadb5332c173a4f526f36c3c57e15ec9d91e2e",
    "validatorCandidatesSize": "0",
    "atRiskValidators": [],
    "validatorReportRecords": []
  }
}

task 2, lines 13-15:
//# programmable --sender A --inputs 1000000000 object(0x5) @validator_0
//> 0: SplitCoins(Gas, [Input(0)]);
//> 1: haneul_system::haneul_system::request_add_stake(Input(1), Result(0), Input(2))
events: Event { package_id: haneul_system, transaction_module: Identifier("haneul_system"), sender: A, type_: StructTag { address: haneul_system, module: Identifier("validator"), name: Identifier("StakingRequestEvent"), type_params: [] }, contents: [157, 212, 181, 134, 222, 215, 204, 71, 18, 166, 29, 73, 190, 90, 26, 203, 163, 149, 184, 205, 45, 66, 193, 118, 4, 41, 40, 103, 218, 189, 251, 208, 218, 131, 22, 109, 1, 175, 215, 221, 207, 138, 245, 248, 68, 244, 90, 170, 83, 244, 133, 72, 229, 17, 124, 35, 245, 162, 151, 140, 253, 66, 34, 68, 252, 204, 154, 66, 27, 187, 19, 193, 166, 106, 26, 169, 143, 10, 215, 80, 41, 237, 233, 72, 87, 119, 156, 105, 21, 180, 79, 148, 6, 139, 146, 30, 0, 0, 0, 0, 0, 0, 0, 0, 0, 202, 154, 59, 0, 0, 0, 0] }
created: object(2,0), object(2,1)
mutated: 0x0000000000000000000000000000000000000000000000000000000000000005, object(0,0)
deleted: object(_)
gas summary: computation_cost: 1000000, storage_cost: 15200000,  storage_rebate: 0, non_refundable_storage_fee: 0

task 3, line 17:
//# create-checkpoint
Checkpoint created: 1

task 4, lines 19-23:
//# run-jsonrpc
Response: {
  "jsonrpc": "2.0",
  "id": 1,
  "result": {
    "epoch": "0",
    "protocolVersion": "115",
    "systemStateVersion": "2",
    "storageFundTotalObjectStorageRebates": "0",
    "storageFundNonRefundableBalance": "0",
    "referenceGasPrice": "1000",
    "safeMode": false,
    "safeModeStorageRewards": "0",
    "safeModeComputationRewards": "0",
    "safeModeStorageRebates": "0",
    "safeModeNonRefundableStorageFee": "0",
    "epochStartTimestampMs": "0",
    "epochDurationMs": "86400000",
    "stakeSubsidyStartEpoch": "0",
    "maxValidatorCount": "150",
    "minValidatorJoiningStake": "30000000000000000",
    "validatorLowStakeThreshold": "20000000000000000",
    "validatorVeryLowStakeThreshold": "15000000000000000",
    "validatorLowStakeGracePeriod": "7",
    "stakeSubsidyBalance": "9949400000000000000",
    "stakeSubsidyDistributionCounter": "0",
    "stakeSubsidyCurrentDistributionAmount": "1000000000000000",
    "stakeSubsidyPeriodLength": "10",
    "stakeSubsidyDecreaseRate": 1000,
    "totalStake": "20000000000000000",
    "activeValidators": [
      {
        "haneulAddress": "0xda83166d01afd7ddcf8af5f844f45aaa53f48548e5117c23f5a2978cfd422244",
        "protocolPubkeyBytes": "qqgbtEP57SCwGrO7tmcKwy/daeoOFwANmrMTm1Qu4jUJRhi2VePz/brF9YAcjmJ7BLOpN8c5Ia7zYzTNmGtGoaUnjoYrbvDG9E05s9antwSmkHAIGsM8mkmeBkSjSBrt",
        "networkPubkeyBytes": "ZeETulurG5EpRBoewpF26pyLQtpUqwH1T6LqgugHBIU=",
        "workerPubkeyBytes": "3sE4/d+MbOSh9pesKr7b89TSO5gFBuyGUjVa4GldmFU=",
        "proofOfPossessionBytes": "sIupbWI7yiRvXM22F2E5sJFRricflowHFu7yqXnzglaAvYTxInm4MSDNAgeMzHyJ",
        "name": "validator-0",
        "description": "",
        "imageUrl": "",
        "projectUrl": "",
        "netAddress": "/ip4/127.0.0.1/tcp/8000/https",
        "p2pAddress": "/ip4/127.0.0.1/udp/8001/https",
        "primaryAddress": "/ip4/127.0.0.1/udp/8004/https",
        "workerAddress": "/ip4/127.0.0.1/udp/8005/https",
        "nextEpochProtocolPubkeyBytes": null,
        "nextEpochProofOfPossession": null,
        "nextEpochNetworkPubkeyBytes": null,
        "nextEpochWorkerPubkeyBytes": null,
        "nextEpochNetAddress": null,
        "nextEpochP2pAddress": null,
        "nextEpochPrimaryAddress": null,
        "nextEpochWorkerAddress": null,
        "votingPower": "10000",
        "operationCapId": "0x5b3b42466e3ffd7d7754efbe99725f8f6bbd5d42324874a427e3f4963bc7bc6d",
        "gasPrice": "1000",
        "commissionRate": "200",
        "nextEpochStake": "20000001000000000",
        "nextEpochGasPrice": "1000",
        "nextEpochCommissionRate": "200",
        "stakingPoolId": "0x9dd4b586ded7cc4712a61d49be5a1acba395b8cd2d42c17604292867dabdfbd0",
        "stakingPoolActivationEpoch": "0",
        "stakingPoolDeactivationEpoch": null,
        "stakingPoolHaneulBalance": "20000000000000000",
        "rewardsPool": "0",
        "poolTokenBalance": "20000000000000000",
        "pendingStake": "1000000000",
        "pendingTotalHaneulWithdraw": "0",
        "pendingPoolTokenWithdraw": "0",
        "exchangeRatesId": "0xa0298128e8ca63ae3ab1edf0971c10c7d7922a27796a8e156d08e9eff6561f7a",
        "exchangeRatesSize": "1"
      }
    ],
    "pendingActiveValidatorsId": "0xa1275d4147ea32f6f680e11f01c649e4ed361d74852a98bfabaf683768e39eee",
    "pendingActiveValidatorsSize": "0",
    "pendingRemovals": [],
    "stakingPoolMappingsId": "0x54089ea8d45e30959f15c1c1261517a07516993b03661e568e5311df13bfe765",
    "stakingPoolMappingsSize": "1",
    "inactivePoolsId": "0x11ffd1d8a686e02297dc5bc6213f2975c67ccdea1bcf6d8eb1ec850e47b78764",
    "inactivePoolsSize": "0",
    "validatorCandidatesId": "0xcbfb2e65b48002dc58313f7afadadb5332c173a4f526f36c3c57e15ec9d91e2e",
    "validatorCandidatesSize": "0",
    "atRiskValidators": [],
    "validatorReportRecords": []
  }
}

task 6, line 27:
//# advance-epoch
Epoch advanced: 1

task 7, lines 29-33:
//# run-jsonrpc
Response: {
  "jsonrpc": "2.0",
  "id": 2,
  "result": {
    "epoch": "1",
    "protocolVersion": "115",
    "systemStateVersion": "2",
    "storageFundTotalObjectStorageRebates": "15200000",
    "storageFundNonRefundableBalance": "0",
    "referenceGasPrice": "1000",
    "safeMode": false,
    "safeModeStorageRewards": "0",
    "safeModeComputationRewards": "0",
    "safeModeStorageRebates": "0",
    "safeModeNonRefundableStorageFee": "0",
    "epochStartTimestampMs": "1",
    "epochDurationMs": "86400000",
    "stakeSubsidyStartEpoch": "0",
    "maxValidatorCount": "150",
    "minValidatorJoiningStake": "30000000000000000",
    "validatorLowStakeThreshold": "20000000000000000",
    "validatorVeryLowStakeThreshold": "15000000000000000",
    "validatorLowStakeGracePeriod": "7",
    "stakeSubsidyBalance": "9949400000000000000",
    "stakeSubsidyDistributionCounter": "0",
    "stakeSubsidyCurrentDistributionAmount": "1000000000000000",
    "stakeSubsidyPeriodLength": "10",
    "stakeSubsidyDecreaseRate": 1000,
    "totalStake": "20000001001000000",
    "activeValidators": [
      {
        "haneulAddress": "0xda83166d01afd7ddcf8af5f844f45aaa53f48548e5117c23f5a2978cfd422244",
        "protocolPubkeyBytes": "qqgbtEP57SCwGrO7tmcKwy/daeoOFwANmrMTm1Qu4jUJRhi2VePz/brF9YAcjmJ7BLOpN8c5Ia7zYzTNmGtGoaUnjoYrbvDG9E05s9antwSmkHAIGsM8mkmeBkSjSBrt",
        "networkPubkeyBytes": "ZeETulurG5EpRBoewpF26pyLQtpUqwH1T6LqgugHBIU=",
        "workerPubkeyBytes": "3sE4/d+MbOSh9pesKr7b89TSO5gFBuyGUjVa4GldmFU=",
        "proofOfPossessionBytes": "sIupbWI7yiRvXM22F2E5sJFRricflowHFu7yqXnzglaAvYTxInm4MSDNAgeMzHyJ",
        "name": "validator-0",
        "description": "",
        "imageUrl": "",
        "projectUrl": "",
        "netAddress": "/ip4/127.0.0.1/tcp/8000/https",
        "p2pAddress": "/ip4/127.0.0.1/udp/8001/https",
        "primaryAddress": "/ip4/127.0.0.1/udp/8004/https",
        "workerAddress": "/ip4/127.0.0.1/udp/8005/https",
        "nextEpochProtocolPubkeyBytes": null,
        "nextEpochProofOfPossession": null,
        "nextEpochNetworkPubkeyBytes": null,
        "nextEpochWorkerPubkeyBytes": null,
        "nextEpochNetAddress": null,
        "nextEpochP2pAddress": null,
        "nextEpochPrimaryAddress": null,
        "nextEpochWorkerAddress": null,
        "votingPower": "10000",
        "operationCapId": "0x5b3b42466e3ffd7d7754efbe99725f8f6bbd5d42324874a427e3f4963bc7bc6d",
        "gasPrice": "1000",
        "commissionRate": "200",
        "nextEpochStake": "20000001001000000",
        "nextEpochGasPrice": "1000",
        "nextEpochCommissionRate": "200",
        "stakingPoolId": "0x9dd4b586ded7cc4712a61d49be5a1acba395b8cd2d42c17604292867dabdfbd0",
        "stakingPoolActivationEpoch": "0",
        "stakingPoolDeactivationEpoch": null,
        "stakingPoolHaneulBalance": "20000001001000000",
        "rewardsPool": "980000",
        "poolTokenBalance": "20000001000019999",
        "pendingStake": "0",
        "pendingTotalHaneulWithdraw": "0",
        "pendingPoolTokenWithdraw": "0",
        "exchangeRatesId": "0xa0298128e8ca63ae3ab1edf0971c10c7d7922a27796a8e156d08e9eff6561f7a",
        "exchangeRatesSize": "2"
      }
    ],
    "pendingActiveValidatorsId": "0xa1275d4147ea32f6f680e11f01c649e4ed361d74852a98bfabaf683768e39eee",
    "pendingActiveValidatorsSize": "0",
    "pendingRemovals": [],
    "stakingPoolMappingsId": "0x54089ea8d45e30959f15c1c1261517a07516993b03661e568e5311df13bfe765",
    "stakingPoolMappingsSize": "1",
    "inactivePoolsId": "0x11ffd1d8a686e02297dc5bc6213f2975c67ccdea1bcf6d8eb1ec850e47b78764",
    "inactivePoolsSize": "0",
    "validatorCandidatesId": "0xcbfb2e65b48002dc58313f7afadadb5332c173a4f526f36c3c57e15ec9d91e2e",
    "validatorCandidatesSize": "0",
    "atRiskValidators": [],
    "validatorReportRecords": []
  }
}

task 8, lines 35-36:
//# programmable --sender A --inputs object(0x5) object(2,0)
//> 0: haneul_system::haneul_system::request_withdraw_stake(Input(0), Input(1))
events: Event { package_id: haneul_system, transaction_module: Identifier("haneul_system"), sender: A, type_: StructTag { address: haneul_system, module: Identifier("validator"), name: Identifier("UnstakingRequestEvent"), type_params: [] }, contents: [157, 212, 181, 134, 222, 215, 204, 71, 18, 166, 29, 73, 190, 90, 26, 203, 163, 149, 184, 205, 45, 66, 193, 118, 4, 41, 40, 103, 218, 189, 251, 208, 218, 131, 22, 109, 1, 175, 215, 221, 207, 138, 245, 248, 68, 244, 90, 170, 83, 244, 133, 72, 229, 17, 124, 35, 245, 162, 151, 140, 253, 66, 34, 68, 252, 204, 154, 66, 27, 187, 19, 193, 166, 106, 26, 169, 143, 10, 215, 80, 41, 237, 233, 72, 87, 119, 156, 105, 21, 180, 79, 148, 6, 139, 146, 30, 1, 0, 0, 0, 0, 0, 0, 0, 1, 0, 0, 0, 0, 0, 0, 0, 0, 202, 154, 59, 0, 0, 0, 0, 0, 0, 0, 0, 0, 0, 0, 0] }
created: object(8,0)
mutated: 0x0000000000000000000000000000000000000000000000000000000000000005, object(0,0), object(2,1)
deleted: object(2,0)
gas summary: computation_cost: 1000000, storage_cost: 14896000,  storage_rebate: 15048000, non_refundable_storage_fee: 152000

task 9, line 38:
//# create-checkpoint
Checkpoint created: 3

task 10, lines 40-44:
//# run-jsonrpc
Response: {
  "jsonrpc": "2.0",
  "id": 3,
  "result": {
    "epoch": "1",
    "protocolVersion": "115",
    "systemStateVersion": "2",
    "storageFundTotalObjectStorageRebates": "15200000",
    "storageFundNonRefundableBalance": "0",
    "referenceGasPrice": "1000",
    "safeMode": false,
    "safeModeStorageRewards": "0",
    "safeModeComputationRewards": "0",
    "safeModeStorageRebates": "0",
    "safeModeNonRefundableStorageFee": "0",
    "epochStartTimestampMs": "1",
    "epochDurationMs": "86400000",
    "stakeSubsidyStartEpoch": "0",
    "maxValidatorCount": "150",
    "minValidatorJoiningStake": "30000000000000000",
    "validatorLowStakeThreshold": "20000000000000000",
    "validatorVeryLowStakeThreshold": "15000000000000000",
    "validatorLowStakeGracePeriod": "7",
    "stakeSubsidyBalance": "9949400000000000000",
    "stakeSubsidyDistributionCounter": "0",
    "stakeSubsidyCurrentDistributionAmount": "1000000000000000",
    "stakeSubsidyPeriodLength": "10",
    "stakeSubsidyDecreaseRate": 1000,
    "totalStake": "20000001001000000",
    "activeValidators": [
      {
        "haneulAddress": "0xda83166d01afd7ddcf8af5f844f45aaa53f48548e5117c23f5a2978cfd422244",
        "protocolPubkeyBytes": "qqgbtEP57SCwGrO7tmcKwy/daeoOFwANmrMTm1Qu4jUJRhi2VePz/brF9YAcjmJ7BLOpN8c5Ia7zYzTNmGtGoaUnjoYrbvDG9E05s9antwSmkHAIGsM8mkmeBkSjSBrt",
        "networkPubkeyBytes": "ZeETulurG5EpRBoewpF26pyLQtpUqwH1T6LqgugHBIU=",
        "workerPubkeyBytes": "3sE4/d+MbOSh9pesKr7b89TSO5gFBuyGUjVa4GldmFU=",
        "proofOfPossessionBytes": "sIupbWI7yiRvXM22F2E5sJFRricflowHFu7yqXnzglaAvYTxInm4MSDNAgeMzHyJ",
        "name": "validator-0",
        "description": "",
        "imageUrl": "",
        "projectUrl": "",
        "netAddress": "/ip4/127.0.0.1/tcp/8000/https",
        "p2pAddress": "/ip4/127.0.0.1/udp/8001/https",
        "primaryAddress": "/ip4/127.0.0.1/udp/8004/https",
        "workerAddress": "/ip4/127.0.0.1/udp/8005/https",
        "nextEpochProtocolPubkeyBytes": null,
        "nextEpochProofOfPossession": null,
        "nextEpochNetworkPubkeyBytes": null,
        "nextEpochWorkerPubkeyBytes": null,
        "nextEpochNetAddress": null,
        "nextEpochP2pAddress": null,
        "nextEpochPrimaryAddress": null,
        "nextEpochWorkerAddress": null,
        "votingPower": "10000",
        "operationCapId": "0x5b3b42466e3ffd7d7754efbe99725f8f6bbd5d42324874a427e3f4963bc7bc6d",
        "gasPrice": "1000",
        "commissionRate": "200",
        "nextEpochStake": "20000000001000000",
        "nextEpochGasPrice": "1000",
        "nextEpochCommissionRate": "200",
        "stakingPoolId": "0x9dd4b586ded7cc4712a61d49be5a1acba395b8cd2d42c17604292867dabdfbd0",
        "stakingPoolActivationEpoch": "0",
        "stakingPoolDeactivationEpoch": null,
        "stakingPoolHaneulBalance": "20000001001000000",
        "rewardsPool": "980000",
        "poolTokenBalance": "20000001000019999",
        "pendingStake": "0",
        "pendingTotalHaneulWithdraw": "1000000000",
        "pendingPoolTokenWithdraw": "999999999",
        "exchangeRatesId": "0xa0298128e8ca63ae3ab1edf0971c10c7d7922a27796a8e156d08e9eff6561f7a",
        "exchangeRatesSize": "2"
      }
    ],
    "pendingActiveValidatorsId": "0xa1275d4147ea32f6f680e11f01c649e4ed361d74852a98bfabaf683768e39eee",
    "pendingActiveValidatorsSize": "0",
    "pendingRemovals": [],
    "stakingPoolMappingsId": "0x54089ea8d45e30959f15c1c1261517a07516993b03661e568e5311df13bfe765",
    "stakingPoolMappingsSize": "1",
    "inactivePoolsId": "0x11ffd1d8a686e02297dc5bc6213f2975c67ccdea1bcf6d8eb1ec850e47b78764",
    "inactivePoolsSize": "0",
    "validatorCandidatesId": "0xcbfb2e65b48002dc58313f7afadadb5332c173a4f526f36c3c57e15ec9d91e2e",
    "validatorCandidatesSize": "0",
    "atRiskValidators": [],
    "validatorReportRecords": []
  }
}

task 11, line 46:
//# advance-epoch
Epoch advanced: 2

task 12, lines 48-52:
//# run-jsonrpc
Response: {
  "jsonrpc": "2.0",
  "id": 4,
  "result": {
    "epoch": "2",
    "protocolVersion": "115",
    "systemStateVersion": "2",
    "storageFundTotalObjectStorageRebates": "14896000",
    "storageFundNonRefundableBalance": "152000",
    "referenceGasPrice": "1000",
    "safeMode": false,
    "safeModeStorageRewards": "0",
    "safeModeComputationRewards": "0",
    "safeModeStorageRebates": "0",
    "safeModeNonRefundableStorageFee": "0",
    "epochStartTimestampMs": "1",
    "epochDurationMs": "86400000",
    "stakeSubsidyStartEpoch": "0",
    "maxValidatorCount": "150",
    "minValidatorJoiningStake": "30000000000000000",
    "validatorLowStakeThreshold": "20000000000000000",
    "validatorVeryLowStakeThreshold": "15000000000000000",
    "validatorLowStakeGracePeriod": "7",
    "stakeSubsidyBalance": "9949400000000000000",
    "stakeSubsidyDistributionCounter": "0",
    "stakeSubsidyCurrentDistributionAmount": "1000000000000000",
    "stakeSubsidyPeriodLength": "10",
    "stakeSubsidyDecreaseRate": 1000,
    "totalStake": "20000000002000000",
    "activeValidators": [
      {
        "haneulAddress": "0xda83166d01afd7ddcf8af5f844f45aaa53f48548e5117c23f5a2978cfd422244",
        "protocolPubkeyBytes": "qqgbtEP57SCwGrO7tmcKwy/daeoOFwANmrMTm1Qu4jUJRhi2VePz/brF9YAcjmJ7BLOpN8c5Ia7zYzTNmGtGoaUnjoYrbvDG9E05s9antwSmkHAIGsM8mkmeBkSjSBrt",
        "networkPubkeyBytes": "ZeETulurG5EpRBoewpF26pyLQtpUqwH1T6LqgugHBIU=",
        "workerPubkeyBytes": "3sE4/d+MbOSh9pesKr7b89TSO5gFBuyGUjVa4GldmFU=",
        "proofOfPossessionBytes": "sIupbWI7yiRvXM22F2E5sJFRricflowHFu7yqXnzglaAvYTxInm4MSDNAgeMzHyJ",
        "name": "validator-0",
        "description": "",
        "imageUrl": "",
        "projectUrl": "",
        "netAddress": "/ip4/127.0.0.1/tcp/8000/https",
        "p2pAddress": "/ip4/127.0.0.1/udp/8001/https",
        "primaryAddress": "/ip4/127.0.0.1/udp/8004/https",
        "workerAddress": "/ip4/127.0.0.1/udp/8005/https",
        "nextEpochProtocolPubkeyBytes": null,
        "nextEpochProofOfPossession": null,
        "nextEpochNetworkPubkeyBytes": null,
        "nextEpochWorkerPubkeyBytes": null,
        "nextEpochNetAddress": null,
        "nextEpochP2pAddress": null,
        "nextEpochPrimaryAddress": null,
        "nextEpochWorkerAddress": null,
        "votingPower": "10000",
        "operationCapId": "0x5b3b42466e3ffd7d7754efbe99725f8f6bbd5d42324874a427e3f4963bc7bc6d",
        "gasPrice": "1000",
        "commissionRate": "200",
        "nextEpochStake": "20000000002000000",
        "nextEpochGasPrice": "1000",
        "nextEpochCommissionRate": "200",
        "stakingPoolId": "0x9dd4b586ded7cc4712a61d49be5a1acba395b8cd2d42c17604292867dabdfbd0",
        "stakingPoolActivationEpoch": "0",
        "stakingPoolDeactivationEpoch": null,
        "stakingPoolHaneulBalance": "20000000002000000",
        "rewardsPool": "1960000",
        "poolTokenBalance": "20000000000039999",
        "pendingStake": "0",
        "pendingTotalHaneulWithdraw": "0",
        "pendingPoolTokenWithdraw": "0",
        "exchangeRatesId": "0xa0298128e8ca63ae3ab1edf0971c10c7d7922a27796a8e156d08e9eff6561f7a",
        "exchangeRatesSize": "3"
      }
    ],
    "pendingActiveValidatorsId": "0xa1275d4147ea32f6f680e11f01c649e4ed361d74852a98bfabaf683768e39eee",
    "pendingActiveValidatorsSize": "0",
    "pendingRemovals": [],
    "stakingPoolMappingsId": "0x54089ea8d45e30959f15c1c1261517a07516993b03661e568e5311df13bfe765",
    "stakingPoolMappingsSize": "1",
    "inactivePoolsId": "0x11ffd1d8a686e02297dc5bc6213f2975c67ccdea1bcf6d8eb1ec850e47b78764",
    "inactivePoolsSize": "0",
    "validatorCandidatesId": "0xcbfb2e65b48002dc58313f7afadadb5332c173a4f526f36c3c57e15ec9d91e2e",
    "validatorCandidatesSize": "0",
    "atRiskValidators": [],
    "validatorReportRecords": []
  }
}
