---
source: external-crates/move/crates/move-transactional-test-runner/src/framework.rs
---
processed 23 tasks

init:
A: object(0,0), B: object(0,1)

task 1, lines 7-57:
//# publish
created: object(1,0)
mutated: object(0,2)
gas summary: computation_cost: 1000000, storage_cost: 8215600,  storage_rebate: 0, non_refundable_storage_fee: 0

task 2, lines 59-61:
//# programmable --sender A --inputs 1 @A
//> P::M::new(Input(0));
//> TransferObjects([Result(0)], Input(1))
created: object(2,0)
mutated: object(0,0)
gas summary: computation_cost: 1000000, storage_cost: 2295200,  storage_rebate: 0, non_refundable_storage_fee: 0

task 3, lines 63-65:
//# programmable --sender A --inputs 2 @A
//> P::M::new(Input(0));
//> TransferObjects([Result(0)], Input(1))
created: object(3,0)
mutated: object(0,0)
gas summary: computation_cost: 1000000, storage_cost: 2295200,  storage_rebate: 978120, non_refundable_storage_fee: 9880

task 4, lines 67-69:
//# programmable --sender A --inputs 3 @A
//> P::M::new(Input(0));
//> TransferObjects([Result(0)], Input(1))
created: object(4,0)
mutated: object(0,0)
gas summary: computation_cost: 1000000, storage_cost: 2295200,  storage_rebate: 978120, non_refundable_storage_fee: 9880

task 5, lines 71-74:
//# programmable --sender A --inputs 4 @A
//> P::M::new(Input(0));
//> P::M::wrap(Result(0));
//> TransferObjects([Result(1)], Input(1))
created: object(5,0)
mutated: object(0,0)
gas summary: computation_cost: 1000000, storage_cost: 2546000,  storage_rebate: 978120, non_refundable_storage_fee: 9880

task 6, lines 76-77:
//# programmable --sender A --inputs object(2,0)
//> P::M::inc(Input(0))
mutated: object(0,0), object(2,0)
gas summary: computation_cost: 1000000, storage_cost: 2295200,  storage_rebate: 2272248, non_refundable_storage_fee: 22952

task 7, lines 79-80:
//# programmable --sender A --inputs object(5,0)
//> P::M::incw(Input(0))
mutated: object(0,0), object(5,0)
gas summary: computation_cost: 1000000, storage_cost: 2546000,  storage_rebate: 2520540, non_refundable_storage_fee: 25460

task 8, lines 82-84:
//# programmable --sender A --inputs object(2,0) @A
//> P::M::wrap(Input(0));
//> TransferObjects([Result(0)], Input(1))
created: object(8,0)
mutated: object(0,0)
wrapped: object(2,0)
gas summary: computation_cost: 1000000, storage_cost: 2546000,  storage_rebate: 2272248, non_refundable_storage_fee: 22952

task 9, lines 86-87:
//# programmable --sender A --inputs object(8,0)
//> P::M::incw(Input(0))
mutated: object(0,0), object(8,0)
gas summary: computation_cost: 1000000, storage_cost: 2546000,  storage_rebate: 2520540, non_refundable_storage_fee: 25460

task 10, lines 89-91:
//# programmable --sender A --inputs object(8,0) @A
//> P::M::unwrap(Input(0));
//> TransferObjects([Result(0)], Input(1))
mutated: object(0,0)
unwrapped: object(2,0)
deleted: object(8,0)
gas summary: computation_cost: 1000000, storage_cost: 2295200,  storage_rebate: 2520540, non_refundable_storage_fee: 25460

task 11, lines 93-94:
//# programmable --sender A --inputs object(3,0) object(2,0)
//> P::M::transfer(Input(0), Input(1))
mutated: object(0,0), object(2,0), object(3,0)
gas summary: computation_cost: 1000000, storage_cost: 3602400,  storage_rebate: 3566376, non_refundable_storage_fee: 36024

task 12, lines 96-97:
//# programmable --sender A --inputs receiving(2,0)
//> P::M::drop_receiving(Input(0))
mutated: object(0,0)
gas summary: computation_cost: 1000000, storage_cost: 988000,  storage_rebate: 978120, non_refundable_storage_fee: 9880

task 13, lines 99-101:
//# programmable --sender A --inputs object(4,0) receiving(2,0) @A
//> P::M::receive(Input(0), Input(1));
//> TransferObjects([Result(0)], Input(2))
Error: Transaction Effects Status: Move Runtime Abort. Location: haneul::transfer::receive_impl (function index 15) at offset 0, Abort Code: 3
Execution Error: ExecutionError: ExecutionError { inner: ExecutionErrorInner { kind: MoveAbort(MoveLocation { module: ModuleId { address: haneul, name: Identifier("transfer") }, function: 15, instruction: 0, function_name: Some("receive_impl") }, 3), source: Some(VMError { major_status: ABORTED, sub_status: Some(3), message: None, exec_state: None, location: Module(ModuleId { address: haneul, name: Identifier("transfer") }), indices: [], offsets: [(FunctionDefinitionIndex(15), 0)] }), command: Some(0) } }

task 14, lines 103-105:
//# programmable --sender A --inputs object(3,0) receiving(2,0) @A
//> P::M::receive(Input(0), Input(1));
//> TransferObjects([Result(0)], Input(2))
mutated: object(0,0), object(2,0), object(3,0)
gas summary: computation_cost: 1000000, storage_cost: 3602400,  storage_rebate: 3566376, non_refundable_storage_fee: 36024

task 15, lines 107-108:
//# programmable --sender A --inputs object(2,0)
//> P::M::destroy(Input(0))
mutated: object(0,0)
deleted: object(2,0)
gas summary: computation_cost: 1000000, storage_cost: 988000,  storage_rebate: 2272248, non_refundable_storage_fee: 22952

task 16, lines 110-111:
//# programmable --sender A --inputs object(3,0)
//> P::M::destroy(Input(0))
mutated: object(0,0)
deleted: object(3,0)
gas summary: computation_cost: 1000000, storage_cost: 988000,  storage_rebate: 2272248, non_refundable_storage_fee: 22952

task 17, lines 113-114:
//# programmable --sender A --inputs object(4,0)
//> P::M::destroy(Input(0))
mutated: object(0,0)
deleted: object(4,0)
gas summary: computation_cost: 1000000, storage_cost: 988000,  storage_rebate: 2272248, non_refundable_storage_fee: 22952

task 18, lines 116-118:
//# programmable --sender A --inputs object(5,0) @A
//> P::M::unwrap(Input(0));
//> TransferObjects([Result(0)], Input(1))
mutated: object(0,0)
unwrapped: object(18,0)
deleted: object(5,0)
gas summary: computation_cost: 1000000, storage_cost: 2295200,  storage_rebate: 2520540, non_refundable_storage_fee: 25460

task 19, lines 120-122:
//# programmable --sender A --inputs object(18,0) @A
//> P::M::wrap(Input(0));
//> TransferObjects([Result(0)], Input(1))
created: object(19,0)
mutated: object(0,0)
wrapped: object(18,0)
gas summary: computation_cost: 1000000, storage_cost: 2546000,  storage_rebate: 2272248, non_refundable_storage_fee: 22952

task 20, lines 124-126:
//# programmable --sender A --inputs object(19,0)
//> P::M::unwrap(Input(0));
//> P::M::destroy(Result(0))
mutated: object(0,0)
deleted: object(19,0)
unwrapped_then_deleted: object(18,0)
gas summary: computation_cost: 1000000, storage_cost: 988000,  storage_rebate: 2520540, non_refundable_storage_fee: 25460

task 21, line 128:
//# create-checkpoint
Checkpoint created: 1

task 22, lines 130-146:
//# run-graphql
Response: {
  "data": {
    "all": {
      "nodes": [
        {
          "digest": "FnUTjLzsuxk5c9WtUtNkSHkoQYrvJzXJph2ctBJqS858"
        },
        {
          "digest": "32r7P9bvriNTvaMw1H9TCUgHG55oqXetDM2rzVpsE43Q"
        },
        {
          "digest": "6FrKVtt7qJ9xvFd6NKVQHMeMh3zRLXZkZYAVQ7D3dYch"
        },
        {
          "digest": "2AohMPjqtWPbTemPNwimdq2Eaej3BRp9mRxJPLCuZoTL"
        },
        {
          "digest": "7yEaMRGByguPDyTmuCkY1dHRiK77KcfapEQbC8fzTAWp"
        },
        {
          "digest": "9NL2U9AmUWVSwDAEngs4yqMF1pHbu25D93Hk7bKMX9Vs"
        },
        {
          "digest": "HmT8etm2xFyKXTXHURDpT439sxxFsyBQoWmFofQ4Cbo1"
        },
        {
          "digest": "GGNwBVszCxsRvQMW5zDnxgKHswAL7TpTQgLd35gX17kJ"
        },
        {
          "digest": "93FKtQ1Dee4pm6V364qsddSRehX5UoDfupQ7dUgTDTdA"
        },
        {
          "digest": "FDEB6iytFtxK9YNE3gcnPR2PTBz6dLk6G4HL4UjdimyZ"
        },
        {
          "digest": "E7ohkYxGatRXiAd9eBYdTFLNznTHCz8J3gwWmzAZ2tnk"
        },
        {
          "digest": "13XDDS7WmBU4hxXLtxFjWA9KZhyEJRUN3rCTGAaivDzv"
        },
        {
          "digest": "6XpcELm5MBgPNDpUSM3oL9ciDHrjomqaCCnMc7PS2Mry"
        },
        {
          "digest": "6cuwaqec8MEFWpmLborpXMv94gtJQGLmrKKveoL3xjEN"
        },
        {
          "digest": "J6JnTxLP27QjzSvVFbyWRkkSCYtrseHwsdA9pqMLvH21"
        },
        {
          "digest": "8BxMbMKgeyEs7wSXsmied5zh6mqcvxpjhorWymDLJEr3"
        },
        {
          "digest": "2qnWg1qKpUYVR2tTZSxTzh34Cswq3tkE6hj1xiRmgg5j"
        },
        {
          "digest": "CAwWCFFNReoajUbtnvt5bCDtyLsBHjg4bMbew7bthxeB"
        },
        {
          "digest": "6NP6gprqzmvMQaEGtkatE29wRNsk6Fi5DA4Ak4TkJtQu"
        },
        {
          "digest": "HDoMvsevZ7oxqwDuA629Z2DCfn12YBUW2AEtXFTSQzaX"
        }
      ]
    },
    "affect2": {
      "nodes": [
        {
          "digest": "6FrKVtt7qJ9xvFd6NKVQHMeMh3zRLXZkZYAVQ7D3dYch"
        },
        {
          "digest": "HmT8etm2xFyKXTXHURDpT439sxxFsyBQoWmFofQ4Cbo1"
        },
        {
          "digest": "93FKtQ1Dee4pm6V364qsddSRehX5UoDfupQ7dUgTDTdA"
        },
        {
          "digest": "E7ohkYxGatRXiAd9eBYdTFLNznTHCz8J3gwWmzAZ2tnk"
        },
        {
          "digest": "13XDDS7WmBU4hxXLtxFjWA9KZhyEJRUN3rCTGAaivDzv"
        },
        {
          "digest": "J6JnTxLP27QjzSvVFbyWRkkSCYtrseHwsdA9pqMLvH21"
        },
        {
          "digest": "8BxMbMKgeyEs7wSXsmied5zh6mqcvxpjhorWymDLJEr3"
        }
      ]
    },
    "affect3": {
      "nodes": [
        {
          "digest": "2AohMPjqtWPbTemPNwimdq2Eaej3BRp9mRxJPLCuZoTL"
        },
        {
          "digest": "13XDDS7WmBU4hxXLtxFjWA9KZhyEJRUN3rCTGAaivDzv"
        },
        {
          "digest": "J6JnTxLP27QjzSvVFbyWRkkSCYtrseHwsdA9pqMLvH21"
        },
        {
          "digest": "2qnWg1qKpUYVR2tTZSxTzh34Cswq3tkE6hj1xiRmgg5j"
        }
      ]
    },
    "affect4": {
      "nodes": [
        {
          "digest": "7yEaMRGByguPDyTmuCkY1dHRiK77KcfapEQbC8fzTAWp"
        },
        {
          "digest": "6cuwaqec8MEFWpmLborpXMv94gtJQGLmrKKveoL3xjEN"
        },
        {
          "digest": "CAwWCFFNReoajUbtnvt5bCDtyLsBHjg4bMbew7bthxeB"
        }
      ]
    },
    "affect5": {
      "nodes": [
        {
          "digest": "9NL2U9AmUWVSwDAEngs4yqMF1pHbu25D93Hk7bKMX9Vs"
        },
        {
          "digest": "6NP6gprqzmvMQaEGtkatE29wRNsk6Fi5DA4Ak4TkJtQu"
        },
        {
          "digest": "HDoMvsevZ7oxqwDuA629Z2DCfn12YBUW2AEtXFTSQzaX"
        },
        {
          "digest": "BncuijeoqZQUuSKCfRTeQLJQTeaMJrZuvaPXCpttRUk5"
        }
      ]
    },
    "senderB_empty": {
      "nodes": []
    }
  }
}
