---
source: external-crates/move/crates/move-transactional-test-runner/src/framework.rs
---
processed 7 tasks

init:
A: object(0,0), B: object(0,1)

task 1, lines 7-20:
//# publish
created: object(1,0)
mutated: object(0,2)
gas summary: computation_cost: 1000000, storage_cost: 5183200,  storage_rebate: 0, non_refundable_storage_fee: 0

task 2, line 22:
//# create-checkpoint
Checkpoint created: 1

task 3, line 24:
//# run Test::M1::create --args 0 @A --sender A
created: object(3,0)
mutated: object(0,0)
gas summary: computation_cost: 1000000, storage_cost: 2302800,  storage_rebate: 0, non_refundable_storage_fee: 0

task 4, line 26:
//# run Test::M1::create --args 1 @B --sender A
created: object(4,0)
mutated: object(0,0)
gas summary: computation_cost: 1000000, storage_cost: 2302800,  storage_rebate: 978120, non_refundable_storage_fee: 9880

task 5, line 28:
//# create-checkpoint
Checkpoint created: 2

task 6, lines 30-59:
//# run-graphql
Response: {
  "data": {
    "programmable": {
      "pageInfo": {
        "startCursor": "KAE6BAgAEAE=",
        "endCursor": "KAE6BAgAEAQ=",
        "hasPreviousPage": false,
        "hasNextPage": false
      },
      "edges": [
        {
          "cursor": "KAE6BAgAEAE=",
          "node": {
            "digest": "37p7g6qXznmpenb9RwEhG6QQSzneRioA81B4vWFkn9Hc",
            "kind": {
              "__typename": "ProgrammableTransaction"
            },
            "effects": {
              "checkpoint": {
                "sequenceNumber": 1,
                "digest": "5KzdWcisgaMG8mdxy7QuTuF6MALBJnNs3ucFETuKzsYX"
              }
            }
          }
        },
        {
          "cursor": "KAE6BAgAEAM=",
          "node": {
            "digest": "7coC1D1s3aSoY8iojosFAvyTgAe1578VDf6FDSAKphF8",
            "kind": {
              "__typename": "ProgrammableTransaction"
            },
            "effects": {
              "checkpoint": {
                "sequenceNumber": 2,
                "digest": "BLQj5xuNeTz9yeCtfi89i6VYURiR6y9i6Gxx4aLgdWi"
              }
            }
          }
        },
        {
          "cursor": "KAE6BAgAEAQ=",
          "node": {
            "digest": "73pLQ1K11gAk3cAUNAwcBe93pPAc6U7wKE9mv95xLtrt",
            "kind": {
              "__typename": "ProgrammableTransaction"
            },
            "effects": {
              "checkpoint": {
                "sequenceNumber": 2,
                "digest": "BLQj5xuNeTz9yeCtfi89i6VYURiR6y9i6Gxx4aLgdWi"
              }
            }
          }
        }
      ]
    },
    "programmableA": {
      "pageInfo": {
        "startCursor": "KAE6BAgAEAM=",
        "endCursor": "KAE6BAgAEAQ=",
        "hasPreviousPage": false,
        "hasNextPage": false
      },
      "edges": [
        {
          "cursor": "KAE6BAgAEAM=",
          "node": {
            "digest": "7coC1D1s3aSoY8iojosFAvyTgAe1578VDf6FDSAKphF8",
            "kind": {
              "__typename": "ProgrammableTransaction"
            },
            "effects": {
              "checkpoint": {
                "sequenceNumber": 2,
                "digest": "BLQj5xuNeTz9yeCtfi89i6VYURiR6y9i6Gxx4aLgdWi"
              }
            }
          }
        },
        {
          "cursor": "KAE6BAgAEAQ=",
          "node": {
            "digest": "73pLQ1K11gAk3cAUNAwcBe93pPAc6U7wKE9mv95xLtrt",
            "kind": {
              "__typename": "ProgrammableTransaction"
            },
            "effects": {
              "checkpoint": {
                "sequenceNumber": 2,
                "digest": "BLQj5xuNeTz9yeCtfi89i6VYURiR6y9i6Gxx4aLgdWi"
              }
            }
          }
        }
      ]
    },
    "programmableB_empty": {
      "pageInfo": {
        "startCursor": null,
        "endCursor": null,
        "hasPreviousPage": false,
        "hasNextPage": false
      },
      "edges": []
    },
    "system": {
      "pageInfo": {
        "startCursor": "KAE6BAgAEAA=",
        "endCursor": "KAE6BAgAEAU=",
        "hasPreviousPage": false,
        "hasNextPage": false
      },
      "edges": [
        {
          "cursor": "KAE6BAgAEAA=",
          "node": {
            "digest": "FnUTjLzsuxk5c9WtUtNkSHkoQYrvJzXJph2ctBJqS858",
            "kind": {
              "__typename": "GenesisTransaction"
            },
            "effects": {
              "checkpoint": {
                "sequenceNumber": 0,
                "digest": "m1kZJoqzjC3hELmJe9aTWUq3xMLswrsY2vQd5zusDcZ"
              }
            }
          }
        },
        {
          "cursor": "KAE6BAgAEAI=",
          "node": {
            "digest": "FnRLaJFCiQDLmx8HEJsaNfLAnGX1TULDnuLWBhDrLACm",
            "kind": {
              "__typename": "ProgrammableSystemTransaction"
            },
            "effects": {
              "checkpoint": {
                "sequenceNumber": 1,
                "digest": "5KzdWcisgaMG8mdxy7QuTuF6MALBJnNs3ucFETuKzsYX"
              }
            }
          }
        },
        {
          "cursor": "KAE6BAgAEAU=",
          "node": {
            "digest": "2iEZQGAgJYgzmcNC2eLrbNejeTJHJxY4Xy4yKj7R3D8g",
            "kind": {
              "__typename": "ProgrammableSystemTransaction"
            },
            "effects": {
              "checkpoint": {
                "sequenceNumber": 2,
                "digest": "BLQj5xuNeTz9yeCtfi89i6VYURiR6y9i6Gxx4aLgdWi"
              }
            }
          }
        }
      ]
    },
    "systemA_empty": {
      "pageInfo": {
        "startCursor": null,
        "endCursor": null,
        "hasPreviousPage": false,
        "hasNextPage": false
      },
      "edges": []
    }
  }
}
