---
source: external-crates/move/crates/move-transactional-test-runner/src/framework.rs
---
processed 22 tasks

init:
A: object(0,0), B: object(0,1)

task 1, lines 11-74:
//# publish --sender A
created: object(1,0), object(1,1), object(1,2), object(1,3), object(1,4), object(1,5)
mutated: object(0,0)
unchanged_shared: 0x0000000000000000000000000000000000000000000000000000000000000403
gas summary: computation_cost: 1000000, storage_cost: 22002000,  storage_rebate: 0, non_refundable_storage_fee: 0

task 2, lines 75-77:
//# run haneul::pay::split_and_transfer --args object(1,5) 1 @B --type-args test::regulated_coin::REGULATED_COIN --sender A
created: object(2,0)
mutated: object(0,0), object(1,5)
unchanged_shared: 0x0000000000000000000000000000000000000000000000000000000000000403
gas summary: computation_cost: 1000000, storage_cost: 3936800,  storage_rebate: 2437776, non_refundable_storage_fee: 24624

task 3, lines 78-80:
//# run test::regulated_coin::partial_wrap --args object(1,5) --sender A
created: object(3,0)
mutated: object(0,0), object(1,5)
unchanged_shared: 0x0000000000000000000000000000000000000000000000000000000000000403
gas summary: computation_cost: 1000000, storage_cost: 4119200,  storage_rebate: 2437776, non_refundable_storage_fee: 24624

task 4, lines 81-83:
//# run test::regulated_coin::partial_wrap --args object(1,5) --sender A
created: object(4,0)
mutated: object(0,0), object(1,5)
unchanged_shared: 0x0000000000000000000000000000000000000000000000000000000000000403
gas summary: computation_cost: 1000000, storage_cost: 4119200,  storage_rebate: 2437776, non_refundable_storage_fee: 24624

task 5, lines 84-86:
//# run haneul::coin::deny_list_v2_enable_global_pause --args object(0x403) object(1,3) --type-args test::regulated_coin::REGULATED_COIN --sender A
events: Event { package_id: haneul, transaction_module: Identifier("coin"), sender: A, type_: StructTag { address: haneul, module: Identifier("deny_list"), name: Identifier("PerTypeConfigCreated"), type_params: [] }, contents: [0, 0, 0, 0, 0, 0, 0, 0, 96, 98, 98, 100, 99, 51, 54, 97, 48, 100, 52, 99, 48, 50, 57, 99, 51, 51, 56, 102, 99, 98, 54, 57, 57, 100, 54, 100, 54, 50, 54, 51, 98, 100, 98, 99, 56, 49, 57, 51, 53, 97, 99, 50, 57, 101, 101, 49, 53, 50, 51, 50, 53, 49, 101, 101, 99, 53, 53, 101, 55, 98, 98, 52, 53, 58, 58, 114, 101, 103, 117, 108, 97, 116, 101, 100, 95, 99, 111, 105, 110, 58, 58, 82, 69, 71, 85, 76, 65, 84, 69, 68, 95, 67, 79, 73, 78, 113, 36, 172, 137, 187, 175, 70, 12, 115, 226, 10, 34, 148, 162, 79, 174, 209, 64, 179, 212, 21, 140, 209, 239, 233, 217, 124, 247, 176, 196, 194, 73] }
created: object(5,0), object(5,1), object(5,2)
mutated: 0x0000000000000000000000000000000000000000000000000000000000000403, object(0,0), object(1,3)
gas summary: computation_cost: 1000000, storage_cost: 11985200,  storage_rebate: 2746260, non_refundable_storage_fee: 27740

task 6, lines 87-89:
//# run test::regulated_coin::assert_global_pause_status --args immshared(0x403) true --sender A
mutated: object(0,0)
unchanged_shared: 0x0000000000000000000000000000000000000000000000000000000000000403
gas summary: computation_cost: 1000000, storage_cost: 988000,  storage_rebate: 978120, non_refundable_storage_fee: 9880

task 7, lines 90-92:
//# run haneul::pay::split_and_transfer --args object(1,5) 1 @B --type-args test::regulated_coin::REGULATED_COIN --sender A
Error: Error checking transaction input objects: Coin type is globally paused for use: object(1,0)::regulated_coin::REGULATED_COIN

task 8, lines 93-95:
//# transfer-object 2,0 --sender B --recipient A
Error: Error checking transaction input objects: Coin type is globally paused for use: object(1,0)::regulated_coin::REGULATED_COIN

task 9, lines 96-99:
//# run haneul::pay::split_and_transfer --args object(2,0) 1 @A --type-args test::regulated_coin::REGULATED_COIN --sender B
Error: Error checking transaction input objects: Coin type is globally paused for use: object(1,0)::regulated_coin::REGULATED_COIN

task 10, line 100:
//# run test::regulated_coin::unwrap --args object(3,0) --sender A
mutated: object(0,0)
unwrapped: object(10,0)
deleted: object(3,0)
unchanged_shared: 0x0000000000000000000000000000000000000000000000000000000000000403
gas summary: computation_cost: 1000000, storage_cost: 2462400,  storage_rebate: 2618352, non_refundable_storage_fee: 26448

task 11, lines 102-105:
//# advance-epoch
Epoch advanced: 1

task 12, lines 106-108:
//# run test::regulated_coin::unwrap --args object(4,0) --sender A
Error: Transaction Effects Status: Coin type is globally paused for use: test::regulated_coin::REGULATED_COIN
Execution Error: ExecutionError: ExecutionError { inner: ExecutionErrorInner { kind: CoinTypeGlobalPause { coin_type: "test::regulated_coin::REGULATED_COIN" }, source: None, command: None } }

task 13, lines 109-111:
//# run haneul::pay::split_and_transfer --args object(1,5) 1 @B --type-args test::regulated_coin::REGULATED_COIN --sender A
Error: Error checking transaction input objects: Coin type is globally paused for use: object(1,0)::regulated_coin::REGULATED_COIN

task 14, lines 112-114:
//# run test::regulated_coin::assert_global_pause_status --args immshared(0x403) true --sender A
mutated: object(0,0)
unchanged_shared: 0x0000000000000000000000000000000000000000000000000000000000000403
gas summary: computation_cost: 1000000, storage_cost: 988000,  storage_rebate: 978120, non_refundable_storage_fee: 9880

task 15, lines 115-117:
//# run haneul::coin::deny_list_v2_disable_global_pause --args object(0x403) object(1,3) --type-args test::regulated_coin::REGULATED_COIN --sender A
mutated: 0x0000000000000000000000000000000000000000000000000000000000000403, object(0,0), object(1,3), object(5,1)
gas summary: computation_cost: 1000000, storage_cost: 6657600,  storage_rebate: 6591024, non_refundable_storage_fee: 66576

task 16, lines 118-120:
//# run test::regulated_coin::assert_global_pause_status --args immshared(0x403) false --sender A
mutated: object(0,0)
unchanged_shared: 0x0000000000000000000000000000000000000000000000000000000000000403
gas summary: computation_cost: 1000000, storage_cost: 988000,  storage_rebate: 978120, non_refundable_storage_fee: 9880

task 17, lines 121-123:
//# run haneul::pay::split_and_transfer --args object(1,5) 1 @B --type-args test::regulated_coin::REGULATED_COIN --sender A
Error: Transaction Effects Status: Coin type is globally paused for use: test::regulated_coin::REGULATED_COIN
Execution Error: ExecutionError: ExecutionError { inner: ExecutionErrorInner { kind: CoinTypeGlobalPause { coin_type: "test::regulated_coin::REGULATED_COIN" }, source: None, command: None } }

task 18, lines 124-127:
//# run test::regulated_coin::full_wrap --args object(1,5) --sender A
created: object(18,0)
mutated: object(0,0)
wrapped: object(1,5)
gas summary: computation_cost: 1000000, storage_cost: 2644800,  storage_rebate: 2437776, non_refundable_storage_fee: 24624

task 19, line 128:
//# run test::regulated_coin::unwrap --args object(18,0) --sender A
Error: Transaction Effects Status: Coin type is globally paused for use: test::regulated_coin::REGULATED_COIN
Execution Error: ExecutionError: ExecutionError { inner: ExecutionErrorInner { kind: CoinTypeGlobalPause { coin_type: "test::regulated_coin::REGULATED_COIN" }, source: None, command: None } }

task 20, lines 130-132:
//# advance-epoch
Epoch advanced: 2

task 21, line 133:
//# run test::regulated_coin::unwrap --args object(18,0) --sender A
mutated: object(0,0)
unwrapped: object(1,5)
deleted: object(18,0)
unchanged_shared: 0x0000000000000000000000000000000000000000000000000000000000000403
gas summary: computation_cost: 1000000, storage_cost: 2462400,  storage_rebate: 2618352, non_refundable_storage_fee: 26448
