---
source: external-crates/move/crates/move-transactional-test-runner/src/framework.rs
---
processed 11 tasks

init:
A: object(0,0)

task 1, lines 7-9:
//# programmable --sender A --inputs 42 @A
//> 0: SplitCoins(Gas, [Input(0)]);
//> 1: TransferObjects([Result(0)], Input(1))
created: object(1,0)
mutated: object(0,0)
gas summary: computation_cost: 1000000, storage_cost: 1976000,  storage_rebate: 0, non_refundable_storage_fee: 0

task 2, line 11:
//# create-checkpoint
Checkpoint created: 1

task 3, lines 13-15:
//# programmable --sender A --inputs object(1,0) 1
//> 0: SplitCoins(Input(0), [Input(1)]);
//> 1: MergeCoins(Gas, [Result(0)])
mutated: object(0,0), object(1,0)
gas summary: computation_cost: 1000000, storage_cost: 1976000,  storage_rebate: 1956240, non_refundable_storage_fee: 19760

task 4, lines 17-19:
//# programmable --sender A --inputs object(1,0) 2
//> 0: SplitCoins(Input(0), [Input(1)]);
//> 1: MergeCoins(Gas, [Result(0)])
mutated: object(0,0), object(1,0)
gas summary: computation_cost: 1000000, storage_cost: 1976000,  storage_rebate: 1956240, non_refundable_storage_fee: 19760

task 5, line 21:
//# create-checkpoint
Checkpoint created: 2

task 7, line 25:
//# create-checkpoint
Checkpoint created: 3

task 8, lines 28-42:
//# run-graphql
Response: {
  "data": {
    "c0": {
      "sequenceNumber": 0,
      "digest": "3y1VCjdmikgugkHRmwgt9NdfknG12ciDT5SVCTC3KpdN",
      "summaryBcs": "AAAAAAAAAAAAAAAAAAAAAAEAAAAAAAAAIEwcypLsCuKWSKJGrpURglZr2PFgFISmd1AtJt5fWP96AAAAAAAAAAAAAAAAAAAAAAAAAAAAAAAAAAAAAAAAAAAAAAAAAAAAAAAAAAIAAA==",
      "contentBcs": "AAEgQCpCDV40h442LNNPVpQKQd+Lma6e4KWPeaHwsnNfJjsgliotakpgIxXmxuPMHBv4QcsFBgKPRMm9uiBwSoUZzj0BAA=="
    },
    "c1": {
      "sequenceNumber": 1,
      "digest": "FCXVrG9SCXTfTAJ6Tkdf1LGqd7VpdNRBjR1YsR3GmVFd",
      "summaryBcs": "AAAAAAAAAAABAAAAAAAAAAMAAAAAAAAAIFtUI/b6M2uZt2FcFRVMX3WyP8CJ/fzCdIHjtnM91nHCASAsEHLvL8AsBu+1Xg/X7KcwvvlU7SPd+2Ax+IvPUyCsqUBCDwAAAAAAwCYeAAAAAAAAAAAAAAAAAAAAAAAAAAAAAAAAAAAAAAAAAAIAAA==",
      "contentBcs": "AAIgn/PaSxbF7YRZxTF0lEu90nd/hXY91PjbA/S4WmiSRQkgdVkgIV6SQnNHA7436ZH4iPX65OGg5zvxz9KjdozHwcsg26ZFmIY1+ItaK/yZcIuPq1kS4nPsjGOswYWCsw+7U3YgJzu1BTTAitq2V+4gBSBSJoS8FPJAr8sngLpHb3q7iGcCAWEA/kzTiKZWRy8NELdKRvLKhxbZFpjXk7IkpmizN+Lxxs+P3nfuQyb2/pjYq3sDkMUrW31K4ZmoOFJR0bmNsjOdDH9RRjrrdtiNybdeY3JQsiDEnPW3ln2/F8H5+nxZSgkoAWEAAAAAAAAAAAAAAAAAAAAAAAAAAAAAAAAAAAAAAAAAAAAAAAAAAAAAAAAAAAAAAAAAAAAAAAAAAAAAAAAAAAAAAAAAAAAAAAAAAAAAAAAAAAAAAAAAAAAAAAAAAAAAAAAA"
    },
    "c2": {
      "sequenceNumber": 2,
      "digest": "BiaM7DwuA13CEfpyZV7E1tdJS7ZQCfC6sTQGRq398iM5",
      "summaryBcs": "AAAAAAAAAAACAAAAAAAAAAYAAAAAAAAAIAWNDElxAFRo7j9bqYaCnKUtew+mO7qOw+buVAjcs4p6ASDS931IwUxCAQWiSc4TLazJRqI7V7GrvG8BsHIGXPEzUMDGLQAAAAAAQHRaAAAAAAAgszsAAAAAAGCaAAAAAAAAAAAAAAAAAAAAAAIAAA==",
      "contentBcs": "AAMgTAAmmRBJ6VOH0FDXTTX0acMiv1cyDTsSeqgFASyTiGggWUZM9HRHqHpV1v5EfTMUNS7MnVWpGZij4bU3GT90qHkgak30op4JmasjbnmprLepAaUcgDWTtsjG9R0dYd2qJ78guVCA46KiQRn9b8WDzAI8GpCVYvzohNEd3qoQaKqdoQ4gGWvUteNLenuHBWA0nc4YrE+7QMmE0Xv1gdjFziRLWH0g/F5wN885UHDBiSuHGDPLYGaqW5aKECyJmtfO1dKPoUQDAWEAVn0y+bWLm3PpZl84IjbRT6G43p/Sz79PVTwnkNXCSS1Vat8QUxRNs3elzkpSrlULyZqRZRp8WWs6K2DADqbbC39RRjrrdtiNybdeY3JQsiDEnPW3ln2/F8H5+nxZSgkoAWEAPJGoX7a3TFtrapnsCHJYxUYpxeVyiX2CxTAviUupOvgcogTXcbqFVf2LwKYy5xPCj992huGVCyzb9ilNsfwOC39RRjrrdtiNybdeY3JQsiDEnPW3ln2/F8H5+nxZSgkoAWEAAAAAAAAAAAAAAAAAAAAAAAAAAAAAAAAAAAAAAAAAAAAAAAAAAAAAAAAAAAAAAAAAAAAAAAAAAAAAAAAAAAAAAAAAAAAAAAAAAAAAAAAAAAAAAAAAAAAAAAAAAAAAAAAA"
    },
    "c3": {
      "sequenceNumber": 3,
      "digest": "2mA5g2tJuWQHpmJHgMUttufvHESRzi8HszbgJfUXF36C",
      "summaryBcs": "AAAAAAAAAAADAAAAAAAAAAgAAAAAAAAAIFY8yX/tSxb7Ksthw+Fj4vsWPJ7v3QZNqMr7t4oZtMMGASCfO2M8pKexa/26MlDW1Iz5HSClZylhF10cx4teq9n/KMDGLQAAAAAAQHRaAAAAAAAgszsAAAAAAGCaAAAAAAAAQQEAAAAAAAAAAAIAAA==",
      "contentBcs": "AAIgD3ACDl8vpFB3ECpvuesWXiAaqYtvv+lttTo/309jYxAg9lUsgvYplW1Rg9S7FCpaOQ5n9VVf3GCFntoUuttt/Wgg7IbZHGI6bUWXUCbHA4skRGJlmeJPKWbrI/0J+ippfHsgS+e7yosfINl2DwV1+ZXyWtftZGOXjg4jtJnQc0YUyM4CAWEAAAAAAAAAAAAAAAAAAAAAAAAAAAAAAAAAAAAAAAAAAAAAAAAAAAAAAAAAAAAAAAAAAAAAAAAAAAAAAAAAAAAAAAAAAAAAAAAAAAAAAAAAAAAAAAAAAAAAAAAAAAAAAAAAAWEAAAAAAAAAAAAAAAAAAAAAAAAAAAAAAAAAAAAAAAAAAAAAAAAAAAAAAAAAAAAAAAAAAAAAAAAAAAAAAAAAAAAAAAAAAAAAAAAAAAAAAAAAAAAAAAAAAAAAAAAAAAAAAAAA"
    },
    "multiGetCheckpoints": [
      {
        "sequenceNumber": 0,
        "digest": "3y1VCjdmikgugkHRmwgt9NdfknG12ciDT5SVCTC3KpdN",
        "summaryBcs": "AAAAAAAAAAAAAAAAAAAAAAEAAAAAAAAAIEwcypLsCuKWSKJGrpURglZr2PFgFISmd1AtJt5fWP96AAAAAAAAAAAAAAAAAAAAAAAAAAAAAAAAAAAAAAAAAAAAAAAAAAAAAAAAAAIAAA==",
        "contentBcs": "AAEgQCpCDV40h442LNNPVpQKQd+Lma6e4KWPeaHwsnNfJjsgliotakpgIxXmxuPMHBv4QcsFBgKPRMm9uiBwSoUZzj0BAA=="
      },
      {
        "sequenceNumber": 1,
        "digest": "FCXVrG9SCXTfTAJ6Tkdf1LGqd7VpdNRBjR1YsR3GmVFd",
        "summaryBcs": "AAAAAAAAAAABAAAAAAAAAAMAAAAAAAAAIFtUI/b6M2uZt2FcFRVMX3WyP8CJ/fzCdIHjtnM91nHCASAsEHLvL8AsBu+1Xg/X7KcwvvlU7SPd+2Ax+IvPUyCsqUBCDwAAAAAAwCYeAAAAAAAAAAAAAAAAAAAAAAAAAAAAAAAAAAAAAAAAAAIAAA==",
        "contentBcs": "AAIgn/PaSxbF7YRZxTF0lEu90nd/hXY91PjbA/S4WmiSRQkgdVkgIV6SQnNHA7436ZH4iPX65OGg5zvxz9KjdozHwcsg26ZFmIY1+ItaK/yZcIuPq1kS4nPsjGOswYWCsw+7U3YgJzu1BTTAitq2V+4gBSBSJoS8FPJAr8sngLpHb3q7iGcCAWEA/kzTiKZWRy8NELdKRvLKhxbZFpjXk7IkpmizN+Lxxs+P3nfuQyb2/pjYq3sDkMUrW31K4ZmoOFJR0bmNsjOdDH9RRjrrdtiNybdeY3JQsiDEnPW3ln2/F8H5+nxZSgkoAWEAAAAAAAAAAAAAAAAAAAAAAAAAAAAAAAAAAAAAAAAAAAAAAAAAAAAAAAAAAAAAAAAAAAAAAAAAAAAAAAAAAAAAAAAAAAAAAAAAAAAAAAAAAAAAAAAAAAAAAAAAAAAAAAAA"
      },
      {
        "sequenceNumber": 2,
        "digest": "BiaM7DwuA13CEfpyZV7E1tdJS7ZQCfC6sTQGRq398iM5",
        "summaryBcs": "AAAAAAAAAAACAAAAAAAAAAYAAAAAAAAAIAWNDElxAFRo7j9bqYaCnKUtew+mO7qOw+buVAjcs4p6ASDS931IwUxCAQWiSc4TLazJRqI7V7GrvG8BsHIGXPEzUMDGLQAAAAAAQHRaAAAAAAAgszsAAAAAAGCaAAAAAAAAAAAAAAAAAAAAAAIAAA==",
        "contentBcs": "AAMgTAAmmRBJ6VOH0FDXTTX0acMiv1cyDTsSeqgFASyTiGggWUZM9HRHqHpV1v5EfTMUNS7MnVWpGZij4bU3GT90qHkgak30op4JmasjbnmprLepAaUcgDWTtsjG9R0dYd2qJ78guVCA46KiQRn9b8WDzAI8GpCVYvzohNEd3qoQaKqdoQ4gGWvUteNLenuHBWA0nc4YrE+7QMmE0Xv1gdjFziRLWH0g/F5wN885UHDBiSuHGDPLYGaqW5aKECyJmtfO1dKPoUQDAWEAVn0y+bWLm3PpZl84IjbRT6G43p/Sz79PVTwnkNXCSS1Vat8QUxRNs3elzkpSrlULyZqRZRp8WWs6K2DADqbbC39RRjrrdtiNybdeY3JQsiDEnPW3ln2/F8H5+nxZSgkoAWEAPJGoX7a3TFtrapnsCHJYxUYpxeVyiX2CxTAviUupOvgcogTXcbqFVf2LwKYy5xPCj992huGVCyzb9ilNsfwOC39RRjrrdtiNybdeY3JQsiDEnPW3ln2/F8H5+nxZSgkoAWEAAAAAAAAAAAAAAAAAAAAAAAAAAAAAAAAAAAAAAAAAAAAAAAAAAAAAAAAAAAAAAAAAAAAAAAAAAAAAAAAAAAAAAAAAAAAAAAAAAAAAAAAAAAAAAAAAAAAAAAAAAAAAAAAA"
      },
      {
        "sequenceNumber": 3,
        "digest": "2mA5g2tJuWQHpmJHgMUttufvHESRzi8HszbgJfUXF36C",
        "summaryBcs": "AAAAAAAAAAADAAAAAAAAAAgAAAAAAAAAIFY8yX/tSxb7Ksthw+Fj4vsWPJ7v3QZNqMr7t4oZtMMGASCfO2M8pKexa/26MlDW1Iz5HSClZylhF10cx4teq9n/KMDGLQAAAAAAQHRaAAAAAAAgszsAAAAAAGCaAAAAAAAAQQEAAAAAAAAAAAIAAA==",
        "contentBcs": "AAIgD3ACDl8vpFB3ECpvuesWXiAaqYtvv+lttTo/309jYxAg9lUsgvYplW1Rg9S7FCpaOQ5n9VVf3GCFntoUuttt/Wgg7IbZHGI6bUWXUCbHA4skRGJlmeJPKWbrI/0J+ippfHsgS+e7yosfINl2DwV1+ZXyWtftZGOXjg4jtJnQc0YUyM4CAWEAAAAAAAAAAAAAAAAAAAAAAAAAAAAAAAAAAAAAAAAAAAAAAAAAAAAAAAAAAAAAAAAAAAAAAAAAAAAAAAAAAAAAAAAAAAAAAAAAAAAAAAAAAAAAAAAAAAAAAAAAAAAAAAAAAWEAAAAAAAAAAAAAAAAAAAAAAAAAAAAAAAAAAAAAAAAAAAAAAAAAAAAAAAAAAAAAAAAAAAAAAAAAAAAAAAAAAAAAAAAAAAAAAAAAAAAAAAAAAAAAAAAAAAAAAAAAAAAAAAAA"
      }
    ]
  }
}

task 9, lines 44-52:
//# run-graphql
Response: {
  "data": {
    "checkpoint": null
  }
}

task 10, lines 54-62:
//# run-graphql
Response: {
  "data": {
    "multiGetCheckpoints": [
      {
        "sequenceNumber": 2,
        "digest": "BiaM7DwuA13CEfpyZV7E1tdJS7ZQCfC6sTQGRq398iM5",
        "summaryBcs": "AAAAAAAAAAACAAAAAAAAAAYAAAAAAAAAIAWNDElxAFRo7j9bqYaCnKUtew+mO7qOw+buVAjcs4p6ASDS931IwUxCAQWiSc4TLazJRqI7V7GrvG8BsHIGXPEzUMDGLQAAAAAAQHRaAAAAAAAgszsAAAAAAGCaAAAAAAAAAAAAAAAAAAAAAAIAAA==",
        "contentBcs": "AAMgTAAmmRBJ6VOH0FDXTTX0acMiv1cyDTsSeqgFASyTiGggWUZM9HRHqHpV1v5EfTMUNS7MnVWpGZij4bU3GT90qHkgak30op4JmasjbnmprLepAaUcgDWTtsjG9R0dYd2qJ78guVCA46KiQRn9b8WDzAI8GpCVYvzohNEd3qoQaKqdoQ4gGWvUteNLenuHBWA0nc4YrE+7QMmE0Xv1gdjFziRLWH0g/F5wN885UHDBiSuHGDPLYGaqW5aKECyJmtfO1dKPoUQDAWEAVn0y+bWLm3PpZl84IjbRT6G43p/Sz79PVTwnkNXCSS1Vat8QUxRNs3elzkpSrlULyZqRZRp8WWs6K2DADqbbC39RRjrrdtiNybdeY3JQsiDEnPW3ln2/F8H5+nxZSgkoAWEAPJGoX7a3TFtrapnsCHJYxUYpxeVyiX2CxTAviUupOvgcogTXcbqFVf2LwKYy5xPCj992huGVCyzb9ilNsfwOC39RRjrrdtiNybdeY3JQsiDEnPW3ln2/F8H5+nxZSgkoAWEAAAAAAAAAAAAAAAAAAAAAAAAAAAAAAAAAAAAAAAAAAAAAAAAAAAAAAAAAAAAAAAAAAAAAAAAAAAAAAAAAAAAAAAAAAAAAAAAAAAAAAAAAAAAAAAAAAAAAAAAAAAAAAAAA"
      },
      null,
      {
        "sequenceNumber": 0,
        "digest": "3y1VCjdmikgugkHRmwgt9NdfknG12ciDT5SVCTC3KpdN",
        "summaryBcs": "AAAAAAAAAAAAAAAAAAAAAAEAAAAAAAAAIEwcypLsCuKWSKJGrpURglZr2PFgFISmd1AtJt5fWP96AAAAAAAAAAAAAAAAAAAAAAAAAAAAAAAAAAAAAAAAAAAAAAAAAAAAAAAAAAIAAA==",
        "contentBcs": "AAEgQCpCDV40h442LNNPVpQKQd+Lma6e4KWPeaHwsnNfJjsgliotakpgIxXmxuPMHBv4QcsFBgKPRMm9uiBwSoUZzj0BAA=="
      },
      null
    ]
  }
}
